prepare	Set up job	ï»¿2026-02-08T00:33:22.9000986Z Current runner version: '2.331.0'
prepare	Set up job	2026-02-08T00:33:22.9025787Z ##[group]Runner Image Provisioner
prepare	Set up job	2026-02-08T00:33:22.9026660Z Hosted Compute Agent
prepare	Set up job	2026-02-08T00:33:22.9027176Z Version: 20260123.484
prepare	Set up job	2026-02-08T00:33:22.9027683Z Commit: 6bd6555ca37d84114959e1c76d2c01448ff61c5d
prepare	Set up job	2026-02-08T00:33:22.9028344Z Build Date: 2026-01-23T19:41:17Z
prepare	Set up job	2026-02-08T00:33:22.9028911Z Worker ID: {b1359ee5-f164-4598-a73e-d7ce2accf868}
prepare	Set up job	2026-02-08T00:33:22.9029542Z Azure Region: northcentralus
prepare	Set up job	2026-02-08T00:33:22.9030063Z ##[endgroup]
prepare	Set up job	2026-02-08T00:33:22.9031592Z ##[group]Operating System
prepare	Set up job	2026-02-08T00:33:22.9032108Z Ubuntu
prepare	Set up job	2026-02-08T00:33:22.9032565Z 24.04.3
prepare	Set up job	2026-02-08T00:33:22.9032978Z LTS
prepare	Set up job	2026-02-08T00:33:22.9033386Z ##[endgroup]
prepare	Set up job	2026-02-08T00:33:22.9033851Z ##[group]Runner Image
prepare	Set up job	2026-02-08T00:33:22.9034313Z Image: ubuntu-24.04
prepare	Set up job	2026-02-08T00:33:22.9034773Z Version: 20260201.15.1
prepare	Set up job	2026-02-08T00:33:22.9035788Z Included Software: https://github.com/actions/runner-images/blob/ubuntu24/20260201.15/images/ubuntu/Ubuntu2404-Readme.md
prepare	Set up job	2026-02-08T00:33:22.9037258Z Image Release: https://github.com/actions/runner-images/releases/tag/ubuntu24%2F20260201.15
prepare	Set up job	2026-02-08T00:33:22.9038060Z ##[endgroup]
prepare	Set up job	2026-02-08T00:33:22.9038935Z ##[group]GITHUB_TOKEN Permissions
prepare	Set up job	2026-02-08T00:33:22.9040984Z Contents: write
prepare	Set up job	2026-02-08T00:33:22.9041471Z Metadata: read
prepare	Set up job	2026-02-08T00:33:22.9041919Z ##[endgroup]
prepare	Set up job	2026-02-08T00:33:22.9043839Z Secret source: Actions
prepare	Set up job	2026-02-08T00:33:22.9044537Z Prepare workflow directory
prepare	Set up job	2026-02-08T00:33:22.9364494Z Prepare all required actions
prepare	Set up job	2026-02-08T00:33:22.9403887Z Getting action download info
prepare	Set up job	2026-02-08T00:33:23.3096204Z Download action repository 'actions/checkout@v4' (SHA:34e114876b0b11c390a56381ad16ebd13914f8d5)
prepare	Set up job	2026-02-08T00:33:23.3998161Z Download action repository 'actions/upload-artifact@v4' (SHA:ea165f8d65b6e75b540449e92b4886f43607fa02)
prepare	Set up job	2026-02-08T00:33:23.5716453Z Complete job name: prepare
prepare	Checkout Code	ï»¿2026-02-08T00:33:23.6317290Z ##[group]Run actions/checkout@v4
prepare	Checkout Code	2026-02-08T00:33:23.6318122Z with:
prepare	Checkout Code	2026-02-08T00:33:23.6318670Z   repository: relativityE/speaksharp
prepare	Checkout Code	2026-02-08T00:33:23.6319396Z   token: ***
prepare	Checkout Code	2026-02-08T00:33:23.6319791Z   ssh-strict: true
prepare	Checkout Code	2026-02-08T00:33:23.6320274Z   ssh-user: git
prepare	Checkout Code	2026-02-08T00:33:23.6320725Z   persist-credentials: true
prepare	Checkout Code	2026-02-08T00:33:23.6321166Z   clean: true
prepare	Checkout Code	2026-02-08T00:33:23.6321613Z   sparse-checkout-cone-mode: true
prepare	Checkout Code	2026-02-08T00:33:23.6322114Z   fetch-depth: 1
prepare	Checkout Code	2026-02-08T00:33:23.6322505Z   fetch-tags: false
prepare	Checkout Code	2026-02-08T00:33:23.6322976Z   show-progress: true
prepare	Checkout Code	2026-02-08T00:33:23.6323384Z   lfs: false
prepare	Checkout Code	2026-02-08T00:33:23.6323799Z   submodules: false
prepare	Checkout Code	2026-02-08T00:33:23.6324230Z   set-safe-directory: true
prepare	Checkout Code	2026-02-08T00:33:23.6324926Z ##[endgroup]
prepare	Checkout Code	2026-02-08T00:33:23.7350817Z Syncing repository: relativityE/speaksharp
prepare	Checkout Code	2026-02-08T00:33:23.7352613Z ##[group]Getting Git version info
prepare	Checkout Code	2026-02-08T00:33:23.7353358Z Working directory is '/home/runner/work/speaksharp/speaksharp'
prepare	Checkout Code	2026-02-08T00:33:23.7354398Z [command]/usr/bin/git version
prepare	Checkout Code	2026-02-08T00:33:23.7407314Z git version 2.52.0
prepare	Checkout Code	2026-02-08T00:33:23.7429864Z ##[endgroup]
prepare	Checkout Code	2026-02-08T00:33:23.7450321Z Temporarily overriding HOME='/home/runner/work/_temp/e1e4f4d1-2d03-499e-83d0-2d82abe8cccf' before making global git config changes
prepare	Checkout Code	2026-02-08T00:33:23.7451690Z Adding repository directory to the temporary git global config as a safe directory
prepare	Checkout Code	2026-02-08T00:33:23.7454996Z [command]/usr/bin/git config --global --add safe.directory /home/runner/work/speaksharp/speaksharp
prepare	Checkout Code	2026-02-08T00:33:23.7491197Z Deleting the contents of '/home/runner/work/speaksharp/speaksharp'
prepare	Checkout Code	2026-02-08T00:33:23.7494584Z ##[group]Initializing the repository
prepare	Checkout Code	2026-02-08T00:33:23.7499265Z [command]/usr/bin/git init /home/runner/work/speaksharp/speaksharp
prepare	Checkout Code	2026-02-08T00:33:23.7589374Z hint: Using 'master' as the name for the initial branch. This default branch name
prepare	Checkout Code	2026-02-08T00:33:23.7591052Z hint: will change to "main" in Git 3.0. To configure the initial branch name
prepare	Checkout Code	2026-02-08T00:33:23.7592612Z hint: to use in all of your new repositories, which will suppress this warning,
prepare	Checkout Code	2026-02-08T00:33:23.7593993Z hint: call:
prepare	Checkout Code	2026-02-08T00:33:23.7594419Z hint:
prepare	Checkout Code	2026-02-08T00:33:23.7595424Z hint: 	git config --global init.defaultBranch <name>
prepare	Checkout Code	2026-02-08T00:33:23.7596217Z hint:
prepare	Checkout Code	2026-02-08T00:33:23.7596811Z hint: Names commonly chosen instead of 'master' are 'main', 'trunk' and
prepare	Checkout Code	2026-02-08T00:33:23.7597612Z hint: 'development'. The just-created branch can be renamed via this command:
prepare	Checkout Code	2026-02-08T00:33:23.7598400Z hint:
prepare	Checkout Code	2026-02-08T00:33:23.7599005Z hint: 	git branch -m <name>
prepare	Checkout Code	2026-02-08T00:33:23.7599549Z hint:
prepare	Checkout Code	2026-02-08T00:33:23.7600168Z hint: Disable this message with "git config set advice.defaultBranchName false"
prepare	Checkout Code	2026-02-08T00:33:23.7601166Z Initialized empty Git repository in /home/runner/work/speaksharp/speaksharp/.git/
prepare	Checkout Code	2026-02-08T00:33:23.7604999Z [command]/usr/bin/git remote add origin https://github.com/relativityE/speaksharp
prepare	Checkout Code	2026-02-08T00:33:23.7634866Z ##[endgroup]
prepare	Checkout Code	2026-02-08T00:33:23.7635812Z ##[group]Disabling automatic garbage collection
prepare	Checkout Code	2026-02-08T00:33:23.7638516Z [command]/usr/bin/git config --local gc.auto 0
prepare	Checkout Code	2026-02-08T00:33:23.7661803Z ##[endgroup]
prepare	Checkout Code	2026-02-08T00:33:23.7662569Z ##[group]Setting up auth
prepare	Checkout Code	2026-02-08T00:33:23.7668112Z [command]/usr/bin/git config --local --name-only --get-regexp core\.sshCommand
prepare	Checkout Code	2026-02-08T00:33:23.7693765Z [command]/usr/bin/git submodule foreach --recursive sh -c "git config --local --name-only --get-regexp 'core\.sshCommand' && git config --local --unset-all 'core.sshCommand' || :"
prepare	Checkout Code	2026-02-08T00:33:23.7976781Z [command]/usr/bin/git config --local --name-only --get-regexp http\.https\:\/\/github\.com\/\.extraheader
prepare	Checkout Code	2026-02-08T00:33:23.8002043Z [command]/usr/bin/git submodule foreach --recursive sh -c "git config --local --name-only --get-regexp 'http\.https\:\/\/github\.com\/\.extraheader' && git config --local --unset-all 'http.https://github.com/.extraheader' || :"
prepare	Checkout Code	2026-02-08T00:33:23.8172897Z [command]/usr/bin/git config --local --name-only --get-regexp ^includeIf\.gitdir:
prepare	Checkout Code	2026-02-08T00:33:23.8202272Z [command]/usr/bin/git submodule foreach --recursive git config --local --show-origin --name-only --get-regexp remote.origin.url
prepare	Checkout Code	2026-02-08T00:33:23.8376267Z [command]/usr/bin/git config --local http.https://github.com/.extraheader AUTHORIZATION: basic ***
prepare	Checkout Code	2026-02-08T00:33:23.8404114Z ##[endgroup]
prepare	Checkout Code	2026-02-08T00:33:23.8405556Z ##[group]Fetching the repository
prepare	Checkout Code	2026-02-08T00:33:23.8413540Z [command]/usr/bin/git -c protocol.version=2 fetch --no-tags --prune --no-recurse-submodules --depth=1 origin +d3caba9490b7a5ec783ef102c27de1afa3a3f8b7:refs/remotes/origin/main
prepare	Checkout Code	2026-02-08T00:33:25.1325368Z From https://github.com/relativityE/speaksharp
prepare	Checkout Code	2026-02-08T00:33:25.1328512Z  * [new ref]         d3caba9490b7a5ec783ef102c27de1afa3a3f8b7 -> origin/main
prepare	Checkout Code	2026-02-08T00:33:25.1355846Z ##[endgroup]
prepare	Checkout Code	2026-02-08T00:33:25.1357068Z ##[group]Determining the checkout info
prepare	Checkout Code	2026-02-08T00:33:25.1358431Z ##[endgroup]
prepare	Checkout Code	2026-02-08T00:33:25.1362789Z [command]/usr/bin/git sparse-checkout disable
prepare	Checkout Code	2026-02-08T00:33:25.1400154Z [command]/usr/bin/git config --local --unset-all extensions.worktreeConfig
prepare	Checkout Code	2026-02-08T00:33:25.1423746Z ##[group]Checking out the ref
prepare	Checkout Code	2026-02-08T00:33:25.1427662Z [command]/usr/bin/git checkout --progress --force -B main refs/remotes/origin/main
prepare	Checkout Code	2026-02-08T00:33:25.4733801Z Switched to a new branch 'main'
prepare	Checkout Code	2026-02-08T00:33:25.4735398Z branch 'main' set up to track 'origin/main'.
prepare	Checkout Code	2026-02-08T00:33:25.4749293Z ##[endgroup]
prepare	Checkout Code	2026-02-08T00:33:25.4783137Z [command]/usr/bin/git log -1 --format=%H
prepare	Checkout Code	2026-02-08T00:33:25.4802657Z d3caba9490b7a5ec783ef102c27de1afa3a3f8b7
prepare	Setup Environment	ï»¿2026-02-08T00:33:25.5166644Z Prepare all required actions
prepare	Setup Environment	2026-02-08T00:33:25.5168084Z Getting action download info
prepare	Setup Environment	2026-02-08T00:33:25.9511033Z Download action repository 'pnpm/action-setup@v4' (SHA:41ff72655975bd51cab0327fa583b6e92b6d3061)
prepare	Setup Environment	2026-02-08T00:33:26.4021758Z Download action repository 'actions/setup-node@v4' (SHA:49933ea5288caeca8642d1e84afbd3f7d6820020)
prepare	Setup Environment	2026-02-08T00:33:26.4726034Z Download action repository 'actions/cache@v4' (SHA:0057852bfaa89a56745cba8c7296529d2fc39830)
prepare	Setup Environment	2026-02-08T00:33:26.5882165Z ##[group]Run ./.github/actions/setup-environment
prepare	Setup Environment	2026-02-08T00:33:26.5882706Z with:
prepare	Setup Environment	2026-02-08T00:33:26.5882946Z   install-playwright: true
prepare	Setup Environment	2026-02-08T00:33:26.5883207Z ##[endgroup]
prepare	Setup Environment	2026-02-08T00:33:26.5980812Z ##[group]Run pnpm/action-setup@v4
prepare	Setup Environment	2026-02-08T00:33:26.5981134Z with:
prepare	Setup Environment	2026-02-08T00:33:26.5981349Z   dest: ~/setup-pnpm
prepare	Setup Environment	2026-02-08T00:33:26.5981583Z   run_install: null
prepare	Setup Environment	2026-02-08T00:33:26.5981815Z   package_json_file: package.json
prepare	Setup Environment	2026-02-08T00:33:26.5982082Z   standalone: false
prepare	Setup Environment	2026-02-08T00:33:26.5982324Z ##[endgroup]
prepare	Setup Environment	2026-02-08T00:33:26.6571547Z ##[group]Running self-installer...
prepare	Setup Environment	2026-02-08T00:33:27.2802488Z Progress: resolved 1, reused 0, downloaded 0, added 0
prepare	Setup Environment	2026-02-08T00:33:27.5778683Z 
prepare	Setup Environment	2026-02-08T00:33:27.5779285Z dependencies:
prepare	Setup Environment	2026-02-08T00:33:27.5779747Z + pnpm 10.29.1
prepare	Setup Environment	2026-02-08T00:33:27.5779960Z 
prepare	Setup Environment	2026-02-08T00:33:27.5833767Z Packages: +1
prepare	Setup Environment	2026-02-08T00:33:27.5834145Z +
prepare	Setup Environment	2026-02-08T00:33:27.6311890Z Progress: resolved 1, reused 0, downloaded 1, added 1, done
prepare	Setup Environment	2026-02-08T00:33:27.6506684Z Done in 817ms
prepare	Setup Environment	2026-02-08T00:33:27.6610897Z ##[endgroup]
prepare	Setup Environment	2026-02-08T00:33:27.6613948Z Installation Completed!
prepare	Setup Environment	2026-02-08T00:33:27.6729965Z ##[group]Run actions/setup-node@v4
prepare	Setup Environment	2026-02-08T00:33:27.6730237Z with:
prepare	Setup Environment	2026-02-08T00:33:27.6730407Z   node-version: 22
prepare	Setup Environment	2026-02-08T00:33:27.6730592Z   cache: pnpm
prepare	Setup Environment	2026-02-08T00:33:27.6730762Z   always-auth: false
prepare	Setup Environment	2026-02-08T00:33:27.6730950Z   check-latest: false
prepare	Setup Environment	2026-02-08T00:33:27.6731265Z   token: ***
prepare	Setup Environment	2026-02-08T00:33:27.6731425Z env:
prepare	Setup Environment	2026-02-08T00:33:27.6731651Z   PNPM_HOME: /home/runner/setup-pnpm/node_modules/.bin
prepare	Setup Environment	2026-02-08T00:33:27.6731941Z ##[endgroup]
prepare	Setup Environment	2026-02-08T00:33:27.8417816Z Found in cache @ /opt/hostedtoolcache/node/22.22.0/x64
prepare	Setup Environment	2026-02-08T00:33:27.8423642Z ##[group]Environment details
prepare	Setup Environment	2026-02-08T00:33:28.1693780Z node: v22.22.0
prepare	Setup Environment	2026-02-08T00:33:28.1694399Z npm: 10.9.4
prepare	Setup Environment	2026-02-08T00:33:28.1694603Z yarn: 1.22.22
prepare	Setup Environment	2026-02-08T00:33:28.1695535Z ##[endgroup]
prepare	Setup Environment	2026-02-08T00:33:28.1722693Z [command]/home/runner/setup-pnpm/node_modules/.bin/pnpm store path --silent
prepare	Setup Environment	2026-02-08T00:33:28.5145654Z /home/runner/setup-pnpm/node_modules/.bin/store/v10
prepare	Setup Environment	2026-02-08T00:33:28.7127578Z pnpm cache is not found
prepare	Setup Environment	2026-02-08T00:33:28.7223982Z ##[group]Run echo "STORE_PATH=$(pnpm store path --silent)" >> $GITHUB_ENV
prepare	Setup Environment	2026-02-08T00:33:28.7224612Z [36;1mecho "STORE_PATH=$(pnpm store path --silent)" >> $GITHUB_ENV[0m
prepare	Setup Environment	2026-02-08T00:33:28.7258580Z shell: /usr/bin/bash --noprofile --norc -e -o pipefail {0}
prepare	Setup Environment	2026-02-08T00:33:28.7258924Z env:
prepare	Setup Environment	2026-02-08T00:33:28.7259151Z   PNPM_HOME: /home/runner/setup-pnpm/node_modules/.bin
prepare	Setup Environment	2026-02-08T00:33:28.7259460Z ##[endgroup]
prepare	Setup Environment	2026-02-08T00:33:29.0892374Z ##[group]Run actions/cache@v4
prepare	Setup Environment	2026-02-08T00:33:29.0892616Z with:
prepare	Setup Environment	2026-02-08T00:33:29.0892854Z   path: /home/runner/setup-pnpm/node_modules/.bin/store/v10
prepare	Setup Environment	2026-02-08T00:33:29.0893331Z   key: Linux-pnpm-store-b5100f7afd2075708d14fc8529bc10292e35b624ff772eba8adf6fdfc4237b3c
prepare	Setup Environment	2026-02-08T00:33:29.0893767Z   restore-keys: Linux-pnpm-store-
prepare	Setup Environment	
prepare	Setup Environment	2026-02-08T00:33:29.0894012Z   enableCrossOsArchive: false
prepare	Setup Environment	2026-02-08T00:33:29.0894230Z   fail-on-cache-miss: false
prepare	Setup Environment	2026-02-08T00:33:29.0894459Z   lookup-only: false
prepare	Setup Environment	2026-02-08T00:33:29.0894639Z   save-always: false
prepare	Setup Environment	2026-02-08T00:33:29.0894811Z env:
prepare	Setup Environment	2026-02-08T00:33:29.0895278Z   PNPM_HOME: /home/runner/setup-pnpm/node_modules/.bin
prepare	Setup Environment	2026-02-08T00:33:29.0895812Z   STORE_PATH: /home/runner/setup-pnpm/node_modules/.bin/store/v10
prepare	Setup Environment	2026-02-08T00:33:29.0896102Z ##[endgroup]
prepare	Setup Environment	2026-02-08T00:33:29.3316293Z Cache hit for restore-key: Linux-pnpm-store-96823d5f54aac056f8f8306952d98a8402985cbd469fe816df5e9a0939c4ff39
prepare	Setup Environment	2026-02-08T00:33:30.4748026Z Received 134217728 of 248185359 (54.1%), 124.0 MBs/sec
prepare	Setup Environment	2026-02-08T00:33:30.9965906Z Received 248185359 of 248185359 (100.0%), 152.3 MBs/sec
prepare	Setup Environment	2026-02-08T00:33:30.9968821Z Cache Size: ~237 MB (248185359 B)
prepare	Setup Environment	2026-02-08T00:33:31.0009966Z [command]/usr/bin/tar -xf /home/runner/work/_temp/cf0948e0-1da6-4709-a5d8-3ca33a5550d2/cache.tzst -P -C /home/runner/work/speaksharp/speaksharp --use-compress-program unzstd
prepare	Setup Environment	2026-02-08T00:33:32.9046820Z Cache restored successfully
prepare	Setup Environment	2026-02-08T00:33:32.9423958Z Cache restored from key: Linux-pnpm-store-96823d5f54aac056f8f8306952d98a8402985cbd469fe816df5e9a0939c4ff39
prepare	Setup Environment	2026-02-08T00:33:32.9510235Z ##[group]Run sudo apt-get update
prepare	Setup Environment	2026-02-08T00:33:32.9510595Z [36;1msudo apt-get update[0m
prepare	Setup Environment	2026-02-08T00:33:32.9511175Z [36;1msudo apt-get install -y build-essential libcairo2-dev libpango1.0-dev libjpeg-dev libgif-dev librsvg2-dev[0m
prepare	Setup Environment	2026-02-08T00:33:32.9531192Z shell: /usr/bin/bash --noprofile --norc -e -o pipefail {0}
prepare	Setup Environment	2026-02-08T00:33:32.9531519Z env:
prepare	Setup Environment	2026-02-08T00:33:32.9531778Z   PNPM_HOME: /home/runner/setup-pnpm/node_modules/.bin
prepare	Setup Environment	2026-02-08T00:33:32.9532134Z   STORE_PATH: /home/runner/setup-pnpm/node_modules/.bin/store/v10
prepare	Setup Environment	2026-02-08T00:33:32.9532433Z ##[endgroup]
prepare	Setup Environment	2026-02-08T00:33:33.0136347Z Get:1 file:/etc/apt/apt-mirrors.txt Mirrorlist [144 B]
prepare	Setup Environment	2026-02-08T00:33:33.0435412Z Get:6 https://packages.microsoft.com/repos/azure-cli noble InRelease [3564 B]
prepare	Setup Environment	2026-02-08T00:33:33.0517981Z Hit:2 http://azure.archive.ubuntu.com/ubuntu noble InRelease
prepare	Setup Environment	2026-02-08T00:33:33.0524046Z Get:7 https://packages.microsoft.com/ubuntu/24.04/prod noble InRelease [3600 B]
prepare	Setup Environment	2026-02-08T00:33:33.0535282Z Get:3 http://azure.archive.ubuntu.com/ubuntu noble-updates InRelease [126 kB]
prepare	Setup Environment	2026-02-08T00:33:33.0562023Z Get:4 http://azure.archive.ubuntu.com/ubuntu noble-backports InRelease [126 kB]
prepare	Setup Environment	2026-02-08T00:33:33.0598412Z Get:5 http://azure.archive.ubuntu.com/ubuntu noble-security InRelease [126 kB]
prepare	Setup Environment	2026-02-08T00:33:33.0961275Z Get:8 https://packages.microsoft.com/repos/azure-cli noble/main amd64 Packages [2163 B]
prepare	Setup Environment	2026-02-08T00:33:33.1840816Z Get:9 https://packages.microsoft.com/ubuntu/24.04/prod noble/main arm64 Packages [68.7 kB]
prepare	Setup Environment	2026-02-08T00:33:33.1877189Z Get:10 https://packages.microsoft.com/ubuntu/24.04/prod noble/main amd64 Packages [89.3 kB]
prepare	Setup Environment	2026-02-08T00:33:33.2297378Z Get:11 http://azure.archive.ubuntu.com/ubuntu noble-updates/main amd64 Packages [1739 kB]
prepare	Setup Environment	2026-02-08T00:33:33.2397531Z Get:12 http://azure.archive.ubuntu.com/ubuntu noble-updates/main Translation-en [324 kB]
prepare	Setup Environment	2026-02-08T00:33:33.2420982Z Get:13 http://azure.archive.ubuntu.com/ubuntu noble-updates/main amd64 Components [175 kB]
prepare	Setup Environment	2026-02-08T00:33:33.2444162Z Get:14 http://azure.archive.ubuntu.com/ubuntu noble-updates/main amd64 c-n-f Metadata [16.5 kB]
prepare	Setup Environment	2026-02-08T00:33:33.2487499Z Get:15 http://azure.archive.ubuntu.com/ubuntu noble-updates/universe amd64 Packages [1528 kB]
prepare	Setup Environment	2026-02-08T00:33:33.2553824Z Get:16 http://azure.archive.ubuntu.com/ubuntu noble-updates/universe Translation-en [313 kB]
prepare	Setup Environment	2026-02-08T00:33:33.2588476Z Get:17 http://azure.archive.ubuntu.com/ubuntu noble-updates/universe amd64 Components [386 kB]
prepare	Setup Environment	2026-02-08T00:33:33.2609390Z Get:18 http://azure.archive.ubuntu.com/ubuntu noble-updates/universe amd64 c-n-f Metadata [31.9 kB]
prepare	Setup Environment	2026-02-08T00:33:33.2628587Z Get:19 http://azure.archive.ubuntu.com/ubuntu noble-updates/restricted amd64 Packages [2582 kB]
prepare	Setup Environment	2026-02-08T00:33:33.2755597Z Get:20 http://azure.archive.ubuntu.com/ubuntu noble-updates/restricted Translation-en [591 kB]
prepare	Setup Environment	2026-02-08T00:33:33.3246439Z Get:21 http://azure.archive.ubuntu.com/ubuntu noble-updates/restricted amd64 Components [212 B]
prepare	Setup Environment	2026-02-08T00:33:33.3285775Z Get:22 http://azure.archive.ubuntu.com/ubuntu noble-updates/multiverse amd64 Packages [32.1 kB]
prepare	Setup Environment	2026-02-08T00:33:33.3287913Z Get:23 http://azure.archive.ubuntu.com/ubuntu noble-updates/multiverse amd64 Components [940 B]
prepare	Setup Environment	2026-02-08T00:33:33.3295838Z Get:24 http://azure.archive.ubuntu.com/ubuntu noble-backports/main amd64 Components [7312 B]
prepare	Setup Environment	2026-02-08T00:33:33.3303080Z Get:25 http://azure.archive.ubuntu.com/ubuntu noble-backports/universe amd64 Components [10.5 kB]
prepare	Setup Environment	2026-02-08T00:33:33.3311480Z Get:26 http://azure.archive.ubuntu.com/ubuntu noble-backports/restricted amd64 Components [216 B]
prepare	Setup Environment	2026-02-08T00:33:33.3319469Z Get:27 http://azure.archive.ubuntu.com/ubuntu noble-backports/multiverse amd64 Components [212 B]
prepare	Setup Environment	2026-02-08T00:33:33.3329557Z Get:28 http://azure.archive.ubuntu.com/ubuntu noble-security/main amd64 Packages [1431 kB]
prepare	Setup Environment	2026-02-08T00:33:33.3408637Z Get:29 http://azure.archive.ubuntu.com/ubuntu noble-security/main Translation-en [232 kB]
prepare	Setup Environment	2026-02-08T00:33:33.3426615Z Get:30 http://azure.archive.ubuntu.com/ubuntu noble-security/main amd64 Components [21.6 kB]
prepare	Setup Environment	2026-02-08T00:33:33.3434041Z Get:31 http://azure.archive.ubuntu.com/ubuntu noble-security/main amd64 c-n-f Metadata [9888 B]
prepare	Setup Environment	2026-02-08T00:33:33.3441974Z Get:32 http://azure.archive.ubuntu.com/ubuntu noble-security/universe amd64 Packages [929 kB]
prepare	Setup Environment	2026-02-08T00:33:33.3493691Z Get:33 http://azure.archive.ubuntu.com/ubuntu noble-security/universe Translation-en [212 kB]
prepare	Setup Environment	2026-02-08T00:33:33.3511737Z Get:34 http://azure.archive.ubuntu.com/ubuntu noble-security/universe amd64 Components [74.2 kB]
prepare	Setup Environment	2026-02-08T00:33:33.3967215Z Get:35 http://azure.archive.ubuntu.com/ubuntu noble-security/universe amd64 c-n-f Metadata [19.9 kB]
prepare	Setup Environment	2026-02-08T00:33:33.3982156Z Get:36 http://azure.archive.ubuntu.com/ubuntu noble-security/restricted amd64 Packages [2411 kB]
prepare	Setup Environment	2026-02-08T00:33:33.4087217Z Get:37 http://azure.archive.ubuntu.com/ubuntu noble-security/restricted Translation-en [553 kB]
prepare	Setup Environment	2026-02-08T00:33:33.4116300Z Get:38 http://azure.archive.ubuntu.com/ubuntu noble-security/restricted amd64 Components [212 B]
prepare	Setup Environment	2026-02-08T00:33:33.4123561Z Get:39 http://azure.archive.ubuntu.com/ubuntu noble-security/multiverse amd64 Components [212 B]
prepare	Setup Environment	2026-02-08T00:33:42.5632805Z Fetched 14.2 MB in 2s (8536 kB/s)
prepare	Setup Environment	2026-02-08T00:33:43.4818283Z Reading package lists...
prepare	Setup Environment	2026-02-08T00:33:43.5155840Z Reading package lists...
prepare	Setup Environment	2026-02-08T00:33:43.7068895Z Building dependency tree...
prepare	Setup Environment	2026-02-08T00:33:43.7075899Z Reading state information...
prepare	Setup Environment	2026-02-08T00:33:43.8962753Z The following additional packages will be installed:
prepare	Setup Environment	2026-02-08T00:33:43.8963866Z   bsdextrautils bsdutils bzip2-doc eject fdisk gir1.2-freedesktop
prepare	Setup Environment	2026-02-08T00:33:43.8964838Z   gir1.2-freedesktop-dev gir1.2-gdkpixbuf-2.0 gir1.2-girepository-2.0-dev
prepare	Setup Environment	2026-02-08T00:33:43.8966100Z   gir1.2-glib-2.0 gir1.2-glib-2.0-dev gir1.2-harfbuzz-0.0 gir1.2-pango-1.0
prepare	Setup Environment	2026-02-08T00:33:43.8967161Z   gir1.2-rsvg-2.0 gobject-introspection gobject-introspection-bin libblkid-dev
prepare	Setup Environment	2026-02-08T00:33:43.8968208Z   libblkid1 libbrotli-dev libbz2-dev libcairo-script-interpreter2
prepare	Setup Environment	2026-02-08T00:33:43.8969118Z   libdatrie-dev libdeflate-dev libfdisk1 libfontconfig-dev libfreetype-dev
prepare	Setup Environment	2026-02-08T00:33:43.8969998Z   libfribidi-dev libgdk-pixbuf-2.0-dev libgdk-pixbuf2.0-bin libgif7
prepare	Setup Environment	2026-02-08T00:33:43.8970896Z   libgirepository-1.0-dev libgirepository-2.0-0 libgirepository1.0-dev
prepare	Setup Environment	2026-02-08T00:33:43.8971848Z   libglib2.0-0t64 libglib2.0-bin libglib2.0-data libglib2.0-dev
prepare	Setup Environment	2026-02-08T00:33:43.8972840Z   libglib2.0-dev-bin libgraphite2-dev libharfbuzz-cairo0 libharfbuzz-dev
prepare	Setup Environment	2026-02-08T00:33:43.8973854Z   libharfbuzz-gobject0 libharfbuzz-icu0 libharfbuzz-subset0 libice-dev
prepare	Setup Environment	2026-02-08T00:33:43.8974831Z   libjbig-dev libjpeg-turbo8-dev libjpeg8-dev liblerc-dev liblzma-dev
prepare	Setup Environment	2026-02-08T00:33:43.8976098Z   libmount-dev libmount1 libpangoxft-1.0-0 libpixman-1-dev libpng-dev
prepare	Setup Environment	2026-02-08T00:33:43.8977258Z   libpng-tools libpng16-16t64 libpthread-stubs0-dev librsvg2-2 librsvg2-common
prepare	Setup Environment	2026-02-08T00:33:43.8978431Z   libselinux1-dev libsepol-dev libsharpyuv-dev libsm-dev libsmartcols1
prepare	Setup Environment	2026-02-08T00:33:43.8979512Z   libthai-dev libtiff-dev libtiffxx6 libuuid1 libwebp-dev libwebpdecoder3
prepare	Setup Environment	2026-02-08T00:33:43.8980566Z   libx11-dev libxau-dev libxcb-render0-dev libxcb-shm0-dev libxcb1-dev
prepare	Setup Environment	2026-02-08T00:33:43.8981679Z   libxdmcp-dev libxext-dev libxft-dev libxrender-dev mount pango1.0-tools
prepare	Setup Environment	2026-02-08T00:33:43.8982744Z   python3-mako python3-markdown util-linux uuid-dev uuid-runtime
prepare	Setup Environment	2026-02-08T00:33:43.8984129Z   x11proto-core-dev x11proto-dev xorg-sgml-doctools xtrans-dev
prepare	Setup Environment	2026-02-08T00:33:43.8988495Z Suggested packages:
prepare	Setup Environment	2026-02-08T00:33:43.8989269Z   libcairo2-doc libdatrie-doc freetype2-doc libgirepository1.0-doc
prepare	Setup Environment	2026-02-08T00:33:43.8990326Z   low-memory-monitor libglib2.0-doc libxml2-utils libgraphite2-utils
prepare	Setup Environment	2026-02-08T00:33:43.8991383Z   libice-doc liblzma-doc libpango1.0-doc librsvg2-bin librsvg2-doc libsm-doc
prepare	Setup Environment	2026-02-08T00:33:43.8992379Z   libthai-doc libx11-doc libxcb-doc libxext-doc nfs-common graphicsmagick
prepare	Setup Environment	2026-02-08T00:33:43.8993712Z   python-mako-doc python3-beaker python-markdown-doc util-linux-extra
prepare	Setup Environment	2026-02-08T00:33:43.8994412Z   util-linux-locales
prepare	Setup Environment	2026-02-08T00:33:43.9378326Z The following NEW packages will be installed:
prepare	Setup Environment	2026-02-08T00:33:43.9380741Z   build-essential bzip2-doc gir1.2-freedesktop gir1.2-freedesktop-dev
prepare	Setup Environment	2026-02-08T00:33:43.9381545Z   gir1.2-gdkpixbuf-2.0 gir1.2-girepository-2.0-dev gir1.2-glib-2.0-dev
prepare	Setup Environment	2026-02-08T00:33:43.9382302Z   gir1.2-harfbuzz-0.0 gir1.2-pango-1.0 gir1.2-rsvg-2.0 gobject-introspection
prepare	Setup Environment	2026-02-08T00:33:43.9383030Z   gobject-introspection-bin libblkid-dev libbrotli-dev libbz2-dev
prepare	Setup Environment	2026-02-08T00:33:43.9383740Z   libcairo-script-interpreter2 libcairo2-dev libdatrie-dev libdeflate-dev
prepare	Setup Environment	2026-02-08T00:33:43.9384454Z   libfontconfig-dev libfreetype-dev libfribidi-dev libgdk-pixbuf-2.0-dev
prepare	Setup Environment	2026-02-08T00:33:43.9385282Z   libgdk-pixbuf2.0-bin libgif-dev libgif7 libgirepository-1.0-dev
prepare	Setup Environment	2026-02-08T00:33:43.9385984Z   libgirepository-2.0-0 libgirepository1.0-dev libglib2.0-dev
prepare	Setup Environment	2026-02-08T00:33:43.9386784Z   libglib2.0-dev-bin libgraphite2-dev libharfbuzz-cairo0 libharfbuzz-dev
prepare	Setup Environment	2026-02-08T00:33:43.9387562Z   libharfbuzz-gobject0 libharfbuzz-icu0 libharfbuzz-subset0 libice-dev
prepare	Setup Environment	2026-02-08T00:33:43.9388287Z   libjbig-dev libjpeg-dev libjpeg-turbo8-dev libjpeg8-dev liblerc-dev
prepare	Setup Environment	2026-02-08T00:33:43.9389023Z   liblzma-dev libmount-dev libpango1.0-dev libpangoxft-1.0-0 libpixman-1-dev
prepare	Setup Environment	2026-02-08T00:33:43.9389731Z   libpng-dev libpng-tools libpthread-stubs0-dev librsvg2-2 librsvg2-common
prepare	Setup Environment	2026-02-08T00:33:43.9390425Z   librsvg2-dev libselinux1-dev libsepol-dev libsharpyuv-dev libsm-dev
prepare	Setup Environment	2026-02-08T00:33:43.9391129Z   libthai-dev libtiff-dev libtiffxx6 libwebp-dev libwebpdecoder3 libx11-dev
prepare	Setup Environment	2026-02-08T00:33:43.9391895Z   libxau-dev libxcb-render0-dev libxcb-shm0-dev libxcb1-dev libxdmcp-dev
prepare	Setup Environment	2026-02-08T00:33:43.9396257Z   libxext-dev libxft-dev libxrender-dev pango1.0-tools python3-mako
prepare	Setup Environment	2026-02-08T00:33:43.9398759Z   python3-markdown uuid-dev x11proto-core-dev x11proto-dev xorg-sgml-doctools
prepare	Setup Environment	2026-02-08T00:33:43.9399380Z   xtrans-dev
prepare	Setup Environment	2026-02-08T00:33:43.9404399Z The following packages will be upgraded:
prepare	Setup Environment	2026-02-08T00:33:43.9407549Z   bsdextrautils bsdutils eject fdisk gir1.2-glib-2.0 libblkid1 libfdisk1
prepare	Setup Environment	2026-02-08T00:33:43.9411301Z   libglib2.0-0t64 libglib2.0-bin libglib2.0-data libmount1 libpng16-16t64
prepare	Setup Environment	2026-02-08T00:33:43.9415752Z   libsmartcols1 libuuid1 mount util-linux uuid-runtime
prepare	Setup Environment	2026-02-08T00:33:43.9582829Z 17 upgraded, 80 newly installed, 0 to remove and 85 not upgraded.
prepare	Setup Environment	2026-02-08T00:33:43.9583380Z Need to get 17.6 MB of archives.
prepare	Setup Environment	2026-02-08T00:33:43.9584041Z After this operation, 65.0 MB of additional disk space will be used.
prepare	Setup Environment	2026-02-08T00:33:43.9584758Z Get:1 file:/etc/apt/apt-mirrors.txt Mirrorlist [144 B]
prepare	Setup Environment	2026-02-08T00:33:43.9984098Z Get:2 http://azure.archive.ubuntu.com/ubuntu noble-updates/main amd64 bsdutils amd64 1:2.39.3-9ubuntu6.4 [95.6 kB]
prepare	Setup Environment	2026-02-08T00:33:44.0437339Z Get:3 http://azure.archive.ubuntu.com/ubuntu noble-updates/main amd64 util-linux amd64 2.39.3-9ubuntu6.4 [1128 kB]
prepare	Setup Environment	2026-02-08T00:33:44.2096053Z Get:4 http://azure.archive.ubuntu.com/ubuntu noble-updates/main amd64 mount amd64 2.39.3-9ubuntu6.4 [118 kB]
prepare	Setup Environment	2026-02-08T00:33:44.2333289Z Get:5 http://azure.archive.ubuntu.com/ubuntu noble-updates/main amd64 libsmartcols1 amd64 2.39.3-9ubuntu6.4 [65.6 kB]
prepare	Setup Environment	2026-02-08T00:33:44.2563744Z Get:6 http://azure.archive.ubuntu.com/ubuntu noble-updates/main amd64 libuuid1 amd64 2.39.3-9ubuntu6.4 [35.9 kB]
prepare	Setup Environment	2026-02-08T00:33:44.2849470Z Get:7 http://azure.archive.ubuntu.com/ubuntu noble-updates/main amd64 uuid-runtime amd64 2.39.3-9ubuntu6.4 [33.1 kB]
prepare	Setup Environment	2026-02-08T00:33:44.3074226Z Get:8 http://azure.archive.ubuntu.com/ubuntu noble-updates/main amd64 libblkid1 amd64 2.39.3-9ubuntu6.4 [123 kB]
prepare	Setup Environment	2026-02-08T00:33:44.3306044Z Get:9 http://azure.archive.ubuntu.com/ubuntu noble-updates/main amd64 libmount1 amd64 2.39.3-9ubuntu6.4 [134 kB]
prepare	Setup Environment	2026-02-08T00:33:44.3548421Z Get:10 http://azure.archive.ubuntu.com/ubuntu noble-updates/main amd64 eject amd64 2.39.3-9ubuntu6.4 [26.3 kB]
prepare	Setup Environment	2026-02-08T00:33:44.3771755Z Get:11 http://azure.archive.ubuntu.com/ubuntu noble-updates/main amd64 libglib2.0-data all 2.80.0-6ubuntu3.8 [49.6 kB]
prepare	Setup Environment	2026-02-08T00:33:44.3998383Z Get:12 http://azure.archive.ubuntu.com/ubuntu noble-updates/main amd64 libglib2.0-bin amd64 2.80.0-6ubuntu3.8 [97.9 kB]
prepare	Setup Environment	2026-02-08T00:33:44.4232034Z Get:13 http://azure.archive.ubuntu.com/ubuntu noble-updates/main amd64 gir1.2-glib-2.0 amd64 2.80.0-6ubuntu3.8 [183 kB]
prepare	Setup Environment	2026-02-08T00:33:44.4500460Z Get:14 http://azure.archive.ubuntu.com/ubuntu noble-updates/main amd64 libglib2.0-0t64 amd64 2.80.0-6ubuntu3.8 [1545 kB]
prepare	Setup Environment	2026-02-08T00:33:44.5061270Z Get:15 http://azure.archive.ubuntu.com/ubuntu noble-updates/main amd64 libfdisk1 amd64 2.39.3-9ubuntu6.4 [146 kB]
prepare	Setup Environment	2026-02-08T00:33:44.5332793Z Get:16 http://azure.archive.ubuntu.com/ubuntu noble-updates/main amd64 bsdextrautils amd64 2.39.3-9ubuntu6.4 [73.7 kB]
prepare	Setup Environment	2026-02-08T00:33:44.5557593Z Get:17 http://azure.archive.ubuntu.com/ubuntu noble-updates/main amd64 libpng16-16t64 amd64 1.6.43-5ubuntu0.4 [188 kB]
prepare	Setup Environment	2026-02-08T00:33:44.5808817Z Get:18 http://azure.archive.ubuntu.com/ubuntu noble/main amd64 build-essential amd64 12.10ubuntu1 [4928 B]
prepare	Setup Environment	2026-02-08T00:33:44.6026297Z Get:19 http://azure.archive.ubuntu.com/ubuntu noble-updates/main amd64 bzip2-doc all 1.0.8-5.1build0.1 [499 kB]
prepare	Setup Environment	2026-02-08T00:33:44.6992141Z Get:20 http://azure.archive.ubuntu.com/ubuntu noble-updates/main amd64 fdisk amd64 2.39.3-9ubuntu6.4 [122 kB]
prepare	Setup Environment	2026-02-08T00:33:44.8058543Z Get:21 http://azure.archive.ubuntu.com/ubuntu noble/main amd64 gir1.2-freedesktop amd64 1.80.1-1 [49.7 kB]
prepare	Setup Environment	2026-02-08T00:33:44.8282248Z Get:22 http://azure.archive.ubuntu.com/ubuntu noble-updates/main amd64 gir1.2-glib-2.0-dev amd64 2.80.0-6ubuntu3.8 [848 kB]
prepare	Setup Environment	2026-02-08T00:33:44.9081849Z Get:23 http://azure.archive.ubuntu.com/ubuntu noble/main amd64 gir1.2-freedesktop-dev amd64 1.80.1-1 [28.8 kB]
prepare	Setup Environment	2026-02-08T00:33:44.9490188Z Get:24 http://azure.archive.ubuntu.com/ubuntu noble-updates/main amd64 gir1.2-gdkpixbuf-2.0 amd64 2.42.10+dfsg-3ubuntu3.2 [9488 B]
prepare	Setup Environment	2026-02-08T00:33:44.9706255Z Get:25 http://azure.archive.ubuntu.com/ubuntu noble/main amd64 gir1.2-girepository-2.0-dev amd64 1.80.1-1 [41.5 kB]
prepare	Setup Environment	2026-02-08T00:33:44.9931477Z Get:26 http://azure.archive.ubuntu.com/ubuntu noble/main amd64 libharfbuzz-gobject0 amd64 8.3.0-2build2 [34.3 kB]
prepare	Setup Environment	2026-02-08T00:33:45.0151059Z Get:27 http://azure.archive.ubuntu.com/ubuntu noble/main amd64 gir1.2-harfbuzz-0.0 amd64 8.3.0-2build2 [44.5 kB]
prepare	Setup Environment	2026-02-08T00:33:45.0367397Z Get:28 http://azure.archive.ubuntu.com/ubuntu noble/main amd64 libpangoxft-1.0-0 amd64 1.52.1+ds-1build1 [20.3 kB]
prepare	Setup Environment	2026-02-08T00:33:45.0677112Z Get:29 http://azure.archive.ubuntu.com/ubuntu noble/main amd64 gir1.2-pango-1.0 amd64 1.52.1+ds-1build1 [34.8 kB]
prepare	Setup Environment	2026-02-08T00:33:45.0901565Z Get:30 http://azure.archive.ubuntu.com/ubuntu noble/main amd64 librsvg2-2 amd64 2.58.0+dfsg-1build1 [2135 kB]
prepare	Setup Environment	2026-02-08T00:33:45.1448327Z Get:31 http://azure.archive.ubuntu.com/ubuntu noble/main amd64 gir1.2-rsvg-2.0 amd64 2.58.0+dfsg-1build1 [11.1 kB]
prepare	Setup Environment	2026-02-08T00:33:45.1672542Z Get:32 http://azure.archive.ubuntu.com/ubuntu noble/main amd64 python3-mako all 1.3.2-1 [63.3 kB]
prepare	Setup Environment	2026-02-08T00:33:45.1918915Z Get:33 http://azure.archive.ubuntu.com/ubuntu noble/main amd64 python3-markdown all 3.5.2-1 [72.0 kB]
prepare	Setup Environment	2026-02-08T00:33:45.2153652Z Get:34 http://azure.archive.ubuntu.com/ubuntu noble/main amd64 gobject-introspection-bin amd64 1.80.1-1 [254 kB]
prepare	Setup Environment	2026-02-08T00:33:45.2398788Z Get:35 http://azure.archive.ubuntu.com/ubuntu noble-updates/main amd64 libglib2.0-dev-bin amd64 2.80.0-6ubuntu3.8 [138 kB]
prepare	Setup Environment	2026-02-08T00:33:45.2642135Z Get:36 http://azure.archive.ubuntu.com/ubuntu noble-updates/main amd64 uuid-dev amd64 2.39.3-9ubuntu6.4 [33.5 kB]
prepare	Setup Environment	2026-02-08T00:33:45.2860188Z Get:37 http://azure.archive.ubuntu.com/ubuntu noble-updates/main amd64 libblkid-dev amd64 2.39.3-9ubuntu6.4 [204 kB]
prepare	Setup Environment	2026-02-08T00:33:45.3096787Z Get:38 http://azure.archive.ubuntu.com/ubuntu noble/main amd64 libsepol-dev amd64 3.5-2build1 [384 kB]
prepare	Setup Environment	2026-02-08T00:33:45.3784981Z Get:39 http://azure.archive.ubuntu.com/ubuntu noble-updates/main amd64 libselinux1-dev amd64 3.5-2ubuntu2.1 [164 kB]
prepare	Setup Environment	2026-02-08T00:33:45.4015241Z Get:40 http://azure.archive.ubuntu.com/ubuntu noble-updates/main amd64 libmount-dev amd64 2.39.3-9ubuntu6.4 [14.9 kB]
prepare	Setup Environment	2026-02-08T00:33:45.4237148Z Get:41 http://azure.archive.ubuntu.com/ubuntu noble-updates/main amd64 libgirepository-2.0-0 amd64 2.80.0-6ubuntu3.8 [73.6 kB]
prepare	Setup Environment	2026-02-08T00:33:45.4635637Z Get:42 http://azure.archive.ubuntu.com/ubuntu noble-updates/main amd64 libglib2.0-dev amd64 2.80.0-6ubuntu3.8 [1860 kB]
prepare	Setup Environment	2026-02-08T00:33:45.5102439Z Get:43 http://azure.archive.ubuntu.com/ubuntu noble/main amd64 gobject-introspection amd64 1.80.1-1 [105 kB]
prepare	Setup Environment	2026-02-08T00:33:45.5337282Z Get:44 http://azure.archive.ubuntu.com/ubuntu noble/main amd64 libbrotli-dev amd64 1.1.0-2build2 [353 kB]
prepare	Setup Environment	2026-02-08T00:33:45.5602921Z Get:45 http://azure.archive.ubuntu.com/ubuntu noble-updates/main amd64 libbz2-dev amd64 1.0.8-5.1build0.1 [33.6 kB]
prepare	Setup Environment	2026-02-08T00:33:45.5831775Z Get:46 http://azure.archive.ubuntu.com/ubuntu noble/main amd64 libcairo-script-interpreter2 amd64 1.18.0-3build1 [60.3 kB]
prepare	Setup Environment	2026-02-08T00:33:45.6057844Z Get:47 http://azure.archive.ubuntu.com/ubuntu noble-updates/main amd64 libpng-dev amd64 1.6.43-5ubuntu0.4 [265 kB]
prepare	Setup Environment	2026-02-08T00:33:45.6310683Z Get:48 http://azure.archive.ubuntu.com/ubuntu noble/main amd64 libfreetype-dev amd64 2.13.2+dfsg-1build3 [575 kB]
prepare	Setup Environment	2026-02-08T00:33:45.6586777Z Get:49 http://azure.archive.ubuntu.com/ubuntu noble/main amd64 libfontconfig-dev amd64 2.15.0-1.1ubuntu2 [161 kB]
prepare	Setup Environment	2026-02-08T00:33:45.6836292Z Get:50 http://azure.archive.ubuntu.com/ubuntu noble/main amd64 libpixman-1-dev amd64 0.42.2-1build1 [296 kB]
prepare	Setup Environment	2026-02-08T00:33:45.7091117Z Get:51 http://azure.archive.ubuntu.com/ubuntu noble/main amd64 xorg-sgml-doctools all 1:1.11-1.1 [10.9 kB]
prepare	Setup Environment	2026-02-08T00:33:45.7310849Z Get:52 http://azure.archive.ubuntu.com/ubuntu noble/main amd64 x11proto-dev all 2023.2-1 [602 kB]
prepare	Setup Environment	2026-02-08T00:33:45.7626672Z Get:53 http://azure.archive.ubuntu.com/ubuntu noble/main amd64 x11proto-core-dev all 2023.2-1 [2444 B]
prepare	Setup Environment	2026-02-08T00:33:45.7853131Z Get:54 http://azure.archive.ubuntu.com/ubuntu noble/main amd64 libice-dev amd64 2:1.0.10-1build3 [51.0 kB]
prepare	Setup Environment	2026-02-08T00:33:45.8078518Z Get:55 http://azure.archive.ubuntu.com/ubuntu noble/main amd64 libsm-dev amd64 2:1.2.3-1build3 [17.8 kB]
prepare	Setup Environment	2026-02-08T00:33:45.8300672Z Get:56 http://azure.archive.ubuntu.com/ubuntu noble/main amd64 libxau-dev amd64 1:1.0.9-1build6 [9570 B]
prepare	Setup Environment	2026-02-08T00:33:45.8940026Z Get:57 http://azure.archive.ubuntu.com/ubuntu noble/main amd64 libxdmcp-dev amd64 1:1.1.3-0ubuntu6 [26.5 kB]
prepare	Setup Environment	2026-02-08T00:33:45.9164813Z Get:58 http://azure.archive.ubuntu.com/ubuntu noble/main amd64 xtrans-dev all 1.4.0-1 [68.9 kB]
prepare	Setup Environment	2026-02-08T00:33:45.9414127Z Get:59 http://azure.archive.ubuntu.com/ubuntu noble/main amd64 libpthread-stubs0-dev amd64 0.4-1build3 [4746 B]
prepare	Setup Environment	2026-02-08T00:33:45.9637899Z Get:60 http://azure.archive.ubuntu.com/ubuntu noble/main amd64 libxcb1-dev amd64 1.15-1ubuntu2 [85.8 kB]
prepare	Setup Environment	2026-02-08T00:33:45.9869815Z Get:61 http://azure.archive.ubuntu.com/ubuntu noble/main amd64 libx11-dev amd64 2:1.8.7-1build1 [732 kB]
prepare	Setup Environment	2026-02-08T00:33:46.0183750Z Get:62 http://azure.archive.ubuntu.com/ubuntu noble/main amd64 libxcb-render0-dev amd64 1.15-1ubuntu2 [19.6 kB]
prepare	Setup Environment	2026-02-08T00:33:46.0411149Z Get:63 http://azure.archive.ubuntu.com/ubuntu noble/main amd64 libxcb-shm0-dev amd64 1.15-1ubuntu2 [8246 B]
prepare	Setup Environment	2026-02-08T00:33:46.0649813Z Get:64 http://azure.archive.ubuntu.com/ubuntu noble/main amd64 libxext-dev amd64 2:1.3.4-1build2 [83.5 kB]
prepare	Setup Environment	2026-02-08T00:33:46.0880765Z Get:65 http://azure.archive.ubuntu.com/ubuntu noble/main amd64 libxrender-dev amd64 1:0.9.10-1.1build1 [26.3 kB]
prepare	Setup Environment	2026-02-08T00:33:46.1104861Z Get:66 http://azure.archive.ubuntu.com/ubuntu noble/main amd64 libcairo2-dev amd64 1.18.0-3build1 [41.1 kB]
prepare	Setup Environment	2026-02-08T00:33:46.1331659Z Get:67 http://azure.archive.ubuntu.com/ubuntu noble/main amd64 libdatrie-dev amd64 0.2.13-3build1 [19.4 kB]
prepare	Setup Environment	2026-02-08T00:33:46.1564012Z Get:68 http://azure.archive.ubuntu.com/ubuntu noble-updates/main amd64 libdeflate-dev amd64 1.19-1build1.1 [50.9 kB]
prepare	Setup Environment	2026-02-08T00:33:46.1789938Z Get:69 http://azure.archive.ubuntu.com/ubuntu noble/main amd64 libfribidi-dev amd64 1.0.13-3build1 [64.8 kB]
prepare	Setup Environment	2026-02-08T00:33:46.2018987Z Get:70 http://azure.archive.ubuntu.com/ubuntu noble-updates/main amd64 libgdk-pixbuf2.0-bin amd64 2.42.10+dfsg-3ubuntu3.2 [13.9 kB]
prepare	Setup Environment	2026-02-08T00:33:46.2245609Z Get:71 http://azure.archive.ubuntu.com/ubuntu noble/main amd64 libjpeg-turbo8-dev amd64 2.1.5-2ubuntu2 [295 kB]
prepare	Setup Environment	2026-02-08T00:33:46.2511574Z Get:72 http://azure.archive.ubuntu.com/ubuntu noble/main amd64 libjpeg8-dev amd64 8c-2ubuntu11 [1484 B]
prepare	Setup Environment	2026-02-08T00:33:46.2735198Z Get:73 http://azure.archive.ubuntu.com/ubuntu noble/main amd64 libjpeg-dev amd64 8c-2ubuntu11 [1482 B]
prepare	Setup Environment	2026-02-08T00:33:46.3108348Z Get:74 http://azure.archive.ubuntu.com/ubuntu noble/main amd64 libjbig-dev amd64 2.1-6.1ubuntu2 [27.9 kB]
prepare	Setup Environment	2026-02-08T00:33:46.3338367Z Get:75 http://azure.archive.ubuntu.com/ubuntu noble-updates/main amd64 liblzma-dev amd64 5.6.1+really5.4.5-1ubuntu0.2 [176 kB]
prepare	Setup Environment	2026-02-08T00:33:46.3987596Z Get:76 http://azure.archive.ubuntu.com/ubuntu noble/main amd64 libwebpdecoder3 amd64 1.3.2-0.4build3 [114 kB]
prepare	Setup Environment	2026-02-08T00:33:46.4357831Z Get:77 http://azure.archive.ubuntu.com/ubuntu noble/main amd64 libsharpyuv-dev amd64 1.3.2-0.4build3 [16.0 kB]
prepare	Setup Environment	2026-02-08T00:33:46.4610214Z Get:78 http://azure.archive.ubuntu.com/ubuntu noble/main amd64 libwebp-dev amd64 1.3.2-0.4build3 [367 kB]
prepare	Setup Environment	2026-02-08T00:33:46.4874376Z Get:79 http://azure.archive.ubuntu.com/ubuntu noble-updates/main amd64 libtiffxx6 amd64 4.5.1+git230720-4ubuntu2.4 [5648 B]
prepare	Setup Environment	2026-02-08T00:33:46.5094932Z Get:80 http://azure.archive.ubuntu.com/ubuntu noble/main amd64 liblerc-dev amd64 4.0.0+ds-4ubuntu2 [182 kB]
prepare	Setup Environment	2026-02-08T00:33:46.5339590Z Get:81 http://azure.archive.ubuntu.com/ubuntu noble-updates/main amd64 libtiff-dev amd64 4.5.1+git230720-4ubuntu2.4 [338 kB]
prepare	Setup Environment	2026-02-08T00:33:46.5589411Z Get:82 http://azure.archive.ubuntu.com/ubuntu noble-updates/main amd64 libgdk-pixbuf-2.0-dev amd64 2.42.10+dfsg-3ubuntu3.2 [48.0 kB]
prepare	Setup Environment	2026-02-08T00:33:46.5816852Z Get:83 http://azure.archive.ubuntu.com/ubuntu noble/main amd64 libgif7 amd64 5.2.2-1ubuntu1 [35.2 kB]
prepare	Setup Environment	2026-02-08T00:33:46.6039717Z Get:84 http://azure.archive.ubuntu.com/ubuntu noble/main amd64 libgif-dev amd64 5.2.2-1ubuntu1 [22.7 kB]
prepare	Setup Environment	2026-02-08T00:33:46.6263268Z Get:85 http://azure.archive.ubuntu.com/ubuntu noble/main amd64 libgirepository-1.0-dev amd64 1.80.1-1 [28.5 kB]
prepare	Setup Environment	2026-02-08T00:33:46.6484752Z Get:86 http://azure.archive.ubuntu.com/ubuntu noble/main amd64 libgirepository1.0-dev amd64 1.80.1-1 [17.0 kB]
prepare	Setup Environment	2026-02-08T00:33:46.6807780Z Get:87 http://azure.archive.ubuntu.com/ubuntu noble/main amd64 libgraphite2-dev amd64 1.3.14-2build1 [14.7 kB]
prepare	Setup Environment	2026-02-08T00:33:46.7030024Z Get:88 http://azure.archive.ubuntu.com/ubuntu noble/main amd64 libharfbuzz-cairo0 amd64 8.3.0-2build2 [26.2 kB]
prepare	Setup Environment	2026-02-08T00:33:46.7252909Z Get:89 http://azure.archive.ubuntu.com/ubuntu noble/main amd64 libharfbuzz-icu0 amd64 8.3.0-2build2 [13.3 kB]
prepare	Setup Environment	2026-02-08T00:33:46.7472130Z Get:90 http://azure.archive.ubuntu.com/ubuntu noble/main amd64 libharfbuzz-subset0 amd64 8.3.0-2build2 [448 kB]
prepare	Setup Environment	2026-02-08T00:33:46.7727757Z Get:91 http://azure.archive.ubuntu.com/ubuntu noble/main amd64 libharfbuzz-dev amd64 8.3.0-2build2 [142 kB]
prepare	Setup Environment	2026-02-08T00:33:46.7996693Z Get:92 http://azure.archive.ubuntu.com/ubuntu noble/main amd64 libthai-dev amd64 0.1.29-2build1 [26.6 kB]
prepare	Setup Environment	2026-02-08T00:33:46.8351001Z Get:93 http://azure.archive.ubuntu.com/ubuntu noble/main amd64 libxft-dev amd64 2.3.6-1build1 [64.3 kB]
prepare	Setup Environment	2026-02-08T00:33:46.8577508Z Get:94 http://azure.archive.ubuntu.com/ubuntu noble/main amd64 pango1.0-tools amd64 1.52.1+ds-1build1 [36.7 kB]
prepare	Setup Environment	2026-02-08T00:33:46.9228289Z Get:95 http://azure.archive.ubuntu.com/ubuntu noble/main amd64 libpango1.0-dev amd64 1.52.1+ds-1build1 [147 kB]
prepare	Setup Environment	2026-02-08T00:33:46.9486008Z Get:96 http://azure.archive.ubuntu.com/ubuntu noble-updates/main amd64 libpng-tools amd64 1.6.43-5ubuntu0.4 [28.5 kB]
prepare	Setup Environment	2026-02-08T00:33:46.9714085Z Get:97 http://azure.archive.ubuntu.com/ubuntu noble/main amd64 librsvg2-common amd64 2.58.0+dfsg-1build1 [11.8 kB]
prepare	Setup Environment	2026-02-08T00:33:46.9940394Z Get:98 http://azure.archive.ubuntu.com/ubuntu noble/universe amd64 librsvg2-dev amd64 2.58.0+dfsg-1build1 [38.0 kB]
prepare	Setup Environment	2026-02-08T00:33:47.3501182Z Fetched 17.6 MB in 3s (5796 kB/s)
prepare	Setup Environment	2026-02-08T00:33:47.3922954Z (Reading database ... 
prepare	Setup Environment	2026-02-08T00:33:47.3923388Z (Reading database ... 5%
prepare	Setup Environment	2026-02-08T00:33:47.3923687Z (Reading database ... 10%
prepare	Setup Environment	2026-02-08T00:33:47.3923972Z (Reading database ... 15%
prepare	Setup Environment	2026-02-08T00:33:47.3924248Z (Reading database ... 20%
prepare	Setup Environment	2026-02-08T00:33:47.3924498Z (Reading database ... 25%
prepare	Setup Environment	2026-02-08T00:33:47.3924784Z (Reading database ... 30%
prepare	Setup Environment	2026-02-08T00:33:47.3925367Z (Reading database ... 35%
prepare	Setup Environment	2026-02-08T00:33:47.3925638Z (Reading database ... 40%
prepare	Setup Environment	2026-02-08T00:33:47.3925895Z (Reading database ... 45%
prepare	Setup Environment	2026-02-08T00:33:47.3926157Z (Reading database ... 50%
prepare	Setup Environment	2026-02-08T00:33:47.4010923Z (Reading database ... 55%
prepare	Setup Environment	2026-02-08T00:33:47.5127523Z (Reading database ... 60%
prepare	Setup Environment	2026-02-08T00:33:47.6751763Z (Reading database ... 65%
prepare	Setup Environment	2026-02-08T00:33:47.7148638Z (Reading database ... 70%
prepare	Setup Environment	2026-02-08T00:33:47.8179683Z (Reading database ... 75%
prepare	Setup Environment	2026-02-08T00:33:48.0104261Z (Reading database ... 80%
prepare	Setup Environment	2026-02-08T00:33:48.2028033Z (Reading database ... 85%
prepare	Setup Environment	2026-02-08T00:33:48.3991200Z (Reading database ... 90%
prepare	Setup Environment	2026-02-08T00:33:48.5107361Z (Reading database ... 95%
prepare	Setup Environment	2026-02-08T00:33:48.5107910Z (Reading database ... 100%
prepare	Setup Environment	2026-02-08T00:33:48.5108380Z (Reading database ... 217745 files and directories currently installed.)
prepare	Setup Environment	2026-02-08T00:33:48.5155789Z Preparing to unpack .../bsdutils_1%3a2.39.3-9ubuntu6.4_amd64.deb ...
prepare	Setup Environment	2026-02-08T00:33:48.5193482Z Unpacking bsdutils (1:2.39.3-9ubuntu6.4) over (1:2.39.3-9ubuntu6.3) ...
prepare	Setup Environment	2026-02-08T00:33:48.5630337Z Setting up bsdutils (1:2.39.3-9ubuntu6.4) ...
prepare	Setup Environment	2026-02-08T00:33:48.5918319Z (Reading database ... 
prepare	Setup Environment	2026-02-08T00:33:48.5918826Z (Reading database ... 5%
prepare	Setup Environment	2026-02-08T00:33:48.5919196Z (Reading database ... 10%
prepare	Setup Environment	2026-02-08T00:33:48.5919557Z (Reading database ... 15%
prepare	Setup Environment	2026-02-08T00:33:48.5919921Z (Reading database ... 20%
prepare	Setup Environment	2026-02-08T00:33:48.5920282Z (Reading database ... 25%
prepare	Setup Environment	2026-02-08T00:33:48.5920675Z (Reading database ... 30%
prepare	Setup Environment	2026-02-08T00:33:48.5921037Z (Reading database ... 35%
prepare	Setup Environment	2026-02-08T00:33:48.5921402Z (Reading database ... 40%
prepare	Setup Environment	2026-02-08T00:33:48.5921763Z (Reading database ... 45%
prepare	Setup Environment	2026-02-08T00:33:48.5922103Z (Reading database ... 50%
prepare	Setup Environment	2026-02-08T00:33:48.5933579Z (Reading database ... 55%
prepare	Setup Environment	2026-02-08T00:33:48.6119666Z (Reading database ... 60%
prepare	Setup Environment	2026-02-08T00:33:48.6120588Z (Reading database ... 65%
prepare	Setup Environment	2026-02-08T00:33:48.6121347Z (Reading database ... 70%
prepare	Setup Environment	2026-02-08T00:33:48.6121740Z (Reading database ... 75%
prepare	Setup Environment	2026-02-08T00:33:48.6272870Z (Reading database ... 80%
prepare	Setup Environment	2026-02-08T00:33:48.6322190Z (Reading database ... 85%
prepare	Setup Environment	2026-02-08T00:33:48.6397835Z (Reading database ... 90%
prepare	Setup Environment	2026-02-08T00:33:48.6718081Z (Reading database ... 95%
prepare	Setup Environment	2026-02-08T00:33:48.6718614Z (Reading database ... 100%
prepare	Setup Environment	2026-02-08T00:33:48.6719315Z (Reading database ... 217745 files and directories currently installed.)
prepare	Setup Environment	2026-02-08T00:33:48.6767252Z Preparing to unpack .../util-linux_2.39.3-9ubuntu6.4_amd64.deb ...
prepare	Setup Environment	2026-02-08T00:33:48.6913740Z Unpacking util-linux (2.39.3-9ubuntu6.4) over (2.39.3-9ubuntu6.3) ...
prepare	Setup Environment	2026-02-08T00:33:48.8120598Z Setting up util-linux (2.39.3-9ubuntu6.4) ...
prepare	Setup Environment	2026-02-08T00:33:49.3903550Z fstrim.service is a disabled or a static unit not running, not starting it.
prepare	Setup Environment	2026-02-08T00:33:49.4174002Z (Reading database ... 
prepare	Setup Environment	2026-02-08T00:33:49.4174479Z (Reading database ... 5%
prepare	Setup Environment	2026-02-08T00:33:49.4174881Z (Reading database ... 10%
prepare	Setup Environment	2026-02-08T00:33:49.4175368Z (Reading database ... 15%
prepare	Setup Environment	2026-02-08T00:33:49.4175977Z (Reading database ... 20%
prepare	Setup Environment	2026-02-08T00:33:49.4176282Z (Reading database ... 25%
prepare	Setup Environment	2026-02-08T00:33:49.4176750Z (Reading database ... 30%
prepare	Setup Environment	2026-02-08T00:33:49.4177157Z (Reading database ... 35%
prepare	Setup Environment	2026-02-08T00:33:49.4177564Z (Reading database ... 40%
prepare	Setup Environment	2026-02-08T00:33:49.4177947Z (Reading database ... 45%
prepare	Setup Environment	2026-02-08T00:33:49.4178320Z (Reading database ... 50%
prepare	Setup Environment	2026-02-08T00:33:49.4188116Z (Reading database ... 55%
prepare	Setup Environment	2026-02-08T00:33:49.4275123Z (Reading database ... 60%
prepare	Setup Environment	2026-02-08T00:33:49.4295950Z (Reading database ... 65%
prepare	Setup Environment	2026-02-08T00:33:49.4310535Z (Reading database ... 70%
prepare	Setup Environment	2026-02-08T00:33:49.4330298Z (Reading database ... 75%
prepare	Setup Environment	2026-02-08T00:33:49.4460181Z (Reading database ... 80%
prepare	Setup Environment	2026-02-08T00:33:49.4496842Z (Reading database ... 85%
prepare	Setup Environment	2026-02-08T00:33:49.4557739Z (Reading database ... 90%
prepare	Setup Environment	2026-02-08T00:33:49.4850942Z (Reading database ... 95%
prepare	Setup Environment	2026-02-08T00:33:49.4851567Z (Reading database ... 100%
prepare	Setup Environment	2026-02-08T00:33:49.4852402Z (Reading database ... 217745 files and directories currently installed.)
prepare	Setup Environment	2026-02-08T00:33:49.4899979Z Preparing to unpack .../mount_2.39.3-9ubuntu6.4_amd64.deb ...
prepare	Setup Environment	2026-02-08T00:33:49.4926239Z Unpacking mount (2.39.3-9ubuntu6.4) over (2.39.3-9ubuntu6.3) ...
prepare	Setup Environment	2026-02-08T00:33:49.5348588Z Preparing to unpack .../libsmartcols1_2.39.3-9ubuntu6.4_amd64.deb ...
prepare	Setup Environment	2026-02-08T00:33:49.5396077Z Unpacking libsmartcols1:amd64 (2.39.3-9ubuntu6.4) over (2.39.3-9ubuntu6.3) ...
prepare	Setup Environment	2026-02-08T00:33:49.5768508Z Setting up libsmartcols1:amd64 (2.39.3-9ubuntu6.4) ...
prepare	Setup Environment	2026-02-08T00:33:49.6054477Z (Reading database ... 
prepare	Setup Environment	2026-02-08T00:33:49.6054879Z (Reading database ... 5%
prepare	Setup Environment	2026-02-08T00:33:49.6055271Z (Reading database ... 10%
prepare	Setup Environment	2026-02-08T00:33:49.6055506Z (Reading database ... 15%
prepare	Setup Environment	2026-02-08T00:33:49.6055742Z (Reading database ... 20%
prepare	Setup Environment	2026-02-08T00:33:49.6056015Z (Reading database ... 25%
prepare	Setup Environment	2026-02-08T00:33:49.6056274Z (Reading database ... 30%
prepare	Setup Environment	2026-02-08T00:33:49.6056543Z (Reading database ... 35%
prepare	Setup Environment	2026-02-08T00:33:49.6056813Z (Reading database ... 40%
prepare	Setup Environment	2026-02-08T00:33:49.6057087Z (Reading database ... 45%
prepare	Setup Environment	2026-02-08T00:33:49.6057354Z (Reading database ... 50%
prepare	Setup Environment	2026-02-08T00:33:49.6069764Z (Reading database ... 55%
prepare	Setup Environment	2026-02-08T00:33:49.6168131Z (Reading database ... 60%
prepare	Setup Environment	2026-02-08T00:33:49.6191898Z (Reading database ... 65%
prepare	Setup Environment	2026-02-08T00:33:49.6208153Z (Reading database ... 70%
prepare	Setup Environment	2026-02-08T00:33:49.6230248Z (Reading database ... 75%
prepare	Setup Environment	2026-02-08T00:33:49.6373942Z (Reading database ... 80%
prepare	Setup Environment	2026-02-08T00:33:49.6418277Z (Reading database ... 85%
prepare	Setup Environment	2026-02-08T00:33:49.6488563Z (Reading database ... 90%
prepare	Setup Environment	2026-02-08T00:33:49.6813492Z (Reading database ... 95%
prepare	Setup Environment	2026-02-08T00:33:49.6814155Z (Reading database ... 100%
prepare	Setup Environment	2026-02-08T00:33:49.6814938Z (Reading database ... 217745 files and directories currently installed.)
prepare	Setup Environment	2026-02-08T00:33:49.6864980Z Preparing to unpack .../libuuid1_2.39.3-9ubuntu6.4_amd64.deb ...
prepare	Setup Environment	2026-02-08T00:33:49.7290194Z Unpacking libuuid1:amd64 (2.39.3-9ubuntu6.4) over (2.39.3-9ubuntu6.3) ...
prepare	Setup Environment	2026-02-08T00:33:49.7642116Z Setting up libuuid1:amd64 (2.39.3-9ubuntu6.4) ...
prepare	Setup Environment	2026-02-08T00:33:49.7931944Z (Reading database ... 
prepare	Setup Environment	2026-02-08T00:33:49.7932456Z (Reading database ... 5%
prepare	Setup Environment	2026-02-08T00:33:49.7932875Z (Reading database ... 10%
prepare	Setup Environment	2026-02-08T00:33:49.7933252Z (Reading database ... 15%
prepare	Setup Environment	2026-02-08T00:33:49.7933513Z (Reading database ... 20%
prepare	Setup Environment	2026-02-08T00:33:49.7933728Z (Reading database ... 25%
prepare	Setup Environment	2026-02-08T00:33:49.7933948Z (Reading database ... 30%
prepare	Setup Environment	2026-02-08T00:33:49.7934180Z (Reading database ... 35%
prepare	Setup Environment	2026-02-08T00:33:49.7934398Z (Reading database ... 40%
prepare	Setup Environment	2026-02-08T00:33:49.7934612Z (Reading database ... 45%
prepare	Setup Environment	2026-02-08T00:33:49.7934843Z (Reading database ... 50%
prepare	Setup Environment	2026-02-08T00:33:49.7949376Z (Reading database ... 55%
prepare	Setup Environment	2026-02-08T00:33:49.8049645Z (Reading database ... 60%
prepare	Setup Environment	2026-02-08T00:33:49.8073119Z (Reading database ... 65%
prepare	Setup Environment	2026-02-08T00:33:49.8090093Z (Reading database ... 70%
prepare	Setup Environment	2026-02-08T00:33:49.8113268Z (Reading database ... 75%
prepare	Setup Environment	2026-02-08T00:33:49.8264304Z (Reading database ... 80%
prepare	Setup Environment	2026-02-08T00:33:49.8310951Z (Reading database ... 85%
prepare	Setup Environment	2026-02-08T00:33:49.8386908Z (Reading database ... 90%
prepare	Setup Environment	2026-02-08T00:33:49.8728569Z (Reading database ... 95%
prepare	Setup Environment	2026-02-08T00:33:49.8728894Z (Reading database ... 100%
prepare	Setup Environment	2026-02-08T00:33:49.8729446Z (Reading database ... 217745 files and directories currently installed.)
prepare	Setup Environment	2026-02-08T00:33:49.8781267Z Preparing to unpack .../uuid-runtime_2.39.3-9ubuntu6.4_amd64.deb ...
prepare	Setup Environment	2026-02-08T00:33:49.8850712Z Unpacking uuid-runtime (2.39.3-9ubuntu6.4) over (2.39.3-9ubuntu6.3) ...
prepare	Setup Environment	2026-02-08T00:33:49.9204455Z Preparing to unpack .../libblkid1_2.39.3-9ubuntu6.4_amd64.deb ...
prepare	Setup Environment	2026-02-08T00:33:49.9679465Z Unpacking libblkid1:amd64 (2.39.3-9ubuntu6.4) over (2.39.3-9ubuntu6.3) ...
prepare	Setup Environment	2026-02-08T00:33:50.0030807Z Setting up libblkid1:amd64 (2.39.3-9ubuntu6.4) ...
prepare	Setup Environment	2026-02-08T00:33:50.0316404Z (Reading database ... 
prepare	Setup Environment	2026-02-08T00:33:50.0316735Z (Reading database ... 5%
prepare	Setup Environment	2026-02-08T00:33:50.0316976Z (Reading database ... 10%
prepare	Setup Environment	2026-02-08T00:33:50.0317201Z (Reading database ... 15%
prepare	Setup Environment	2026-02-08T00:33:50.0317424Z (Reading database ... 20%
prepare	Setup Environment	2026-02-08T00:33:50.0317639Z (Reading database ... 25%
prepare	Setup Environment	2026-02-08T00:33:50.0317852Z (Reading database ... 30%
prepare	Setup Environment	2026-02-08T00:33:50.0318091Z (Reading database ... 35%
prepare	Setup Environment	2026-02-08T00:33:50.0318307Z (Reading database ... 40%
prepare	Setup Environment	2026-02-08T00:33:50.0318519Z (Reading database ... 45%
prepare	Setup Environment	2026-02-08T00:33:50.0318737Z (Reading database ... 50%
prepare	Setup Environment	2026-02-08T00:33:50.0332281Z (Reading database ... 55%
prepare	Setup Environment	2026-02-08T00:33:50.0429954Z (Reading database ... 60%
prepare	Setup Environment	2026-02-08T00:33:50.0453585Z (Reading database ... 65%
prepare	Setup Environment	2026-02-08T00:33:50.0470573Z (Reading database ... 70%
prepare	Setup Environment	2026-02-08T00:33:50.0494012Z (Reading database ... 75%
prepare	Setup Environment	2026-02-08T00:33:50.0649195Z (Reading database ... 80%
prepare	Setup Environment	2026-02-08T00:33:50.0697693Z (Reading database ... 85%
prepare	Setup Environment	2026-02-08T00:33:50.0776877Z (Reading database ... 90%
prepare	Setup Environment	2026-02-08T00:33:50.1106350Z (Reading database ... 95%
prepare	Setup Environment	2026-02-08T00:33:50.1106722Z (Reading database ... 100%
prepare	Setup Environment	2026-02-08T00:33:50.1107196Z (Reading database ... 217745 files and directories currently installed.)
prepare	Setup Environment	2026-02-08T00:33:50.1157862Z Preparing to unpack .../libmount1_2.39.3-9ubuntu6.4_amd64.deb ...
prepare	Setup Environment	2026-02-08T00:33:50.1236390Z Unpacking libmount1:amd64 (2.39.3-9ubuntu6.4) over (2.39.3-9ubuntu6.3) ...
prepare	Setup Environment	2026-02-08T00:33:50.1581046Z Setting up libmount1:amd64 (2.39.3-9ubuntu6.4) ...
prepare	Setup Environment	2026-02-08T00:33:50.1970176Z (Reading database ... 
prepare	Setup Environment	2026-02-08T00:33:50.1970641Z (Reading database ... 5%
prepare	Setup Environment	2026-02-08T00:33:50.1971044Z (Reading database ... 10%
prepare	Setup Environment	2026-02-08T00:33:50.1971305Z (Reading database ... 15%
prepare	Setup Environment	2026-02-08T00:33:50.1971538Z (Reading database ... 20%
prepare	Setup Environment	2026-02-08T00:33:50.1971901Z (Reading database ... 25%
prepare	Setup Environment	2026-02-08T00:33:50.1972277Z (Reading database ... 30%
prepare	Setup Environment	2026-02-08T00:33:50.1972674Z (Reading database ... 35%
prepare	Setup Environment	2026-02-08T00:33:50.1972896Z (Reading database ... 40%
prepare	Setup Environment	2026-02-08T00:33:50.1973106Z (Reading database ... 45%
prepare	Setup Environment	2026-02-08T00:33:50.1973324Z (Reading database ... 50%
prepare	Setup Environment	2026-02-08T00:33:50.1986011Z (Reading database ... 55%
prepare	Setup Environment	2026-02-08T00:33:50.2088515Z (Reading database ... 60%
prepare	Setup Environment	2026-02-08T00:33:50.2110360Z (Reading database ... 65%
prepare	Setup Environment	2026-02-08T00:33:50.2125118Z (Reading database ... 70%
prepare	Setup Environment	2026-02-08T00:33:50.2147920Z (Reading database ... 75%
prepare	Setup Environment	2026-02-08T00:33:50.2295298Z (Reading database ... 80%
prepare	Setup Environment	2026-02-08T00:33:50.2339930Z (Reading database ... 85%
prepare	Setup Environment	2026-02-08T00:33:50.2411031Z (Reading database ... 90%
prepare	Setup Environment	2026-02-08T00:33:50.2735162Z (Reading database ... 95%
prepare	Setup Environment	2026-02-08T00:33:50.2735787Z (Reading database ... 100%
prepare	Setup Environment	2026-02-08T00:33:50.2736295Z (Reading database ... 217745 files and directories currently installed.)
prepare	Setup Environment	2026-02-08T00:33:50.2786926Z Preparing to unpack .../00-eject_2.39.3-9ubuntu6.4_amd64.deb ...
prepare	Setup Environment	2026-02-08T00:33:50.2814514Z Unpacking eject (2.39.3-9ubuntu6.4) over (2.39.3-9ubuntu6.3) ...
prepare	Setup Environment	2026-02-08T00:33:50.3121224Z Preparing to unpack .../01-libglib2.0-data_2.80.0-6ubuntu3.8_all.deb ...
prepare	Setup Environment	2026-02-08T00:33:50.3143622Z Unpacking libglib2.0-data (2.80.0-6ubuntu3.8) over (2.80.0-6ubuntu3.4) ...
prepare	Setup Environment	2026-02-08T00:33:50.3431765Z Preparing to unpack .../02-libglib2.0-bin_2.80.0-6ubuntu3.8_amd64.deb ...
prepare	Setup Environment	2026-02-08T00:33:50.3458225Z Unpacking libglib2.0-bin (2.80.0-6ubuntu3.8) over (2.80.0-6ubuntu3.4) ...
prepare	Setup Environment	2026-02-08T00:33:50.3838652Z Preparing to unpack .../03-gir1.2-glib-2.0_2.80.0-6ubuntu3.8_amd64.deb ...
prepare	Setup Environment	2026-02-08T00:33:50.3864343Z Unpacking gir1.2-glib-2.0:amd64 (2.80.0-6ubuntu3.8) over (2.80.0-6ubuntu3.4) ...
prepare	Setup Environment	2026-02-08T00:33:50.4215383Z Preparing to unpack .../04-libglib2.0-0t64_2.80.0-6ubuntu3.8_amd64.deb ...
prepare	Setup Environment	2026-02-08T00:33:50.4276733Z Unpacking libglib2.0-0t64:amd64 (2.80.0-6ubuntu3.8) over (2.80.0-6ubuntu3.4) ...
prepare	Setup Environment	2026-02-08T00:33:50.4762259Z Preparing to unpack .../05-libfdisk1_2.39.3-9ubuntu6.4_amd64.deb ...
prepare	Setup Environment	2026-02-08T00:33:50.4788376Z Unpacking libfdisk1:amd64 (2.39.3-9ubuntu6.4) over (2.39.3-9ubuntu6.3) ...
prepare	Setup Environment	2026-02-08T00:33:50.5112162Z Preparing to unpack .../06-bsdextrautils_2.39.3-9ubuntu6.4_amd64.deb ...
prepare	Setup Environment	2026-02-08T00:33:50.5163414Z Unpacking bsdextrautils (2.39.3-9ubuntu6.4) over (2.39.3-9ubuntu6.3) ...
prepare	Setup Environment	2026-02-08T00:33:50.5526000Z Preparing to unpack .../07-libpng16-16t64_1.6.43-5ubuntu0.4_amd64.deb ...
prepare	Setup Environment	2026-02-08T00:33:50.5757846Z Unpacking libpng16-16t64:amd64 (1.6.43-5ubuntu0.4) over (1.6.43-5build1) ...
prepare	Setup Environment	2026-02-08T00:33:50.5959333Z Selecting previously unselected package build-essential.
prepare	Setup Environment	2026-02-08T00:33:50.6091505Z Preparing to unpack .../08-build-essential_12.10ubuntu1_amd64.deb ...
prepare	Setup Environment	2026-02-08T00:33:50.6103527Z Unpacking build-essential (12.10ubuntu1) ...
prepare	Setup Environment	2026-02-08T00:33:50.6264047Z Selecting previously unselected package bzip2-doc.
prepare	Setup Environment	2026-02-08T00:33:50.6389724Z Preparing to unpack .../09-bzip2-doc_1.0.8-5.1build0.1_all.deb ...
prepare	Setup Environment	2026-02-08T00:33:50.6400152Z Unpacking bzip2-doc (1.0.8-5.1build0.1) ...
prepare	Setup Environment	2026-02-08T00:33:50.6726257Z Preparing to unpack .../10-fdisk_2.39.3-9ubuntu6.4_amd64.deb ...
prepare	Setup Environment	2026-02-08T00:33:50.6752237Z Unpacking fdisk (2.39.3-9ubuntu6.4) over (2.39.3-9ubuntu6.3) ...
prepare	Setup Environment	2026-02-08T00:33:50.7009202Z Selecting previously unselected package gir1.2-freedesktop:amd64.
prepare	Setup Environment	2026-02-08T00:33:50.7134992Z Preparing to unpack .../11-gir1.2-freedesktop_1.80.1-1_amd64.deb ...
prepare	Setup Environment	2026-02-08T00:33:50.7144110Z Unpacking gir1.2-freedesktop:amd64 (1.80.1-1) ...
prepare	Setup Environment	2026-02-08T00:33:50.7314682Z Selecting previously unselected package gir1.2-glib-2.0-dev:amd64.
prepare	Setup Environment	2026-02-08T00:33:50.7438441Z Preparing to unpack .../12-gir1.2-glib-2.0-dev_2.80.0-6ubuntu3.8_amd64.deb ...
prepare	Setup Environment	2026-02-08T00:33:50.7448232Z Unpacking gir1.2-glib-2.0-dev:amd64 (2.80.0-6ubuntu3.8) ...
prepare	Setup Environment	2026-02-08T00:33:50.7924681Z Selecting previously unselected package gir1.2-freedesktop-dev:amd64.
prepare	Setup Environment	2026-02-08T00:33:50.8051061Z Preparing to unpack .../13-gir1.2-freedesktop-dev_1.80.1-1_amd64.deb ...
prepare	Setup Environment	2026-02-08T00:33:50.8059471Z Unpacking gir1.2-freedesktop-dev:amd64 (1.80.1-1) ...
prepare	Setup Environment	2026-02-08T00:33:50.8235691Z Selecting previously unselected package gir1.2-gdkpixbuf-2.0:amd64.
prepare	Setup Environment	2026-02-08T00:33:50.8359770Z Preparing to unpack .../14-gir1.2-gdkpixbuf-2.0_2.42.10+dfsg-3ubuntu3.2_amd64.deb ...
prepare	Setup Environment	2026-02-08T00:33:50.8368464Z Unpacking gir1.2-gdkpixbuf-2.0:amd64 (2.42.10+dfsg-3ubuntu3.2) ...
prepare	Setup Environment	2026-02-08T00:33:50.8524626Z Selecting previously unselected package gir1.2-girepository-2.0-dev:amd64.
prepare	Setup Environment	2026-02-08T00:33:50.8651828Z Preparing to unpack .../15-gir1.2-girepository-2.0-dev_1.80.1-1_amd64.deb ...
prepare	Setup Environment	2026-02-08T00:33:50.8661518Z Unpacking gir1.2-girepository-2.0-dev:amd64 (1.80.1-1) ...
prepare	Setup Environment	2026-02-08T00:33:50.8852926Z Selecting previously unselected package libharfbuzz-gobject0:amd64.
prepare	Setup Environment	2026-02-08T00:33:50.8980314Z Preparing to unpack .../16-libharfbuzz-gobject0_8.3.0-2build2_amd64.deb ...
prepare	Setup Environment	2026-02-08T00:33:50.8987441Z Unpacking libharfbuzz-gobject0:amd64 (8.3.0-2build2) ...
prepare	Setup Environment	2026-02-08T00:33:50.9157483Z Selecting previously unselected package gir1.2-harfbuzz-0.0:amd64.
prepare	Setup Environment	2026-02-08T00:33:50.9284694Z Preparing to unpack .../17-gir1.2-harfbuzz-0.0_8.3.0-2build2_amd64.deb ...
prepare	Setup Environment	2026-02-08T00:33:50.9293174Z Unpacking gir1.2-harfbuzz-0.0:amd64 (8.3.0-2build2) ...
prepare	Setup Environment	2026-02-08T00:33:50.9469772Z Selecting previously unselected package libpangoxft-1.0-0:amd64.
prepare	Setup Environment	2026-02-08T00:33:50.9596259Z Preparing to unpack .../18-libpangoxft-1.0-0_1.52.1+ds-1build1_amd64.deb ...
prepare	Setup Environment	2026-02-08T00:33:50.9604281Z Unpacking libpangoxft-1.0-0:amd64 (1.52.1+ds-1build1) ...
prepare	Setup Environment	2026-02-08T00:33:50.9771824Z Selecting previously unselected package gir1.2-pango-1.0:amd64.
prepare	Setup Environment	2026-02-08T00:33:50.9900757Z Preparing to unpack .../19-gir1.2-pango-1.0_1.52.1+ds-1build1_amd64.deb ...
prepare	Setup Environment	2026-02-08T00:33:50.9909264Z Unpacking gir1.2-pango-1.0:amd64 (1.52.1+ds-1build1) ...
prepare	Setup Environment	2026-02-08T00:33:51.0090164Z Selecting previously unselected package librsvg2-2:amd64.
prepare	Setup Environment	2026-02-08T00:33:51.0220547Z Preparing to unpack .../20-librsvg2-2_2.58.0+dfsg-1build1_amd64.deb ...
prepare	Setup Environment	2026-02-08T00:33:51.0229218Z Unpacking librsvg2-2:amd64 (2.58.0+dfsg-1build1) ...
prepare	Setup Environment	2026-02-08T00:33:51.0661343Z Selecting previously unselected package gir1.2-rsvg-2.0:amd64.
prepare	Setup Environment	2026-02-08T00:33:51.0791333Z Preparing to unpack .../21-gir1.2-rsvg-2.0_2.58.0+dfsg-1build1_amd64.deb ...
prepare	Setup Environment	2026-02-08T00:33:51.0805963Z Unpacking gir1.2-rsvg-2.0:amd64 (2.58.0+dfsg-1build1) ...
prepare	Setup Environment	2026-02-08T00:33:51.0977929Z Selecting previously unselected package python3-mako.
prepare	Setup Environment	2026-02-08T00:33:51.1106361Z Preparing to unpack .../22-python3-mako_1.3.2-1_all.deb ...
prepare	Setup Environment	2026-02-08T00:33:51.1118533Z Unpacking python3-mako (1.3.2-1) ...
prepare	Setup Environment	2026-02-08T00:33:51.1333342Z Selecting previously unselected package python3-markdown.
prepare	Setup Environment	2026-02-08T00:33:51.1454567Z Preparing to unpack .../23-python3-markdown_3.5.2-1_all.deb ...
prepare	Setup Environment	2026-02-08T00:33:51.1463291Z Unpacking python3-markdown (3.5.2-1) ...
prepare	Setup Environment	2026-02-08T00:33:51.1668874Z Selecting previously unselected package gobject-introspection-bin.
prepare	Setup Environment	2026-02-08T00:33:51.1798574Z Preparing to unpack .../24-gobject-introspection-bin_1.80.1-1_amd64.deb ...
prepare	Setup Environment	2026-02-08T00:33:51.1810199Z Unpacking gobject-introspection-bin (1.80.1-1) ...
prepare	Setup Environment	2026-02-08T00:33:51.2175408Z Selecting previously unselected package libglib2.0-dev-bin.
prepare	Setup Environment	2026-02-08T00:33:51.2299251Z Preparing to unpack .../25-libglib2.0-dev-bin_2.80.0-6ubuntu3.8_amd64.deb ...
prepare	Setup Environment	2026-02-08T00:33:51.2309852Z Unpacking libglib2.0-dev-bin (2.80.0-6ubuntu3.8) ...
prepare	Setup Environment	2026-02-08T00:33:51.2567054Z Selecting previously unselected package uuid-dev:amd64.
prepare	Setup Environment	2026-02-08T00:33:51.2695346Z Preparing to unpack .../26-uuid-dev_2.39.3-9ubuntu6.4_amd64.deb ...
prepare	Setup Environment	2026-02-08T00:33:51.2706590Z Unpacking uuid-dev:amd64 (2.39.3-9ubuntu6.4) ...
prepare	Setup Environment	2026-02-08T00:33:51.2930562Z Selecting previously unselected package libblkid-dev:amd64.
prepare	Setup Environment	2026-02-08T00:33:51.3054551Z Preparing to unpack .../27-libblkid-dev_2.39.3-9ubuntu6.4_amd64.deb ...
prepare	Setup Environment	2026-02-08T00:33:51.3065486Z Unpacking libblkid-dev:amd64 (2.39.3-9ubuntu6.4) ...
prepare	Setup Environment	2026-02-08T00:33:51.3266272Z Selecting previously unselected package libsepol-dev:amd64.
prepare	Setup Environment	2026-02-08T00:33:51.3388223Z Preparing to unpack .../28-libsepol-dev_3.5-2build1_amd64.deb ...
prepare	Setup Environment	2026-02-08T00:33:51.3397807Z Unpacking libsepol-dev:amd64 (3.5-2build1) ...
prepare	Setup Environment	2026-02-08T00:33:51.3628728Z Selecting previously unselected package libselinux1-dev:amd64.
prepare	Setup Environment	2026-02-08T00:33:51.3755391Z Preparing to unpack .../29-libselinux1-dev_3.5-2ubuntu2.1_amd64.deb ...
prepare	Setup Environment	2026-02-08T00:33:51.3767162Z Unpacking libselinux1-dev:amd64 (3.5-2ubuntu2.1) ...
prepare	Setup Environment	2026-02-08T00:33:51.4061589Z Selecting previously unselected package libmount-dev:amd64.
prepare	Setup Environment	2026-02-08T00:33:51.4187104Z Preparing to unpack .../30-libmount-dev_2.39.3-9ubuntu6.4_amd64.deb ...
prepare	Setup Environment	2026-02-08T00:33:51.4197087Z Unpacking libmount-dev:amd64 (2.39.3-9ubuntu6.4) ...
prepare	Setup Environment	2026-02-08T00:33:51.4370127Z Selecting previously unselected package libgirepository-2.0-0:amd64.
prepare	Setup Environment	2026-02-08T00:33:51.4494702Z Preparing to unpack .../31-libgirepository-2.0-0_2.80.0-6ubuntu3.8_amd64.deb ...
prepare	Setup Environment	2026-02-08T00:33:51.4507857Z Unpacking libgirepository-2.0-0:amd64 (2.80.0-6ubuntu3.8) ...
prepare	Setup Environment	2026-02-08T00:33:51.4676964Z Selecting previously unselected package libglib2.0-dev:amd64.
prepare	Setup Environment	2026-02-08T00:33:51.4800577Z Preparing to unpack .../32-libglib2.0-dev_2.80.0-6ubuntu3.8_amd64.deb ...
prepare	Setup Environment	2026-02-08T00:33:51.4810718Z Unpacking libglib2.0-dev:amd64 (2.80.0-6ubuntu3.8) ...
prepare	Setup Environment	2026-02-08T00:33:51.5553161Z Selecting previously unselected package gobject-introspection:amd64.
prepare	Setup Environment	2026-02-08T00:33:51.5680222Z Preparing to unpack .../33-gobject-introspection_1.80.1-1_amd64.deb ...
prepare	Setup Environment	2026-02-08T00:33:51.5691816Z Unpacking gobject-introspection:amd64 (1.80.1-1) ...
prepare	Setup Environment	2026-02-08T00:33:51.5904106Z Selecting previously unselected package libbrotli-dev:amd64.
prepare	Setup Environment	2026-02-08T00:33:51.6033732Z Preparing to unpack .../34-libbrotli-dev_1.1.0-2build2_amd64.deb ...
prepare	Setup Environment	2026-02-08T00:33:51.6041983Z Unpacking libbrotli-dev:amd64 (1.1.0-2build2) ...
prepare	Setup Environment	2026-02-08T00:33:51.6256124Z Selecting previously unselected package libbz2-dev:amd64.
prepare	Setup Environment	2026-02-08T00:33:51.6380811Z Preparing to unpack .../35-libbz2-dev_1.0.8-5.1build0.1_amd64.deb ...
prepare	Setup Environment	2026-02-08T00:33:51.6388396Z Unpacking libbz2-dev:amd64 (1.0.8-5.1build0.1) ...
prepare	Setup Environment	2026-02-08T00:33:51.6558657Z Selecting previously unselected package libcairo-script-interpreter2:amd64.
prepare	Setup Environment	2026-02-08T00:33:51.6683598Z Preparing to unpack .../36-libcairo-script-interpreter2_1.18.0-3build1_amd64.deb ...
prepare	Setup Environment	2026-02-08T00:33:51.6698550Z Unpacking libcairo-script-interpreter2:amd64 (1.18.0-3build1) ...
prepare	Setup Environment	2026-02-08T00:33:51.6865862Z Selecting previously unselected package libpng-dev:amd64.
prepare	Setup Environment	2026-02-08T00:33:51.6998203Z Preparing to unpack .../37-libpng-dev_1.6.43-5ubuntu0.4_amd64.deb ...
prepare	Setup Environment	2026-02-08T00:33:51.7011673Z Unpacking libpng-dev:amd64 (1.6.43-5ubuntu0.4) ...
prepare	Setup Environment	2026-02-08T00:33:51.7228326Z Selecting previously unselected package libfreetype-dev:amd64.
prepare	Setup Environment	2026-02-08T00:33:51.7357310Z Preparing to unpack .../38-libfreetype-dev_2.13.2+dfsg-1build3_amd64.deb ...
prepare	Setup Environment	2026-02-08T00:33:51.7367262Z Unpacking libfreetype-dev:amd64 (2.13.2+dfsg-1build3) ...
prepare	Setup Environment	2026-02-08T00:33:51.7640352Z Selecting previously unselected package libfontconfig-dev:amd64.
prepare	Setup Environment	2026-02-08T00:33:51.7765413Z Preparing to unpack .../39-libfontconfig-dev_2.15.0-1.1ubuntu2_amd64.deb ...
prepare	Setup Environment	2026-02-08T00:33:51.7774152Z Unpacking libfontconfig-dev:amd64 (2.15.0-1.1ubuntu2) ...
prepare	Setup Environment	2026-02-08T00:33:51.7958641Z Selecting previously unselected package libpixman-1-dev:amd64.
prepare	Setup Environment	2026-02-08T00:33:51.8085604Z Preparing to unpack .../40-libpixman-1-dev_0.42.2-1build1_amd64.deb ...
prepare	Setup Environment	2026-02-08T00:33:51.8093336Z Unpacking libpixman-1-dev:amd64 (0.42.2-1build1) ...
prepare	Setup Environment	2026-02-08T00:33:51.8309101Z Selecting previously unselected package xorg-sgml-doctools.
prepare	Setup Environment	2026-02-08T00:33:51.8439272Z Preparing to unpack .../41-xorg-sgml-doctools_1%3a1.11-1.1_all.deb ...
prepare	Setup Environment	2026-02-08T00:33:51.8448455Z Unpacking xorg-sgml-doctools (1:1.11-1.1) ...
prepare	Setup Environment	2026-02-08T00:33:51.8657307Z Selecting previously unselected package x11proto-dev.
prepare	Setup Environment	2026-02-08T00:33:51.8786922Z Preparing to unpack .../42-x11proto-dev_2023.2-1_all.deb ...
prepare	Setup Environment	2026-02-08T00:33:51.8795782Z Unpacking x11proto-dev (2023.2-1) ...
prepare	Setup Environment	2026-02-08T00:33:51.9134793Z Selecting previously unselected package x11proto-core-dev.
prepare	Setup Environment	2026-02-08T00:33:51.9263751Z Preparing to unpack .../43-x11proto-core-dev_2023.2-1_all.deb ...
prepare	Setup Environment	2026-02-08T00:33:51.9270925Z Unpacking x11proto-core-dev (2023.2-1) ...
prepare	Setup Environment	2026-02-08T00:33:51.9435850Z Selecting previously unselected package libice-dev:amd64.
prepare	Setup Environment	2026-02-08T00:33:51.9566127Z Preparing to unpack .../44-libice-dev_2%3a1.0.10-1build3_amd64.deb ...
prepare	Setup Environment	2026-02-08T00:33:51.9576155Z Unpacking libice-dev:amd64 (2:1.0.10-1build3) ...
prepare	Setup Environment	2026-02-08T00:33:51.9760752Z Selecting previously unselected package libsm-dev:amd64.
prepare	Setup Environment	2026-02-08T00:33:51.9892007Z Preparing to unpack .../45-libsm-dev_2%3a1.2.3-1build3_amd64.deb ...
prepare	Setup Environment	2026-02-08T00:33:51.9900045Z Unpacking libsm-dev:amd64 (2:1.2.3-1build3) ...
prepare	Setup Environment	2026-02-08T00:33:52.0076185Z Selecting previously unselected package libxau-dev:amd64.
prepare	Setup Environment	2026-02-08T00:33:52.0204879Z Preparing to unpack .../46-libxau-dev_1%3a1.0.9-1build6_amd64.deb ...
prepare	Setup Environment	2026-02-08T00:33:52.0215617Z Unpacking libxau-dev:amd64 (1:1.0.9-1build6) ...
prepare	Setup Environment	2026-02-08T00:33:52.0389224Z Selecting previously unselected package libxdmcp-dev:amd64.
prepare	Setup Environment	2026-02-08T00:33:52.0516842Z Preparing to unpack .../47-libxdmcp-dev_1%3a1.1.3-0ubuntu6_amd64.deb ...
prepare	Setup Environment	2026-02-08T00:33:52.0530441Z Unpacking libxdmcp-dev:amd64 (1:1.1.3-0ubuntu6) ...
prepare	Setup Environment	2026-02-08T00:33:52.0699650Z Selecting previously unselected package xtrans-dev.
prepare	Setup Environment	2026-02-08T00:33:52.0828126Z Preparing to unpack .../48-xtrans-dev_1.4.0-1_all.deb ...
prepare	Setup Environment	2026-02-08T00:33:52.0839908Z Unpacking xtrans-dev (1.4.0-1) ...
prepare	Setup Environment	2026-02-08T00:33:52.1045257Z Selecting previously unselected package libpthread-stubs0-dev:amd64.
prepare	Setup Environment	2026-02-08T00:33:52.1169795Z Preparing to unpack .../49-libpthread-stubs0-dev_0.4-1build3_amd64.deb ...
prepare	Setup Environment	2026-02-08T00:33:52.1181111Z Unpacking libpthread-stubs0-dev:amd64 (0.4-1build3) ...
prepare	Setup Environment	2026-02-08T00:33:52.1337372Z Selecting previously unselected package libxcb1-dev:amd64.
prepare	Setup Environment	2026-02-08T00:33:52.1462758Z Preparing to unpack .../50-libxcb1-dev_1.15-1ubuntu2_amd64.deb ...
prepare	Setup Environment	2026-02-08T00:33:52.1473849Z Unpacking libxcb1-dev:amd64 (1.15-1ubuntu2) ...
prepare	Setup Environment	2026-02-08T00:33:52.1660673Z Selecting previously unselected package libx11-dev:amd64.
prepare	Setup Environment	2026-02-08T00:33:52.1791598Z Preparing to unpack .../51-libx11-dev_2%3a1.8.7-1build1_amd64.deb ...
prepare	Setup Environment	2026-02-08T00:33:52.1803179Z Unpacking libx11-dev:amd64 (2:1.8.7-1build1) ...
prepare	Setup Environment	2026-02-08T00:33:52.2070179Z Selecting previously unselected package libxcb-render0-dev:amd64.
prepare	Setup Environment	2026-02-08T00:33:52.2197707Z Preparing to unpack .../52-libxcb-render0-dev_1.15-1ubuntu2_amd64.deb ...
prepare	Setup Environment	2026-02-08T00:33:52.2209371Z Unpacking libxcb-render0-dev:amd64 (1.15-1ubuntu2) ...
prepare	Setup Environment	2026-02-08T00:33:52.2376221Z Selecting previously unselected package libxcb-shm0-dev:amd64.
prepare	Setup Environment	2026-02-08T00:33:52.2504227Z Preparing to unpack .../53-libxcb-shm0-dev_1.15-1ubuntu2_amd64.deb ...
prepare	Setup Environment	2026-02-08T00:33:52.2516203Z Unpacking libxcb-shm0-dev:amd64 (1.15-1ubuntu2) ...
prepare	Setup Environment	2026-02-08T00:33:52.2676319Z Selecting previously unselected package libxext-dev:amd64.
prepare	Setup Environment	2026-02-08T00:33:52.2808298Z Preparing to unpack .../54-libxext-dev_2%3a1.3.4-1build2_amd64.deb ...
prepare	Setup Environment	2026-02-08T00:33:52.2821371Z Unpacking libxext-dev:amd64 (2:1.3.4-1build2) ...
prepare	Setup Environment	2026-02-08T00:33:52.3044085Z Selecting previously unselected package libxrender-dev:amd64.
prepare	Setup Environment	2026-02-08T00:33:52.3170241Z Preparing to unpack .../55-libxrender-dev_1%3a0.9.10-1.1build1_amd64.deb ...
prepare	Setup Environment	2026-02-08T00:33:52.3177244Z Unpacking libxrender-dev:amd64 (1:0.9.10-1.1build1) ...
prepare	Setup Environment	2026-02-08T00:33:52.3340230Z Selecting previously unselected package libcairo2-dev:amd64.
prepare	Setup Environment	2026-02-08T00:33:52.3468942Z Preparing to unpack .../56-libcairo2-dev_1.18.0-3build1_amd64.deb ...
prepare	Setup Environment	2026-02-08T00:33:52.3480886Z Unpacking libcairo2-dev:amd64 (1.18.0-3build1) ...
prepare	Setup Environment	2026-02-08T00:33:52.3669061Z Selecting previously unselected package libdatrie-dev:amd64.
prepare	Setup Environment	2026-02-08T00:33:52.3797737Z Preparing to unpack .../57-libdatrie-dev_0.2.13-3build1_amd64.deb ...
prepare	Setup Environment	2026-02-08T00:33:52.3808466Z Unpacking libdatrie-dev:amd64 (0.2.13-3build1) ...
prepare	Setup Environment	2026-02-08T00:33:52.3987054Z Selecting previously unselected package libdeflate-dev:amd64.
prepare	Setup Environment	2026-02-08T00:33:52.4114866Z Preparing to unpack .../58-libdeflate-dev_1.19-1build1.1_amd64.deb ...
prepare	Setup Environment	2026-02-08T00:33:52.4128217Z Unpacking libdeflate-dev:amd64 (1.19-1build1.1) ...
prepare	Setup Environment	2026-02-08T00:33:52.4303228Z Selecting previously unselected package libfribidi-dev:amd64.
prepare	Setup Environment	2026-02-08T00:33:52.4431830Z Preparing to unpack .../59-libfribidi-dev_1.0.13-3build1_amd64.deb ...
prepare	Setup Environment	2026-02-08T00:33:52.4442579Z Unpacking libfribidi-dev:amd64 (1.0.13-3build1) ...
prepare	Setup Environment	2026-02-08T00:33:52.4650904Z Selecting previously unselected package libgdk-pixbuf2.0-bin.
prepare	Setup Environment	2026-02-08T00:33:52.4775467Z Preparing to unpack .../60-libgdk-pixbuf2.0-bin_2.42.10+dfsg-3ubuntu3.2_amd64.deb ...
prepare	Setup Environment	2026-02-08T00:33:52.4784663Z Unpacking libgdk-pixbuf2.0-bin (2.42.10+dfsg-3ubuntu3.2) ...
prepare	Setup Environment	2026-02-08T00:33:52.4958657Z Selecting previously unselected package libjpeg-turbo8-dev:amd64.
prepare	Setup Environment	2026-02-08T00:33:52.5084625Z Preparing to unpack .../61-libjpeg-turbo8-dev_2.1.5-2ubuntu2_amd64.deb ...
prepare	Setup Environment	2026-02-08T00:33:52.5093535Z Unpacking libjpeg-turbo8-dev:amd64 (2.1.5-2ubuntu2) ...
prepare	Setup Environment	2026-02-08T00:33:52.5294843Z Selecting previously unselected package libjpeg8-dev:amd64.
prepare	Setup Environment	2026-02-08T00:33:52.5419278Z Preparing to unpack .../62-libjpeg8-dev_8c-2ubuntu11_amd64.deb ...
prepare	Setup Environment	2026-02-08T00:33:52.5429545Z Unpacking libjpeg8-dev:amd64 (8c-2ubuntu11) ...
prepare	Setup Environment	2026-02-08T00:33:52.5585839Z Selecting previously unselected package libjpeg-dev:amd64.
prepare	Setup Environment	2026-02-08T00:33:52.5710799Z Preparing to unpack .../63-libjpeg-dev_8c-2ubuntu11_amd64.deb ...
prepare	Setup Environment	2026-02-08T00:33:52.5727043Z Unpacking libjpeg-dev:amd64 (8c-2ubuntu11) ...
prepare	Setup Environment	2026-02-08T00:33:52.5878861Z Selecting previously unselected package libjbig-dev:amd64.
prepare	Setup Environment	2026-02-08T00:33:52.6008885Z Preparing to unpack .../64-libjbig-dev_2.1-6.1ubuntu2_amd64.deb ...
prepare	Setup Environment	2026-02-08T00:33:52.6020151Z Unpacking libjbig-dev:amd64 (2.1-6.1ubuntu2) ...
prepare	Setup Environment	2026-02-08T00:33:52.6189642Z Selecting previously unselected package liblzma-dev:amd64.
prepare	Setup Environment	2026-02-08T00:33:52.6314830Z Preparing to unpack .../65-liblzma-dev_5.6.1+really5.4.5-1ubuntu0.2_amd64.deb ...
prepare	Setup Environment	2026-02-08T00:33:52.6324130Z Unpacking liblzma-dev:amd64 (5.6.1+really5.4.5-1ubuntu0.2) ...
prepare	Setup Environment	2026-02-08T00:33:52.6534597Z Selecting previously unselected package libwebpdecoder3:amd64.
prepare	Setup Environment	2026-02-08T00:33:52.6660438Z Preparing to unpack .../66-libwebpdecoder3_1.3.2-0.4build3_amd64.deb ...
prepare	Setup Environment	2026-02-08T00:33:52.6674812Z Unpacking libwebpdecoder3:amd64 (1.3.2-0.4build3) ...
prepare	Setup Environment	2026-02-08T00:33:52.6848891Z Selecting previously unselected package libsharpyuv-dev:amd64.
prepare	Setup Environment	2026-02-08T00:33:52.6974332Z Preparing to unpack .../67-libsharpyuv-dev_1.3.2-0.4build3_amd64.deb ...
prepare	Setup Environment	2026-02-08T00:33:52.6986872Z Unpacking libsharpyuv-dev:amd64 (1.3.2-0.4build3) ...
prepare	Setup Environment	2026-02-08T00:33:52.7148238Z Selecting previously unselected package libwebp-dev:amd64.
prepare	Setup Environment	2026-02-08T00:33:52.7271388Z Preparing to unpack .../68-libwebp-dev_1.3.2-0.4build3_amd64.deb ...
prepare	Setup Environment	2026-02-08T00:33:52.7284157Z Unpacking libwebp-dev:amd64 (1.3.2-0.4build3) ...
prepare	Setup Environment	2026-02-08T00:33:52.7520135Z Selecting previously unselected package libtiffxx6:amd64.
prepare	Setup Environment	2026-02-08T00:33:52.7645790Z Preparing to unpack .../69-libtiffxx6_4.5.1+git230720-4ubuntu2.4_amd64.deb ...
prepare	Setup Environment	2026-02-08T00:33:52.7653631Z Unpacking libtiffxx6:amd64 (4.5.1+git230720-4ubuntu2.4) ...
prepare	Setup Environment	2026-02-08T00:33:52.7821799Z Selecting previously unselected package liblerc-dev:amd64.
prepare	Setup Environment	2026-02-08T00:33:52.7950505Z Preparing to unpack .../70-liblerc-dev_4.0.0+ds-4ubuntu2_amd64.deb ...
prepare	Setup Environment	2026-02-08T00:33:52.7958314Z Unpacking liblerc-dev:amd64 (4.0.0+ds-4ubuntu2) ...
prepare	Setup Environment	2026-02-08T00:33:52.8163331Z Selecting previously unselected package libtiff-dev:amd64.
prepare	Setup Environment	2026-02-08T00:33:52.8290042Z Preparing to unpack .../71-libtiff-dev_4.5.1+git230720-4ubuntu2.4_amd64.deb ...
prepare	Setup Environment	2026-02-08T00:33:52.8297750Z Unpacking libtiff-dev:amd64 (4.5.1+git230720-4ubuntu2.4) ...
prepare	Setup Environment	2026-02-08T00:33:52.8566384Z Selecting previously unselected package libgdk-pixbuf-2.0-dev:amd64.
prepare	Setup Environment	2026-02-08T00:33:52.8692634Z Preparing to unpack .../72-libgdk-pixbuf-2.0-dev_2.42.10+dfsg-3ubuntu3.2_amd64.deb ...
prepare	Setup Environment	2026-02-08T00:33:52.8699956Z Unpacking libgdk-pixbuf-2.0-dev:amd64 (2.42.10+dfsg-3ubuntu3.2) ...
prepare	Setup Environment	2026-02-08T00:33:52.8900431Z Selecting previously unselected package libgif7:amd64.
prepare	Setup Environment	2026-02-08T00:33:52.9028500Z Preparing to unpack .../73-libgif7_5.2.2-1ubuntu1_amd64.deb ...
prepare	Setup Environment	2026-02-08T00:33:52.9038241Z Unpacking libgif7:amd64 (5.2.2-1ubuntu1) ...
prepare	Setup Environment	2026-02-08T00:33:52.9309596Z Selecting previously unselected package libgif-dev:amd64.
prepare	Setup Environment	2026-02-08T00:33:52.9432196Z Preparing to unpack .../74-libgif-dev_5.2.2-1ubuntu1_amd64.deb ...
prepare	Setup Environment	2026-02-08T00:33:52.9443494Z Unpacking libgif-dev:amd64 (5.2.2-1ubuntu1) ...
prepare	Setup Environment	2026-02-08T00:33:52.9620809Z Selecting previously unselected package libgirepository-1.0-dev:amd64.
prepare	Setup Environment	2026-02-08T00:33:52.9755340Z Preparing to unpack .../75-libgirepository-1.0-dev_1.80.1-1_amd64.deb ...
prepare	Setup Environment	2026-02-08T00:33:52.9774566Z Unpacking libgirepository-1.0-dev:amd64 (1.80.1-1) ...
prepare	Setup Environment	2026-02-08T00:33:52.9966149Z Selecting previously unselected package libgirepository1.0-dev.
prepare	Setup Environment	2026-02-08T00:33:53.0096286Z Preparing to unpack .../76-libgirepository1.0-dev_1.80.1-1_amd64.deb ...
prepare	Setup Environment	2026-02-08T00:33:53.0107205Z Unpacking libgirepository1.0-dev (1.80.1-1) ...
prepare	Setup Environment	2026-02-08T00:33:53.0275834Z Selecting previously unselected package libgraphite2-dev:amd64.
prepare	Setup Environment	2026-02-08T00:33:53.0403428Z Preparing to unpack .../77-libgraphite2-dev_1.3.14-2build1_amd64.deb ...
prepare	Setup Environment	2026-02-08T00:33:53.0417058Z Unpacking libgraphite2-dev:amd64 (1.3.14-2build1) ...
prepare	Setup Environment	2026-02-08T00:33:53.0607035Z Selecting previously unselected package libharfbuzz-cairo0:amd64.
prepare	Setup Environment	2026-02-08T00:33:53.0739333Z Preparing to unpack .../78-libharfbuzz-cairo0_8.3.0-2build2_amd64.deb ...
prepare	Setup Environment	2026-02-08T00:33:53.0749484Z Unpacking libharfbuzz-cairo0:amd64 (8.3.0-2build2) ...
prepare	Setup Environment	2026-02-08T00:33:53.0941503Z Selecting previously unselected package libharfbuzz-icu0:amd64.
prepare	Setup Environment	2026-02-08T00:33:53.1073248Z Preparing to unpack .../79-libharfbuzz-icu0_8.3.0-2build2_amd64.deb ...
prepare	Setup Environment	2026-02-08T00:33:53.1084715Z Unpacking libharfbuzz-icu0:amd64 (8.3.0-2build2) ...
prepare	Setup Environment	2026-02-08T00:33:53.1272973Z Selecting previously unselected package libharfbuzz-subset0:amd64.
prepare	Setup Environment	2026-02-08T00:33:53.1402773Z Preparing to unpack .../80-libharfbuzz-subset0_8.3.0-2build2_amd64.deb ...
prepare	Setup Environment	2026-02-08T00:33:53.1415276Z Unpacking libharfbuzz-subset0:amd64 (8.3.0-2build2) ...
prepare	Setup Environment	2026-02-08T00:33:53.1637539Z Selecting previously unselected package libharfbuzz-dev:amd64.
prepare	Setup Environment	2026-02-08T00:33:53.1765262Z Preparing to unpack .../81-libharfbuzz-dev_8.3.0-2build2_amd64.deb ...
prepare	Setup Environment	2026-02-08T00:33:53.1781197Z Unpacking libharfbuzz-dev:amd64 (8.3.0-2build2) ...
prepare	Setup Environment	2026-02-08T00:33:53.2041492Z Selecting previously unselected package libthai-dev:amd64.
prepare	Setup Environment	2026-02-08T00:33:53.2167318Z Preparing to unpack .../82-libthai-dev_0.1.29-2build1_amd64.deb ...
prepare	Setup Environment	2026-02-08T00:33:53.2183453Z Unpacking libthai-dev:amd64 (0.1.29-2build1) ...
prepare	Setup Environment	2026-02-08T00:33:53.2388528Z Selecting previously unselected package libxft-dev:amd64.
prepare	Setup Environment	2026-02-08T00:33:53.2517513Z Preparing to unpack .../83-libxft-dev_2.3.6-1build1_amd64.deb ...
prepare	Setup Environment	2026-02-08T00:33:53.2526652Z Unpacking libxft-dev:amd64 (2.3.6-1build1) ...
prepare	Setup Environment	2026-02-08T00:33:53.2747131Z Selecting previously unselected package pango1.0-tools.
prepare	Setup Environment	2026-02-08T00:33:53.2872232Z Preparing to unpack .../84-pango1.0-tools_1.52.1+ds-1build1_amd64.deb ...
prepare	Setup Environment	2026-02-08T00:33:53.2881313Z Unpacking pango1.0-tools (1.52.1+ds-1build1) ...
prepare	Setup Environment	2026-02-08T00:33:53.3048002Z Selecting previously unselected package libpango1.0-dev:amd64.
prepare	Setup Environment	2026-02-08T00:33:53.3173336Z Preparing to unpack .../85-libpango1.0-dev_1.52.1+ds-1build1_amd64.deb ...
prepare	Setup Environment	2026-02-08T00:33:53.3185634Z Unpacking libpango1.0-dev:amd64 (1.52.1+ds-1build1) ...
prepare	Setup Environment	2026-02-08T00:33:53.3435470Z Selecting previously unselected package libpng-tools.
prepare	Setup Environment	2026-02-08T00:33:53.3561960Z Preparing to unpack .../86-libpng-tools_1.6.43-5ubuntu0.4_amd64.deb ...
prepare	Setup Environment	2026-02-08T00:33:53.3573235Z Unpacking libpng-tools (1.6.43-5ubuntu0.4) ...
prepare	Setup Environment	2026-02-08T00:33:53.3742615Z Selecting previously unselected package librsvg2-common:amd64.
prepare	Setup Environment	2026-02-08T00:33:53.3870782Z Preparing to unpack .../87-librsvg2-common_2.58.0+dfsg-1build1_amd64.deb ...
prepare	Setup Environment	2026-02-08T00:33:53.3883454Z Unpacking librsvg2-common:amd64 (2.58.0+dfsg-1build1) ...
prepare	Setup Environment	2026-02-08T00:33:53.4063099Z Selecting previously unselected package librsvg2-dev:amd64.
prepare	Setup Environment	2026-02-08T00:33:53.4191295Z Preparing to unpack .../88-librsvg2-dev_2.58.0+dfsg-1build1_amd64.deb ...
prepare	Setup Environment	2026-02-08T00:33:53.4203558Z Unpacking librsvg2-dev:amd64 (2.58.0+dfsg-1build1) ...
prepare	Setup Environment	2026-02-08T00:33:53.4556634Z Setting up libcairo-script-interpreter2:amd64 (1.18.0-3build1) ...
prepare	Setup Environment	2026-02-08T00:33:53.4586374Z Setting up bzip2-doc (1.0.8-5.1build0.1) ...
prepare	Setup Environment	2026-02-08T00:33:53.4606049Z Setting up libjpeg-turbo8-dev:amd64 (2.1.5-2ubuntu2) ...
prepare	Setup Environment	2026-02-08T00:33:53.4622796Z Setting up libharfbuzz-icu0:amd64 (8.3.0-2build2) ...
prepare	Setup Environment	2026-02-08T00:33:53.4645569Z Setting up libpixman-1-dev:amd64 (0.42.2-1build1) ...
prepare	Setup Environment	2026-02-08T00:33:53.4663387Z Setting up bsdextrautils (2.39.3-9ubuntu6.4) ...
prepare	Setup Environment	2026-02-08T00:33:53.4683892Z Setting up libfribidi-dev:amd64 (1.0.13-3build1) ...
prepare	Setup Environment	2026-02-08T00:33:53.4699859Z Setting up libjbig-dev:amd64 (2.1-6.1ubuntu2) ...
prepare	Setup Environment	2026-02-08T00:33:53.4718340Z Setting up libwebpdecoder3:amd64 (1.3.2-0.4build3) ...
prepare	Setup Environment	2026-02-08T00:33:53.4736834Z Setting up libpthread-stubs0-dev:amd64 (0.4-1build3) ...
prepare	Setup Environment	2026-02-08T00:33:53.4754555Z Setting up eject (2.39.3-9ubuntu6.4) ...
prepare	Setup Environment	2026-02-08T00:33:53.4774818Z Setting up xtrans-dev (1.4.0-1) ...
prepare	Setup Environment	2026-02-08T00:33:53.4789703Z Setting up libgraphite2-dev:amd64 (1.3.14-2build1) ...
prepare	Setup Environment	2026-02-08T00:33:53.4809373Z Setting up libglib2.0-0t64:amd64 (2.80.0-6ubuntu3.8) ...
prepare	Setup Environment	2026-02-08T00:33:53.4991555Z Setting up libglib2.0-data (2.80.0-6ubuntu3.8) ...
prepare	Setup Environment	2026-02-08T00:33:53.5012139Z Setting up libharfbuzz-cairo0:amd64 (8.3.0-2build2) ...
prepare	Setup Environment	2026-02-08T00:33:53.5033003Z Setting up uuid-dev:amd64 (2.39.3-9ubuntu6.4) ...
prepare	Setup Environment	2026-02-08T00:33:53.5052589Z Setting up libpng16-16t64:amd64 (1.6.43-5ubuntu0.4) ...
prepare	Setup Environment	2026-02-08T00:33:53.5077537Z Setting up python3-markdown (3.5.2-1) ...
prepare	Setup Environment	2026-02-08T00:33:53.7250187Z Setting up libsepol-dev:amd64 (3.5-2build1) ...
prepare	Setup Environment	2026-02-08T00:33:53.7278299Z Setting up gir1.2-glib-2.0:amd64 (2.80.0-6ubuntu3.8) ...
prepare	Setup Environment	2026-02-08T00:33:53.7297432Z Setting up liblerc-dev:amd64 (4.0.0+ds-4ubuntu2) ...
prepare	Setup Environment	2026-02-08T00:33:53.7315823Z Setting up libfdisk1:amd64 (2.39.3-9ubuntu6.4) ...
prepare	Setup Environment	2026-02-08T00:33:53.7338930Z Setting up liblzma-dev:amd64 (5.6.1+really5.4.5-1ubuntu0.2) ...
prepare	Setup Environment	2026-02-08T00:33:53.7365780Z Setting up libgif7:amd64 (5.2.2-1ubuntu1) ...
prepare	Setup Environment	2026-02-08T00:33:53.7382955Z Setting up mount (2.39.3-9ubuntu6.4) ...
prepare	Setup Environment	2026-02-08T00:33:53.7399464Z Setting up libdatrie-dev:amd64 (0.2.13-3build1) ...
prepare	Setup Environment	2026-02-08T00:33:53.7418656Z Setting up libgif-dev:amd64 (5.2.2-1ubuntu1) ...
prepare	Setup Environment	2026-02-08T00:33:53.7436599Z Setting up gir1.2-glib-2.0-dev:amd64 (2.80.0-6ubuntu3.8) ...
prepare	Setup Environment	2026-02-08T00:33:53.7466856Z Setting up uuid-runtime (2.39.3-9ubuntu6.4) ...
prepare	Setup Environment	2026-02-08T00:33:54.4119913Z uuidd.service is a disabled or a static unit not running, not starting it.
prepare	Setup Environment	2026-02-08T00:33:54.4257964Z Setting up libgdk-pixbuf2.0-bin (2.42.10+dfsg-3ubuntu3.2) ...
prepare	Setup Environment	2026-02-08T00:33:54.4275641Z Setting up libharfbuzz-subset0:amd64 (8.3.0-2build2) ...
prepare	Setup Environment	2026-02-08T00:33:54.4295392Z Setting up build-essential (12.10ubuntu1) ...
prepare	Setup Environment	2026-02-08T00:33:54.4311927Z Setting up xorg-sgml-doctools (1:1.11-1.1) ...
prepare	Setup Environment	2026-02-08T00:33:54.4332979Z Setting up libjpeg8-dev:amd64 (8c-2ubuntu11) ...
prepare	Setup Environment	2026-02-08T00:33:54.4352958Z Setting up libsharpyuv-dev:amd64 (1.3.2-0.4build3) ...
prepare	Setup Environment	2026-02-08T00:33:54.4370535Z Setting up libtiffxx6:amd64 (4.5.1+git230720-4ubuntu2.4) ...
prepare	Setup Environment	2026-02-08T00:33:54.4386737Z Setting up libdeflate-dev:amd64 (1.19-1build1.1) ...
prepare	Setup Environment	2026-02-08T00:33:54.4406796Z Setting up libbrotli-dev:amd64 (1.1.0-2build2) ...
prepare	Setup Environment	2026-02-08T00:33:54.4425640Z Setting up python3-mako (1.3.2-1) ...
prepare	Setup Environment	2026-02-08T00:33:54.5957366Z Setting up libbz2-dev:amd64 (1.0.8-5.1build0.1) ...
prepare	Setup Environment	2026-02-08T00:33:54.5980209Z Setting up libglib2.0-dev-bin (2.80.0-6ubuntu3.8) ...
prepare	Setup Environment	2026-02-08T00:33:54.7301532Z Setting up libblkid-dev:amd64 (2.39.3-9ubuntu6.4) ...
prepare	Setup Environment	2026-02-08T00:33:54.7323817Z Setting up gir1.2-freedesktop:amd64 (1.80.1-1) ...
prepare	Setup Environment	2026-02-08T00:33:54.7347151Z Setting up libpangoxft-1.0-0:amd64 (1.52.1+ds-1build1) ...
prepare	Setup Environment	2026-02-08T00:33:54.7367481Z Setting up gir1.2-gdkpixbuf-2.0:amd64 (2.42.10+dfsg-3ubuntu3.2) ...
prepare	Setup Environment	2026-02-08T00:33:54.7385678Z Setting up libpng-tools (1.6.43-5ubuntu0.4) ...
prepare	Setup Environment	2026-02-08T00:33:54.7407542Z Setting up libgirepository-2.0-0:amd64 (2.80.0-6ubuntu3.8) ...
prepare	Setup Environment	2026-02-08T00:33:54.7424625Z Setting up libselinux1-dev:amd64 (3.5-2ubuntu2.1) ...
prepare	Setup Environment	2026-02-08T00:33:54.7446096Z Setting up gobject-introspection-bin (1.80.1-1) ...
prepare	Setup Environment	2026-02-08T00:33:54.9198396Z Setting up libpng-dev:amd64 (1.6.43-5ubuntu0.4) ...
prepare	Setup Environment	2026-02-08T00:33:54.9229048Z Setting up pango1.0-tools (1.52.1+ds-1build1) ...
prepare	Setup Environment	2026-02-08T00:33:54.9248353Z Setting up libjpeg-dev:amd64 (8c-2ubuntu11) ...
prepare	Setup Environment	2026-02-08T00:33:54.9268557Z Setting up libglib2.0-bin (2.80.0-6ubuntu3.8) ...
prepare	Setup Environment	2026-02-08T00:33:54.9290427Z Setting up libharfbuzz-gobject0:amd64 (8.3.0-2build2) ...
prepare	Setup Environment	2026-02-08T00:33:54.9316775Z Setting up gir1.2-girepository-2.0-dev:amd64 (1.80.1-1) ...
prepare	Setup Environment	2026-02-08T00:33:54.9334177Z Setting up gir1.2-harfbuzz-0.0:amd64 (8.3.0-2build2) ...
prepare	Setup Environment	2026-02-08T00:33:54.9353502Z Setting up fdisk (2.39.3-9ubuntu6.4) ...
prepare	Setup Environment	2026-02-08T00:33:54.9379525Z Setting up libfreetype-dev:amd64 (2.13.2+dfsg-1build3) ...
prepare	Setup Environment	2026-02-08T00:33:54.9401753Z Setting up librsvg2-2:amd64 (2.58.0+dfsg-1build1) ...
prepare	Setup Environment	2026-02-08T00:33:54.9421867Z Setting up gir1.2-pango-1.0:amd64 (1.52.1+ds-1build1) ...
prepare	Setup Environment	2026-02-08T00:33:54.9444695Z Setting up libwebp-dev:amd64 (1.3.2-0.4build3) ...
prepare	Setup Environment	2026-02-08T00:33:54.9463569Z Setting up libtiff-dev:amd64 (4.5.1+git230720-4ubuntu2.4) ...
prepare	Setup Environment	2026-02-08T00:33:54.9488537Z Setting up gir1.2-freedesktop-dev:amd64 (1.80.1-1) ...
prepare	Setup Environment	2026-02-08T00:33:54.9507018Z Setting up librsvg2-common:amd64 (2.58.0+dfsg-1build1) ...
prepare	Setup Environment	2026-02-08T00:33:54.9622178Z Setting up libthai-dev:amd64 (0.1.29-2build1) ...
prepare	Setup Environment	2026-02-08T00:33:54.9647007Z Setting up gir1.2-rsvg-2.0:amd64 (2.58.0+dfsg-1build1) ...
prepare	Setup Environment	2026-02-08T00:33:54.9666963Z Setting up libmount-dev:amd64 (2.39.3-9ubuntu6.4) ...
prepare	Setup Environment	2026-02-08T00:33:54.9694486Z Setting up libfontconfig-dev:amd64 (2.15.0-1.1ubuntu2) ...
prepare	Setup Environment	2026-02-08T00:33:54.9716538Z Setting up libglib2.0-dev:amd64 (2.80.0-6ubuntu3.8) ...
prepare	Setup Environment	2026-02-08T00:33:54.9737112Z Setting up libgdk-pixbuf-2.0-dev:amd64 (2.42.10+dfsg-3ubuntu3.2) ...
prepare	Setup Environment	2026-02-08T00:33:54.9757635Z Setting up libharfbuzz-dev:amd64 (8.3.0-2build2) ...
prepare	Setup Environment	2026-02-08T00:33:54.9776612Z Setting up gobject-introspection:amd64 (1.80.1-1) ...
prepare	Setup Environment	2026-02-08T00:33:54.9802024Z Setting up libgirepository-1.0-dev:amd64 (1.80.1-1) ...
prepare	Setup Environment	2026-02-08T00:33:54.9823392Z Setting up libgirepository1.0-dev (1.80.1-1) ...
prepare	Setup Environment	2026-02-08T00:33:54.9940730Z Processing triggers for libgdk-pixbuf-2.0-0:amd64 (2.42.10+dfsg-3ubuntu3.2) ...
prepare	Setup Environment	2026-02-08T00:33:55.3813832Z Processing triggers for sgml-base (1.31) ...
prepare	Setup Environment	2026-02-08T00:33:55.4344599Z Processing triggers for install-info (7.1-3build2) ...
prepare	Setup Environment	2026-02-08T00:33:55.5194942Z Setting up x11proto-dev (2023.2-1) ...
prepare	Setup Environment	2026-02-08T00:33:55.5218189Z Setting up libxau-dev:amd64 (1:1.0.9-1build6) ...
prepare	Setup Environment	2026-02-08T00:33:55.5235618Z Setting up libice-dev:amd64 (2:1.0.10-1build3) ...
prepare	Setup Environment	2026-02-08T00:33:55.5254176Z Setting up libsm-dev:amd64 (2:1.2.3-1build3) ...
prepare	Setup Environment	2026-02-08T00:33:55.5282263Z Processing triggers for libc-bin (2.39-0ubuntu8.6) ...
prepare	Setup Environment	2026-02-08T00:33:55.5557810Z Processing triggers for man-db (2.12.0-4build2) ...
prepare	Setup Environment	2026-02-08T00:33:55.5580701Z Not building database; man-db/auto-update is not 'true'.
prepare	Setup Environment	2026-02-08T00:33:55.5591196Z Setting up libxdmcp-dev:amd64 (1:1.1.3-0ubuntu6) ...
prepare	Setup Environment	2026-02-08T00:33:55.5694006Z Setting up x11proto-core-dev (2023.2-1) ...
prepare	Setup Environment	2026-02-08T00:33:55.5743849Z Setting up libxcb1-dev:amd64 (1.15-1ubuntu2) ...
prepare	Setup Environment	2026-02-08T00:33:55.5765539Z Setting up libx11-dev:amd64 (2:1.8.7-1build1) ...
prepare	Setup Environment	2026-02-08T00:33:55.5789406Z Setting up libxcb-shm0-dev:amd64 (1.15-1ubuntu2) ...
prepare	Setup Environment	2026-02-08T00:33:55.5820758Z Setting up libxcb-render0-dev:amd64 (1.15-1ubuntu2) ...
prepare	Setup Environment	2026-02-08T00:33:55.5846470Z Setting up libxext-dev:amd64 (2:1.3.4-1build2) ...
prepare	Setup Environment	2026-02-08T00:33:55.5883920Z Setting up libxrender-dev:amd64 (1:0.9.10-1.1build1) ...
prepare	Setup Environment	2026-02-08T00:33:55.5910956Z Setting up libxft-dev:amd64 (2.3.6-1build1) ...
prepare	Setup Environment	2026-02-08T00:33:55.5947572Z Setting up libcairo2-dev:amd64 (1.18.0-3build1) ...
prepare	Setup Environment	2026-02-08T00:33:55.5974667Z Setting up libpango1.0-dev:amd64 (1.52.1+ds-1build1) ...
prepare	Setup Environment	2026-02-08T00:33:55.6007697Z Setting up librsvg2-dev:amd64 (2.58.0+dfsg-1build1) ...
prepare	Setup Environment	2026-02-08T00:33:56.1161905Z 
prepare	Setup Environment	2026-02-08T00:33:56.1162866Z Running kernel seems to be up-to-date.
prepare	Setup Environment	2026-02-08T00:33:56.1163275Z 
prepare	Setup Environment	2026-02-08T00:33:56.1163427Z Restarting services...
prepare	Setup Environment	2026-02-08T00:33:56.1812758Z  /etc/needrestart/restart.d/systemd-manager
prepare	Setup Environment	2026-02-08T00:33:56.4451996Z  systemctl restart packagekit.service php8.3-fpm.service polkit.service rsyslog.service systemd-journald.service systemd-networkd.service systemd-resolved.service systemd-udevd.service udisks2.service
prepare	Setup Environment	2026-02-08T00:33:56.6374459Z 
prepare	Setup Environment	2026-02-08T00:33:56.6375544Z Service restarts being deferred:
prepare	Setup Environment	2026-02-08T00:33:56.6376357Z  systemctl restart ModemManager.service
prepare	Setup Environment	2026-02-08T00:33:56.6376984Z  systemctl restart getty@tty1.service
prepare	Setup Environment	2026-02-08T00:33:56.6377543Z  systemctl restart networkd-dispatcher.service
prepare	Setup Environment	2026-02-08T00:33:56.6378118Z  systemctl restart serial-getty@ttyS0.service
prepare	Setup Environment	2026-02-08T00:33:56.6378649Z  systemctl restart systemd-logind.service
prepare	Setup Environment	2026-02-08T00:33:56.6378936Z 
prepare	Setup Environment	2026-02-08T00:33:56.6379159Z No containers need to be restarted.
prepare	Setup Environment	2026-02-08T00:33:56.6379409Z 
prepare	Setup Environment	2026-02-08T00:33:56.6379620Z User sessions running outdated binaries:
prepare	Setup Environment	2026-02-08T00:33:56.6380092Z  runner @ user manager service: systemd[1170]
prepare	Setup Environment	2026-02-08T00:33:56.6453254Z 
prepare	Setup Environment	2026-02-08T00:33:56.6454077Z No VM guests are running outdated hypervisor (qemu) binaries on this host.
prepare	Setup Environment	2026-02-08T00:33:57.8163605Z ##[group]Run pnpm install --frozen-lockfile
prepare	Setup Environment	2026-02-08T00:33:57.8164001Z [36;1mpnpm install --frozen-lockfile[0m
prepare	Setup Environment	2026-02-08T00:33:57.8183941Z shell: /usr/bin/bash --noprofile --norc -e -o pipefail {0}
prepare	Setup Environment	2026-02-08T00:33:57.8184262Z env:
prepare	Setup Environment	2026-02-08T00:33:57.8184610Z   PNPM_HOME: /home/runner/setup-pnpm/node_modules/.bin
prepare	Setup Environment	2026-02-08T00:33:57.8184981Z   STORE_PATH: /home/runner/setup-pnpm/node_modules/.bin/store/v10
prepare	Setup Environment	2026-02-08T00:33:57.8185534Z ##[endgroup]
prepare	Setup Environment	2026-02-08T00:33:58.1585325Z Lockfile is up to date, resolution step is skipped
prepare	Setup Environment	2026-02-08T00:33:58.3751684Z Packages: +1113
prepare	Setup Environment	2026-02-08T00:33:58.3752408Z ++++++++++++++++++++++++++++++++++++++++++++++++++++++++++++++++++++++++++++++++
prepare	Setup Environment	2026-02-08T00:33:58.3778652Z Progress: resolved 0, reused 1, downloaded 0, added 0
prepare	Setup Environment	2026-02-08T00:33:59.3784897Z Progress: resolved 0, reused 1066, downloaded 4, added 160
prepare	Setup Environment	2026-02-08T00:34:00.3784723Z Progress: resolved 0, reused 1066, downloaded 4, added 1094
prepare	Setup Environment	2026-02-08T00:34:00.7380785Z Progress: resolved 0, reused 1066, downloaded 4, added 1113, done
prepare	Setup Environment	2026-02-08T00:34:01.0142152Z 
prepare	Setup Environment	2026-02-08T00:34:01.1586559Z . prepare$ HUSKY=0 husky install
prepare	Setup Environment	2026-02-08T00:34:01.1896975Z . prepare: husky - HUSKY env variable is set to 0, skipping install
prepare	Setup Environment	2026-02-08T00:34:01.1920220Z . prepare: Done
prepare	Setup Environment	2026-02-08T00:34:01.1951529Z â­ Warning ââââââââââââââââââââââââââââââââââââââââââââââââââââââââââââââââââââââ®
prepare	Setup Environment	2026-02-08T00:34:01.1952409Z â                                                                              â
prepare	Setup Environment	2026-02-08T00:34:01.1953196Z â   Ignored build scripts: canvas@3.2.0, core-js@3.46.0, core-js@3.47.0,       â
prepare	Setup Environment	2026-02-08T00:34:01.1953775Z â   esbuild@0.25.12, msw@2.12.2, protobufjs@6.11.4, sharp@0.32.6,              â
prepare	Setup Environment	2026-02-08T00:34:01.1954299Z â   sharp@0.33.1.                                                              â
prepare	Setup Environment	2026-02-08T00:34:01.1954875Z â   Run "pnpm approve-builds" to pick which dependencies should be allowed     â
prepare	Setup Environment	2026-02-08T00:34:01.1955631Z â   to run scripts.                                                            â
prepare	Setup Environment	2026-02-08T00:34:01.1956085Z â                                                                              â
prepare	Setup Environment	2026-02-08T00:34:01.1956577Z â°âââââââââââââââââââââââââââââââââââââââââââââââââââââââââââââââââââââââââââââââ¯
prepare	Setup Environment	2026-02-08T00:34:01.2102963Z Done in 3.3s using pnpm v10.29.1
prepare	Setup Environment	2026-02-08T00:34:01.2313294Z ##[group]Run # Remove Microsoft repos that are causing 403 errors in GitHub Actions
prepare	Setup Environment	2026-02-08T00:34:01.2313837Z [36;1m# Remove Microsoft repos that are causing 403 errors in GitHub Actions[0m
prepare	Setup Environment	2026-02-08T00:34:01.2314263Z [36;1msudo rm -f /etc/apt/sources.list.d/microsoft-prod.list[0m
prepare	Setup Environment	2026-02-08T00:34:01.2314630Z [36;1msudo rm -f /etc/apt/sources.list.d/azure-cli.list[0m
prepare	Setup Environment	2026-02-08T00:34:01.2314996Z [36;1mecho "Removed problematic Microsoft package repositories"[0m
prepare	Setup Environment	2026-02-08T00:34:01.2336105Z shell: /usr/bin/bash --noprofile --norc -e -o pipefail {0}
prepare	Setup Environment	2026-02-08T00:34:01.2336418Z env:
prepare	Setup Environment	2026-02-08T00:34:01.2336648Z   PNPM_HOME: /home/runner/setup-pnpm/node_modules/.bin
prepare	Setup Environment	2026-02-08T00:34:01.2337002Z   STORE_PATH: /home/runner/setup-pnpm/node_modules/.bin/store/v10
prepare	Setup Environment	2026-02-08T00:34:01.2337305Z ##[endgroup]
prepare	Setup Environment	2026-02-08T00:34:01.2494843Z Removed problematic Microsoft package repositories
prepare	Setup Environment	2026-02-08T00:34:01.2513563Z ##[group]Run pnpm exec playwright install --with-deps chromium
prepare	Setup Environment	2026-02-08T00:34:01.2514009Z [36;1mpnpm exec playwright install --with-deps chromium[0m
prepare	Setup Environment	2026-02-08T00:34:01.2533503Z shell: /usr/bin/bash --noprofile --norc -e -o pipefail {0}
prepare	Setup Environment	2026-02-08T00:34:01.2533810Z env:
prepare	Setup Environment	2026-02-08T00:34:01.2534045Z   PNPM_HOME: /home/runner/setup-pnpm/node_modules/.bin
prepare	Setup Environment	2026-02-08T00:34:01.2534395Z   STORE_PATH: /home/runner/setup-pnpm/node_modules/.bin/store/v10
prepare	Setup Environment	2026-02-08T00:34:01.2534710Z ##[endgroup]
prepare	Setup Environment	2026-02-08T00:34:02.0108111Z Installing dependencies...
prepare	Setup Environment	2026-02-08T00:34:02.0204475Z Switching to root user to install dependencies...
prepare	Setup Environment	2026-02-08T00:34:02.0791264Z Get:1 file:/etc/apt/apt-mirrors.txt Mirrorlist [144 B]
prepare	Setup Environment	2026-02-08T00:34:02.1075896Z Hit:2 http://azure.archive.ubuntu.com/ubuntu noble InRelease
prepare	Setup Environment	2026-02-08T00:34:02.1094031Z Hit:3 http://azure.archive.ubuntu.com/ubuntu noble-updates InRelease
prepare	Setup Environment	2026-02-08T00:34:02.1101614Z Hit:4 http://azure.archive.ubuntu.com/ubuntu noble-backports InRelease
prepare	Setup Environment	2026-02-08T00:34:02.1107684Z Hit:5 http://azure.archive.ubuntu.com/ubuntu noble-security InRelease
prepare	Setup Environment	2026-02-08T00:34:02.1193992Z Hit:6 https://packages.microsoft.com/repos/azure-cli noble InRelease
prepare	Setup Environment	2026-02-08T00:34:03.4097572Z Reading package lists...
prepare	Setup Environment	2026-02-08T00:34:03.4391911Z Reading package lists...
prepare	Setup Environment	2026-02-08T00:34:03.6580191Z Building dependency tree...
prepare	Setup Environment	2026-02-08T00:34:03.6587132Z Reading state information...
prepare	Setup Environment	2026-02-08T00:34:03.8433275Z libasound2t64 is already the newest version (1.2.11-1ubuntu0.1).
prepare	Setup Environment	2026-02-08T00:34:03.8434097Z libasound2t64 set to manually installed.
prepare	Setup Environment	2026-02-08T00:34:03.8435880Z libatk-bridge2.0-0t64 is already the newest version (2.52.0-1build1).
prepare	Setup Environment	2026-02-08T00:34:03.8436570Z libatk-bridge2.0-0t64 set to manually installed.
prepare	Setup Environment	2026-02-08T00:34:03.8437185Z libatk1.0-0t64 is already the newest version (2.52.0-1build1).
prepare	Setup Environment	2026-02-08T00:34:03.8437763Z libatk1.0-0t64 set to manually installed.
prepare	Setup Environment	2026-02-08T00:34:03.8438407Z libatspi2.0-0t64 is already the newest version (2.52.0-1build1).
prepare	Setup Environment	2026-02-08T00:34:03.8438973Z libatspi2.0-0t64 set to manually installed.
prepare	Setup Environment	2026-02-08T00:34:03.8439565Z libcairo2 is already the newest version (1.18.0-3build1).
prepare	Setup Environment	2026-02-08T00:34:03.8440069Z libcairo2 set to manually installed.
prepare	Setup Environment	2026-02-08T00:34:03.8440633Z libcups2t64 is already the newest version (2.4.7-1.2ubuntu7.9).
prepare	Setup Environment	2026-02-08T00:34:03.8441182Z libcups2t64 set to manually installed.
prepare	Setup Environment	2026-02-08T00:34:03.8441738Z libdbus-1-3 is already the newest version (1.14.10-4ubuntu4.1).
prepare	Setup Environment	2026-02-08T00:34:03.8442274Z libdbus-1-3 set to manually installed.
prepare	Setup Environment	2026-02-08T00:34:03.8442817Z libdrm2 is already the newest version (2.4.125-1ubuntu0.1~24.04.1).
prepare	Setup Environment	2026-02-08T00:34:03.8443332Z libdrm2 set to manually installed.
prepare	Setup Environment	2026-02-08T00:34:03.8443891Z libgbm1 is already the newest version (25.2.8-0ubuntu0.24.04.1).
prepare	Setup Environment	2026-02-08T00:34:03.8444436Z libgbm1 set to manually installed.
prepare	Setup Environment	2026-02-08T00:34:03.8445191Z libglib2.0-0t64 is already the newest version (2.80.0-6ubuntu3.8).
prepare	Setup Environment	2026-02-08T00:34:03.8445875Z libglib2.0-0t64 set to manually installed.
prepare	Setup Environment	2026-02-08T00:34:03.8446507Z libnspr4 is already the newest version (2:4.35-1.1build1).
prepare	Setup Environment	2026-02-08T00:34:03.8447144Z libnspr4 set to manually installed.
prepare	Setup Environment	2026-02-08T00:34:03.8447860Z libnss3 is already the newest version (2:3.98-1build1).
prepare	Setup Environment	2026-02-08T00:34:03.8448500Z libnss3 set to manually installed.
prepare	Setup Environment	2026-02-08T00:34:03.8449285Z libpango-1.0-0 is already the newest version (1.52.1+ds-1build1).
prepare	Setup Environment	2026-02-08T00:34:03.8450009Z libpango-1.0-0 set to manually installed.
prepare	Setup Environment	2026-02-08T00:34:03.8450716Z libx11-6 is already the newest version (2:1.8.7-1build1).
prepare	Setup Environment	2026-02-08T00:34:03.8451311Z libx11-6 set to manually installed.
prepare	Setup Environment	2026-02-08T00:34:03.8451872Z libxcb1 is already the newest version (1.15-1ubuntu2).
prepare	Setup Environment	2026-02-08T00:34:03.8452421Z libxcb1 set to manually installed.
prepare	Setup Environment	2026-02-08T00:34:03.8453051Z libxcomposite1 is already the newest version (1:0.4.5-1build3).
prepare	Setup Environment	2026-02-08T00:34:03.8453677Z libxcomposite1 set to manually installed.
prepare	Setup Environment	2026-02-08T00:34:03.8454277Z libxdamage1 is already the newest version (1:1.1.6-1build1).
prepare	Setup Environment	2026-02-08T00:34:03.8454874Z libxdamage1 set to manually installed.
prepare	Setup Environment	2026-02-08T00:34:03.8455721Z libxext6 is already the newest version (2:1.3.4-1build2).
prepare	Setup Environment	2026-02-08T00:34:03.8456272Z libxext6 set to manually installed.
prepare	Setup Environment	2026-02-08T00:34:03.8456897Z libxfixes3 is already the newest version (1:6.0.0-2build1).
prepare	Setup Environment	2026-02-08T00:34:03.8457494Z libxfixes3 set to manually installed.
prepare	Setup Environment	2026-02-08T00:34:03.8458120Z libxkbcommon0 is already the newest version (1.6.0-1build1).
prepare	Setup Environment	2026-02-08T00:34:03.8458696Z libxkbcommon0 set to manually installed.
prepare	Setup Environment	2026-02-08T00:34:03.8459329Z libxrandr2 is already the newest version (2:1.5.2-2build1).
prepare	Setup Environment	2026-02-08T00:34:03.8459907Z libxrandr2 set to manually installed.
prepare	Setup Environment	2026-02-08T00:34:03.8460497Z xvfb is already the newest version (2:21.1.12-1ubuntu1.5).
prepare	Setup Environment	2026-02-08T00:34:03.8461309Z fonts-noto-color-emoji is already the newest version (2.047-0ubuntu0.24.04.1).
prepare	Setup Environment	2026-02-08T00:34:03.8462142Z libfontconfig1 is already the newest version (2.15.0-1.1ubuntu2).
prepare	Setup Environment	2026-02-08T00:34:03.8462760Z libfontconfig1 set to manually installed.
prepare	Setup Environment	2026-02-08T00:34:03.8463704Z libfreetype6 is already the newest version (2.13.2+dfsg-1build3).
prepare	Setup Environment	2026-02-08T00:34:03.8464282Z libfreetype6 set to manually installed.
prepare	Setup Environment	2026-02-08T00:34:03.8464866Z fonts-liberation is already the newest version (1:2.1.5-3).
prepare	Setup Environment	2026-02-08T00:34:03.8465603Z fonts-liberation set to manually installed.
prepare	Setup Environment	2026-02-08T00:34:03.8466175Z The following additional packages will be installed:
prepare	Setup Environment	2026-02-08T00:34:03.8466701Z   xfonts-encodings xfonts-utils
prepare	Setup Environment	2026-02-08T00:34:03.8467102Z Recommended packages:
prepare	Setup Environment	2026-02-08T00:34:03.8467679Z   fonts-ipafont-mincho fonts-tlwg-loma
prepare	Setup Environment	2026-02-08T00:34:03.8612945Z The following NEW packages will be installed:
prepare	Setup Environment	2026-02-08T00:34:03.8613700Z   fonts-freefont-ttf fonts-ipafont-gothic fonts-tlwg-loma-otf fonts-unifont
prepare	Setup Environment	2026-02-08T00:34:03.8626489Z   fonts-wqy-zenhei xfonts-cyrillic xfonts-encodings xfonts-scalable
prepare	Setup Environment	2026-02-08T00:34:03.8628713Z   xfonts-utils
prepare	Setup Environment	2026-02-08T00:34:03.8794971Z 0 upgraded, 9 newly installed, 0 to remove and 84 not upgraded.
prepare	Setup Environment	2026-02-08T00:34:03.8795738Z Need to get 21.1 MB of archives.
prepare	Setup Environment	2026-02-08T00:34:03.8796386Z After this operation, 79.5 MB of additional disk space will be used.
prepare	Setup Environment	2026-02-08T00:34:03.8797127Z Get:1 file:/etc/apt/apt-mirrors.txt Mirrorlist [144 B]
prepare	Setup Environment	2026-02-08T00:34:03.9600834Z Get:2 http://azure.archive.ubuntu.com/ubuntu noble/universe amd64 fonts-ipafont-gothic all 00303-21ubuntu1 [3513 kB]
prepare	Setup Environment	2026-02-08T00:34:04.3184849Z Get:3 http://azure.archive.ubuntu.com/ubuntu noble/main amd64 fonts-freefont-ttf all 20211204+svn4273-2 [5641 kB]
prepare	Setup Environment	2026-02-08T00:34:04.6074356Z Get:4 http://azure.archive.ubuntu.com/ubuntu noble/universe amd64 fonts-tlwg-loma-otf all 1:0.7.3-1 [107 kB]
prepare	Setup Environment	2026-02-08T00:34:04.6354229Z Get:5 http://azure.archive.ubuntu.com/ubuntu noble/universe amd64 fonts-unifont all 1:15.1.01-1build1 [2993 kB]
prepare	Setup Environment	2026-02-08T00:34:04.7928260Z Get:6 http://azure.archive.ubuntu.com/ubuntu noble/universe amd64 fonts-wqy-zenhei all 0.9.45-8 [7472 kB]
prepare	Setup Environment	2026-02-08T00:34:05.1447245Z Get:7 http://azure.archive.ubuntu.com/ubuntu noble/main amd64 xfonts-encodings all 1:1.0.5-0ubuntu2 [578 kB]
prepare	Setup Environment	2026-02-08T00:34:05.1956175Z Get:8 http://azure.archive.ubuntu.com/ubuntu noble/main amd64 xfonts-utils amd64 1:7.7+6build3 [94.4 kB]
prepare	Setup Environment	2026-02-08T00:34:05.2269251Z Get:9 http://azure.archive.ubuntu.com/ubuntu noble/universe amd64 xfonts-cyrillic all 1:1.0.5+nmu1 [384 kB]
prepare	Setup Environment	2026-02-08T00:34:05.2755189Z Get:10 http://azure.archive.ubuntu.com/ubuntu noble/main amd64 xfonts-scalable all 1:1.0.3-1.3 [304 kB]
prepare	Setup Environment	2026-02-08T00:34:05.5599097Z Fetched 21.1 MB in 1s (14.8 MB/s)
prepare	Setup Environment	2026-02-08T00:34:05.5805874Z Selecting previously unselected package fonts-ipafont-gothic.
prepare	Setup Environment	2026-02-08T00:34:05.5840423Z (Reading database ... 
prepare	Setup Environment	2026-02-08T00:34:05.5840911Z (Reading database ... 5%
prepare	Setup Environment	2026-02-08T00:34:05.5841394Z (Reading database ... 10%
prepare	Setup Environment	2026-02-08T00:34:05.5841767Z (Reading database ... 15%
prepare	Setup Environment	2026-02-08T00:34:05.5842029Z (Reading database ... 20%
prepare	Setup Environment	2026-02-08T00:34:05.5842287Z (Reading database ... 25%
prepare	Setup Environment	2026-02-08T00:34:05.5842538Z (Reading database ... 30%
prepare	Setup Environment	2026-02-08T00:34:05.5842790Z (Reading database ... 35%
prepare	Setup Environment	2026-02-08T00:34:05.5843079Z (Reading database ... 40%
prepare	Setup Environment	2026-02-08T00:34:05.5843334Z (Reading database ... 45%
prepare	Setup Environment	2026-02-08T00:34:05.5843579Z (Reading database ... 50%
prepare	Setup Environment	2026-02-08T00:34:05.5857187Z (Reading database ... 55%
prepare	Setup Environment	2026-02-08T00:34:05.5966609Z (Reading database ... 60%
prepare	Setup Environment	2026-02-08T00:34:05.5988976Z (Reading database ... 65%
prepare	Setup Environment	2026-02-08T00:34:05.6005366Z (Reading database ... 70%
prepare	Setup Environment	2026-02-08T00:34:05.6036088Z (Reading database ... 75%
prepare	Setup Environment	2026-02-08T00:34:05.6187909Z (Reading database ... 80%
prepare	Setup Environment	2026-02-08T00:34:05.6250687Z (Reading database ... 85%
prepare	Setup Environment	2026-02-08T00:34:05.6563531Z (Reading database ... 90%
prepare	Setup Environment	2026-02-08T00:34:05.6669521Z (Reading database ... 95%
prepare	Setup Environment	2026-02-08T00:34:05.6670075Z (Reading database ... 100%
prepare	Setup Environment	2026-02-08T00:34:05.6670704Z (Reading database ... 220095 files and directories currently installed.)
prepare	Setup Environment	2026-02-08T00:34:05.6726262Z Preparing to unpack .../0-fonts-ipafont-gothic_00303-21ubuntu1_all.deb ...
prepare	Setup Environment	2026-02-08T00:34:05.6793279Z Unpacking fonts-ipafont-gothic (00303-21ubuntu1) ...
prepare	Setup Environment	2026-02-08T00:34:05.9139768Z Selecting previously unselected package fonts-freefont-ttf.
prepare	Setup Environment	2026-02-08T00:34:05.9270808Z Preparing to unpack .../1-fonts-freefont-ttf_20211204+svn4273-2_all.deb ...
prepare	Setup Environment	2026-02-08T00:34:05.9281726Z Unpacking fonts-freefont-ttf (20211204+svn4273-2) ...
prepare	Setup Environment	2026-02-08T00:34:06.0105765Z Selecting previously unselected package fonts-tlwg-loma-otf.
prepare	Setup Environment	2026-02-08T00:34:06.0244787Z Preparing to unpack .../2-fonts-tlwg-loma-otf_1%3a0.7.3-1_all.deb ...
prepare	Setup Environment	2026-02-08T00:34:06.0256847Z Unpacking fonts-tlwg-loma-otf (1:0.7.3-1) ...
prepare	Setup Environment	2026-02-08T00:34:06.0447379Z Selecting previously unselected package fonts-unifont.
prepare	Setup Environment	2026-02-08T00:34:06.0582293Z Preparing to unpack .../3-fonts-unifont_1%3a15.1.01-1build1_all.deb ...
prepare	Setup Environment	2026-02-08T00:34:06.0590931Z Unpacking fonts-unifont (1:15.1.01-1build1) ...
prepare	Setup Environment	2026-02-08T00:34:06.1692837Z Selecting previously unselected package fonts-wqy-zenhei.
prepare	Setup Environment	2026-02-08T00:34:06.1827927Z Preparing to unpack .../4-fonts-wqy-zenhei_0.9.45-8_all.deb ...
prepare	Setup Environment	2026-02-08T00:34:06.1924993Z Unpacking fonts-wqy-zenhei (0.9.45-8) ...
prepare	Setup Environment	2026-02-08T00:34:06.7211476Z Selecting previously unselected package xfonts-encodings.
prepare	Setup Environment	2026-02-08T00:34:06.7343433Z Preparing to unpack .../5-xfonts-encodings_1%3a1.0.5-0ubuntu2_all.deb ...
prepare	Setup Environment	2026-02-08T00:34:06.7354604Z Unpacking xfonts-encodings (1:1.0.5-0ubuntu2) ...
prepare	Setup Environment	2026-02-08T00:34:06.7574162Z Selecting previously unselected package xfonts-utils.
prepare	Setup Environment	2026-02-08T00:34:06.7704310Z Preparing to unpack .../6-xfonts-utils_1%3a7.7+6build3_amd64.deb ...
prepare	Setup Environment	2026-02-08T00:34:06.7720947Z Unpacking xfonts-utils (1:7.7+6build3) ...
prepare	Setup Environment	2026-02-08T00:34:06.7970159Z Selecting previously unselected package xfonts-cyrillic.
prepare	Setup Environment	2026-02-08T00:34:06.8102863Z Preparing to unpack .../7-xfonts-cyrillic_1%3a1.0.5+nmu1_all.deb ...
prepare	Setup Environment	2026-02-08T00:34:06.8118324Z Unpacking xfonts-cyrillic (1:1.0.5+nmu1) ...
prepare	Setup Environment	2026-02-08T00:34:06.8368792Z Selecting previously unselected package xfonts-scalable.
prepare	Setup Environment	2026-02-08T00:34:06.8501343Z Preparing to unpack .../8-xfonts-scalable_1%3a1.0.3-1.3_all.deb ...
prepare	Setup Environment	2026-02-08T00:34:06.8513679Z Unpacking xfonts-scalable (1:1.0.3-1.3) ...
prepare	Setup Environment	2026-02-08T00:34:06.8880492Z Setting up fonts-wqy-zenhei (0.9.45-8) ...
prepare	Setup Environment	2026-02-08T00:34:06.8996228Z Setting up fonts-freefont-ttf (20211204+svn4273-2) ...
prepare	Setup Environment	2026-02-08T00:34:06.9013776Z Setting up fonts-tlwg-loma-otf (1:0.7.3-1) ...
prepare	Setup Environment	2026-02-08T00:34:06.9032310Z Setting up xfonts-encodings (1:1.0.5-0ubuntu2) ...
prepare	Setup Environment	2026-02-08T00:34:06.9052818Z Setting up fonts-ipafont-gothic (00303-21ubuntu1) ...
prepare	Setup Environment	2026-02-08T00:34:06.9108940Z update-alternatives: using /usr/share/fonts/opentype/ipafont-gothic/ipag.ttf to provide /usr/share/fonts/truetype/fonts-japanese-gothic.ttf (fonts-japanese-gothic.ttf) in auto mode
prepare	Setup Environment	2026-02-08T00:34:06.9123992Z Setting up fonts-unifont (1:15.1.01-1build1) ...
prepare	Setup Environment	2026-02-08T00:34:06.9142127Z Setting up xfonts-utils (1:7.7+6build3) ...
prepare	Setup Environment	2026-02-08T00:34:06.9179431Z Setting up xfonts-cyrillic (1:1.0.5+nmu1) ...
prepare	Setup Environment	2026-02-08T00:34:07.0337990Z Setting up xfonts-scalable (1:1.0.3-1.3) ...
prepare	Setup Environment	2026-02-08T00:34:07.0621700Z Processing triggers for man-db (2.12.0-4build2) ...
prepare	Setup Environment	2026-02-08T00:34:07.0637781Z Not building database; man-db/auto-update is not 'true'.
prepare	Setup Environment	2026-02-08T00:34:07.0651377Z Processing triggers for fontconfig (2.15.0-1.1ubuntu2) ...
prepare	Setup Environment	2026-02-08T00:34:07.7641652Z 
prepare	Setup Environment	2026-02-08T00:34:07.7642390Z Running kernel seems to be up-to-date.
prepare	Setup Environment	2026-02-08T00:34:07.7642772Z 
prepare	Setup Environment	2026-02-08T00:34:07.7642905Z Restarting services...
prepare	Setup Environment	2026-02-08T00:34:07.7889440Z 
prepare	Setup Environment	2026-02-08T00:34:07.7890039Z Service restarts being deferred:
prepare	Setup Environment	2026-02-08T00:34:07.7890476Z  systemctl restart getty@tty1.service
prepare	Setup Environment	2026-02-08T00:34:07.7890877Z  systemctl restart networkd-dispatcher.service
prepare	Setup Environment	2026-02-08T00:34:07.7891211Z  systemctl restart serial-getty@ttyS0.service
prepare	Setup Environment	2026-02-08T00:34:07.7891514Z  systemctl restart systemd-logind.service
prepare	Setup Environment	2026-02-08T00:34:07.7891699Z 
prepare	Setup Environment	2026-02-08T00:34:07.7891834Z No containers need to be restarted.
prepare	Setup Environment	2026-02-08T00:34:07.7892106Z 
prepare	Setup Environment	2026-02-08T00:34:07.7892314Z User sessions running outdated binaries:
prepare	Setup Environment	2026-02-08T00:34:07.7892626Z  runner @ user manager service: systemd[1170]
prepare	Setup Environment	2026-02-08T00:34:07.7939762Z 
prepare	Setup Environment	2026-02-08T00:34:07.7940645Z No VM guests are running outdated hypervisor (qemu) binaries on this host.
prepare	Setup Environment	2026-02-08T00:34:08.8952242Z Downloading Chromium 143.0.7499.4 (playwright build v1200) from https://cdn.playwright.dev/dbazure/download/playwright/builds/chromium/1200/chromium-linux.zip
prepare	Setup Environment	2026-02-08T00:34:09.0960277Z |                                                                                |   0% of 164.7 MiB
prepare	Setup Environment	2026-02-08T00:34:09.2644057Z |â â â â â â â â                                                                         |  10% of 164.7 MiB
prepare	Setup Environment	2026-02-08T00:34:09.4328982Z |â â â â â â â â â â â â â â â â                                                                 |  20% of 164.7 MiB
prepare	Setup Environment	2026-02-08T00:34:09.5315999Z |â â â â â â â â â â â â â â â â â â â â â â â â                                                         |  30% of 164.7 MiB
prepare	Setup Environment	2026-02-08T00:34:09.6386814Z |â â â â â â â â â â â â â â â â â â â â â â â â â â â â â â â â                                                 |  40% of 164.7 MiB
prepare	Setup Environment	2026-02-08T00:34:09.7566156Z |â â â â â â â â â â â â â â â â â â â â â â â â â â â â â â â â â â â â â â â â                                         |  50% of 164.7 MiB
prepare	Setup Environment	2026-02-08T00:34:09.8758315Z |â â â â â â â â â â â â â â â â â â â â â â â â â â â â â â â â â â â â â â â â â â â â â â â â                                 |  60% of 164.7 MiB
prepare	Setup Environment	2026-02-08T00:34:09.9650532Z |â â â â â â â â â â â â â â â â â â â â â â â â â â â â â â â â â â â â â â â â â â â â â â â â â â â â â â â â                         |  70% of 164.7 MiB
prepare	Setup Environment	2026-02-08T00:34:10.0630995Z |â â â â â â â â â â â â â â â â â â â â â â â â â â â â â â â â â â â â â â â â â â â â â â â â â â â â â â â â â â â â â â â â                 |  80% of 164.7 MiB
prepare	Setup Environment	2026-02-08T00:34:10.1847615Z |â â â â â â â â â â â â â â â â â â â â â â â â â â â â â â â â â â â â â â â â â â â â â â â â â â â â â â â â â â â â â â â â â â â â â â â â         |  90% of 164.7 MiB
prepare	Setup Environment	2026-02-08T00:34:10.3044660Z |â â â â â â â â â â â â â â â â â â â â â â â â â â â â â â â â â â â â â â â â â â â â â â â â â â â â â â â â â â â â â â â â â â â â â â â â â â â â â â â â | 100% of 164.7 MiB
prepare	Setup Environment	2026-02-08T00:34:12.5655320Z Chromium 143.0.7499.4 (playwright build v1200) downloaded to /home/runner/.cache/ms-playwright/chromium-1200
prepare	Setup Environment	2026-02-08T00:34:12.5659679Z Downloading FFMPEG playwright build v1011 from https://cdn.playwright.dev/dbazure/download/playwright/builds/ffmpeg/1011/ffmpeg-linux.zip
prepare	Setup Environment	2026-02-08T00:34:12.7046205Z |                                                                                |   0% of 2.3 MiB
prepare	Setup Environment	2026-02-08T00:34:12.7083376Z |â â â â â â â â                                                                         |  10% of 2.3 MiB
prepare	Setup Environment	2026-02-08T00:34:12.7103177Z |â â â â â â â â â â â â â â â â                                                                 |  20% of 2.3 MiB
prepare	Setup Environment	2026-02-08T00:34:12.7113770Z |â â â â â â â â â â â â â â â â â â â â â â â â                                                         |  30% of 2.3 MiB
prepare	Setup Environment	2026-02-08T00:34:12.7129670Z |â â â â â â â â â â â â â â â â â â â â â â â â â â â â â â â â                                                 |  40% of 2.3 MiB
prepare	Setup Environment	2026-02-08T00:34:12.7144444Z |â â â â â â â â â â â â â â â â â â â â â â â â â â â â â â â â â â â â â â â â                                         |  50% of 2.3 MiB
prepare	Setup Environment	2026-02-08T00:34:12.7153822Z |â â â â â â â â â â â â â â â â â â â â â â â â â â â â â â â â â â â â â â â â â â â â â â â â                                 |  60% of 2.3 MiB
prepare	Setup Environment	2026-02-08T00:34:12.7165745Z |â â â â â â â â â â â â â â â â â â â â â â â â â â â â â â â â â â â â â â â â â â â â â â â â â â â â â â â â                         |  70% of 2.3 MiB
prepare	Setup Environment	2026-02-08T00:34:12.7180228Z |â â â â â â â â â â â â â â â â â â â â â â â â â â â â â â â â â â â â â â â â â â â â â â â â â â â â â â â â â â â â â â â â                 |  80% of 2.3 MiB
prepare	Setup Environment	2026-02-08T00:34:12.7189787Z |â â â â â â â â â â â â â â â â â â â â â â â â â â â â â â â â â â â â â â â â â â â â â â â â â â â â â â â â â â â â â â â â â â â â â â â â         |  90% of 2.3 MiB
prepare	Setup Environment	2026-02-08T00:34:12.7199968Z |â â â â â â â â â â â â â â â â â â â â â â â â â â â â â â â â â â â â â â â â â â â â â â â â â â â â â â â â â â â â â â â â â â â â â â â â â â â â â â â â | 100% of 2.3 MiB
prepare	Setup Environment	2026-02-08T00:34:12.7676325Z FFMPEG playwright build v1011 downloaded to /home/runner/.cache/ms-playwright/ffmpeg-1011
prepare	Setup Environment	2026-02-08T00:34:12.7679531Z Downloading Chromium Headless Shell 143.0.7499.4 (playwright build v1200) from https://cdn.playwright.dev/dbazure/download/playwright/builds/chromium/1200/chromium-headless-shell-linux.zip
prepare	Setup Environment	2026-02-08T00:34:12.9574141Z |                                                                                |   0% of 109.7 MiB
prepare	Setup Environment	2026-02-08T00:34:13.0870855Z |â â â â â â â â                                                                         |  10% of 109.7 MiB
prepare	Setup Environment	2026-02-08T00:34:13.1874591Z |â â â â â â â â â â â â â â â â                                                                 |  20% of 109.7 MiB
prepare	Setup Environment	2026-02-08T00:34:13.3087743Z |â â â â â â â â â â â â â â â â â â â â â â â â                                                         |  30% of 109.7 MiB
prepare	Setup Environment	2026-02-08T00:34:13.3937850Z |â â â â â â â â â â â â â â â â â â â â â â â â â â â â â â â â                                                 |  40% of 109.7 MiB
prepare	Setup Environment	2026-02-08T00:34:13.4720095Z |â â â â â â â â â â â â â â â â â â â â â â â â â â â â â â â â â â â â â â â â                                         |  50% of 109.7 MiB
prepare	Setup Environment	2026-02-08T00:34:13.5589600Z |â â â â â â â â â â â â â â â â â â â â â â â â â â â â â â â â â â â â â â â â â â â â â â â â                                 |  60% of 109.7 MiB
prepare	Setup Environment	2026-02-08T00:34:13.6494338Z |â â â â â â â â â â â â â â â â â â â â â â â â â â â â â â â â â â â â â â â â â â â â â â â â â â â â â â â â                         |  70% of 109.7 MiB
prepare	Setup Environment	2026-02-08T00:34:13.7668817Z |â â â â â â â â â â â â â â â â â â â â â â â â â â â â â â â â â â â â â â â â â â â â â â â â â â â â â â â â â â â â â â â â                 |  80% of 109.7 MiB
prepare	Setup Environment	2026-02-08T00:34:13.8598790Z |â â â â â â â â â â â â â â â â â â â â â â â â â â â â â â â â â â â â â â â â â â â â â â â â â â â â â â â â â â â â â â â â â â â â â â â â         |  90% of 109.7 MiB
prepare	Setup Environment	2026-02-08T00:34:13.9298606Z |â â â â â â â â â â â â â â â â â â â â â â â â â â â â â â â â â â â â â â â â â â â â â â â â â â â â â â â â â â â â â â â â â â â â â â â â â â â â â â â â | 100% of 109.7 MiB
prepare	Setup Environment	2026-02-08T00:34:15.5887440Z Chromium Headless Shell 143.0.7499.4 (playwright build v1200) downloaded to /home/runner/.cache/ms-playwright/chromium_headless_shell-1200
prepare	Validate Environment Variables	ï»¿2026-02-08T00:34:15.6062405Z ##[group]Run node scripts/validate-env.mjs
prepare	Validate Environment Variables	2026-02-08T00:34:15.6062835Z [36;1mnode scripts/validate-env.mjs[0m
prepare	Validate Environment Variables	2026-02-08T00:34:15.6084018Z shell: /usr/bin/bash -e {0}
prepare	Validate Environment Variables	2026-02-08T00:34:15.6084262Z env:
prepare	Validate Environment Variables	2026-02-08T00:34:15.6084496Z   PNPM_HOME: /home/runner/setup-pnpm/node_modules/.bin
prepare	Validate Environment Variables	2026-02-08T00:34:15.6084887Z   STORE_PATH: /home/runner/setup-pnpm/node_modules/.bin/store/v10
prepare	Validate Environment Variables	2026-02-08T00:34:15.6085348Z ##[endgroup]
prepare	Validate Environment Variables	2026-02-08T00:34:15.6450933Z â All required environment variables are set
prepare	Run Prepare Stage	ï»¿2026-02-08T00:34:15.6622182Z ##[group]Run ./scripts/test-audit.sh prepare
prepare	Run Prepare Stage	2026-02-08T00:34:15.6622510Z [36;1m./scripts/test-audit.sh prepare[0m
prepare	Run Prepare Stage	2026-02-08T00:34:15.6642287Z shell: /usr/bin/bash -e {0}
prepare	Run Prepare Stage	2026-02-08T00:34:15.6642554Z env:
prepare	Run Prepare Stage	2026-02-08T00:34:15.6642787Z   PNPM_HOME: /home/runner/setup-pnpm/node_modules/.bin
prepare	Run Prepare Stage	2026-02-08T00:34:15.6643159Z   STORE_PATH: /home/runner/setup-pnpm/node_modules/.bin/store/v10
prepare	Run Prepare Stage	2026-02-08T00:34:15.6643472Z ##[endgroup]
prepare	Run Prepare Stage	2026-02-08T00:34:15.6701781Z ð Starting Test Audit (Stage: prepare)...
prepare	Run Prepare Stage	2026-02-08T00:34:15.6702537Z ââââââââââââââââââââââââââââââââââ
prepare	Run Prepare Stage	2026-02-08T00:34:15.6703439Z ð SpeakSharp Test Audit Pipeline
prepare	Run Prepare Stage	2026-02-08T00:34:15.6703959Z ââââââââââââââââââââââââââââââââââ
prepare	Run Prepare Stage	2026-02-08T00:34:15.6704480Z ð Validating environment variables...
prepare	Run Prepare Stage	2026-02-08T00:34:15.7039506Z â All required environment variables are set
prepare	Run Prepare Stage	2026-02-08T00:34:15.7164267Z â [1/6] Running Preflight Checks...
prepare	Run Prepare Stage	2026-02-08T00:34:15.7177767Z ð Running preflight checks...
prepare	Run Prepare Stage	2026-02-08T00:34:15.7178327Z â Preflight checks passed
prepare	Run Prepare Stage	2026-02-08T00:34:15.7180964Z â [1/6] Preflight Checks Passed.
prepare	Run Prepare Stage	2026-02-08T00:34:15.7181469Z â [2/6] Running Code Quality Checks...
prepare	Run Prepare Stage	2026-02-08T00:34:15.7181801Z    ð Lint...
prepare	Run Prepare Stage	2026-02-08T00:34:15.7183376Z    ð Typecheck...
prepare	Run Prepare Stage	2026-02-08T00:34:42.3916172Z    â Lint passed
prepare	Run Prepare Stage	2026-02-08T00:34:42.3917572Z    â Typecheck passed
prepare	Run Prepare Stage	2026-02-08T00:34:42.4525353Z    â ESLint disable check passed
prepare	Run Prepare Stage	2026-02-08T00:34:42.4525988Z    ð§ª Unit Tests...
prepare	Run Prepare Stage	2026-02-08T00:34:42.7043358Z 
prepare	Run Prepare Stage	2026-02-08T00:34:42.7044320Z > speaksharp@0.0.0 test:unit /home/runner/work/speaksharp/speaksharp
prepare	Run Prepare Stage	2026-02-08T00:34:42.7045368Z > echo 'NOTE: Running Unit and Component Integration tests...' && cd frontend && vitest run --coverage
prepare	Run Prepare Stage	2026-02-08T00:34:42.7045799Z 
prepare	Run Prepare Stage	2026-02-08T00:34:42.7073172Z NOTE: Running Unit and Component Integration tests...
prepare	Run Prepare Stage	2026-02-08T00:34:43.1291984Z 
prepare	Run Prepare Stage	2026-02-08T00:34:43.1296078Z [1m[46m RUN [49m[22m [36mv3.2.4 [39m[90m/home/runner/work/speaksharp/speaksharp/frontend[39m
prepare	Run Prepare Stage	2026-02-08T00:34:43.1297208Z       [2mCoverage enabled with [22m[33mv8[39m
prepare	Run Prepare Stage	2026-02-08T00:34:43.1297648Z 
prepare	Run Prepare Stage	2026-02-08T00:34:43.1298648Z [1m[43m DEPRECATED [49m[22m [33m'basic' reporter is deprecated and will be removed in Vitest v3.
prepare	Run Prepare Stage	2026-02-08T00:34:43.1299559Z Remove 'basic' from 'reporters' option. To match 'basic' reporter 100%, use configuration:
prepare	Run Prepare Stage	2026-02-08T00:34:43.1300028Z {
prepare	Run Prepare Stage	2026-02-08T00:34:43.1300233Z   "test": {
prepare	Run Prepare Stage	2026-02-08T00:34:43.1300458Z     "reporters": [
prepare	Run Prepare Stage	2026-02-08T00:34:43.1300685Z       [
prepare	Run Prepare Stage	2026-02-08T00:34:43.1300896Z         "default",
prepare	Run Prepare Stage	2026-02-08T00:34:43.1301117Z         {
prepare	Run Prepare Stage	2026-02-08T00:34:43.1301335Z           "summary": false
prepare	Run Prepare Stage	2026-02-08T00:34:43.1301573Z         }
prepare	Run Prepare Stage	2026-02-08T00:34:43.1301775Z       ]
prepare	Run Prepare Stage	2026-02-08T00:34:43.1301968Z     ]
prepare	Run Prepare Stage	2026-02-08T00:34:43.1302167Z   }
prepare	Run Prepare Stage	2026-02-08T00:34:43.1302395Z }[39m
prepare	Run Prepare Stage	2026-02-08T00:34:44.9679712Z  [32mâ[39m src/pages/__tests__/SessionPage.rendering.component.test.tsx [2m([22m[2m18 tests[22m[2m)[22m[33m 416[2mms[22m[39m
prepare	Run Prepare Stage	2026-02-08T00:34:47.2430611Z  [32mâ[39m src/pages/__tests__/SignUpPage.component.test.tsx [2m([22m[2m18 tests[22m[2m)[22m[33m 1380[2mms[22m[39m
prepare	Run Prepare Stage	2026-02-08T00:34:48.4284855Z  [32mâ[39m src/components/session/__tests__/FillerWordAnalysis.component.test.tsx [2m([22m[2m12 tests[22m[2m)[22m[33m 366[2mms[22m[39m
prepare	Run Prepare Stage	2026-02-08T00:34:49.9727071Z  [32mâ[39m tests/integration/SessionSidebar.test.tsx [2m([22m[2m8 tests[22m[2m)[22m[33m 565[2mms[22m[39m
prepare	Run Prepare Stage	2026-02-08T00:34:51.8769383Z  [32mâ[39m src/pages/__tests__/SignInPage.component.test.tsx [2m([22m[2m15 tests[22m[2m)[22m[33m 1044[2mms[22m[39m
prepare	Run Prepare Stage	2026-02-08T00:34:53.5142066Z  [32mâ[39m tests/integration/AuthPage.test.tsx [2m([22m[2m9 tests[22m[2m)[22m[33m 782[2mms[22m[39m
prepare	Run Prepare Stage	2026-02-08T00:34:54.0822850Z  [32mâ[39m src/services/__tests__/domainServices.test.ts [2m([22m[2m17 tests[22m[2m)[22m[32m 18[2mms[22m[39m
prepare	Run Prepare Stage	2026-02-08T00:34:55.0593103Z  [32mâ[39m src/pages/__tests__/SessionPage.feedback.component.test.tsx [2m([22m[2m3 tests[22m[2m)[22m[32m 88[2mms[22m[39m
prepare	Run Prepare Stage	2026-02-08T00:34:55.9728897Z  [32mâ[39m src/pages/__tests__/SessionPage.logic.component.test.tsx [2m([22m[2m4 tests[22m[2m)[22m[32m 71[2mms[22m[39m
prepare	Run Prepare Stage	2026-02-08T00:34:56.9701548Z  [32mâ[39m src/components/session/__tests__/AISuggestions.component.test.tsx [2m([22m[2m11 tests[22m[2m)[22m[32m 204[2mms[22m[39m
prepare	Run Prepare Stage	2026-02-08T00:34:58.3194538Z  [32mâ[39m src/services/transcription/modes/__tests__/CloudAssemblyAI.test.ts [2m([22m[2m6 tests[22m[2m)[22m[33m 822[2mms[22m[39m
prepare	Run Prepare Stage	2026-02-08T00:34:59.3828430Z    [33m[2mâ[22m[39m CloudAssemblyAI (Native WebSocket)[2m > [22mResilience & Backoff[2m > [22mshould reconnect with exponential backoff on error [33m 757[2mms[22m[39m
prepare	Run Prepare Stage	2026-02-08T00:34:59.3829767Z  [32mâ[39m tests/integration/UserFillerWordsManager.test.tsx [2m([22m[2m7 tests[22m[2m)[22m[32m 212[2mms[22m[39m
prepare	Run Prepare Stage	2026-02-08T00:35:00.4045465Z  [32mâ[39m src/pages/__tests__/AnalyticsPage.component.test.tsx [2m([22m[2m14 tests[22m[2m)[22m[32m 111[2mms[22m[39m
prepare	Run Prepare Stage	2026-02-08T00:35:01.2335642Z  [32mâ[39m src/hooks/useSpeechRecognition/__tests__/index.component.test.tsx [2m([22m[2m9 tests[22m[2m)[22m[32m 35[2mms[22m[39m
prepare	Run Prepare Stage	2026-02-08T00:35:02.2138400Z  [32mâ[39m src/components/__tests__/Navigation.component.test.tsx [2m([22m[2m13 tests[22m[2m)[22m[32m 180[2mms[22m[39m
prepare	Run Prepare Stage	2026-02-08T00:35:02.9665639Z  [32mâ[39m src/hooks/__tests__/useSessionLifecycle.test.tsx [2m([22m[2m2 tests[22m[2m)[22m[32m 35[2mms[22m[39m
prepare	Run Prepare Stage	2026-02-08T00:35:04.0092184Z  [32mâ[39m src/pages/__tests__/PricingPage.component.test.tsx [2m([22m[2m12 tests[22m[2m)[22m[32m 221[2mms[22m[39m
prepare	Run Prepare Stage	2026-02-08T00:35:04.6408762Z  [32mâ[39m src/services/transcription/modes/__tests__/PrivateWhisper.test.ts [2m([22m[2m5 tests[22m[2m)[22m[32m 18[2mms[22m[39m
prepare	Run Prepare Stage	2026-02-08T00:35:05.3646044Z  [32mâ[39m src/contexts/__tests__/AuthProvider.component.test.tsx [2m([22m[2m7 tests[22m[2m)[22m[32m 65[2mms[22m[39m
prepare	Run Prepare Stage	2026-02-08T00:35:05.9106718Z  [32mâ[39m tests/integration/PrivateSTT.integration.test.ts [2m([22m[2m5 tests[22m[2m)[22m[32m 17[2mms[22m[39m
prepare	Run Prepare Stage	2026-02-08T00:35:06.4707890Z  [32mâ[39m src/lib/__tests__/storage.test.ts [2m([22m[2m10 tests[22m[2m)[22m[32m 14[2mms[22m[39m
prepare	Run Prepare Stage	2026-02-08T00:35:08.0363778Z  [32mâ[39m src/pages/__tests__/SessionPage.ui.component.test.tsx [2m([22m[2m2 tests[22m[2m)[22m[32m 284[2mms[22m[39m
prepare	Run Prepare Stage	2026-02-08T00:35:08.6515595Z  [32mâ[39m src/mocks/__tests__/handlers.test.ts [2m([22m[2m9 tests[22m[2m)[22m[32m 31[2mms[22m[39m
prepare	Run Prepare Stage	2026-02-08T00:35:09.2743309Z  [32mâ[39m src/services/transcription/__tests__/TranscriptionService.test.ts [2m([22m[2m4 tests[22m[2m)[22m[32m 61[2mms[22m[39m
prepare	Run Prepare Stage	2026-02-08T00:35:10.3279096Z  [32mâ[39m src/pages/__tests__/SessionPage.timer.component.test.tsx [2m([22m[2m2 tests[22m[2m)[22m[32m 21[2mms[22m[39m
prepare	Run Prepare Stage	2026-02-08T00:35:11.6552850Z  [32mâ[39m src/components/__tests__/AnalyticsDashboard.component.test.tsx [2m([22m[2m7 tests[22m[2m)[22m[32m 296[2mms[22m[39m
prepare	Run Prepare Stage	2026-02-08T00:35:12.1666800Z  [32mâ[39m src/services/transcription/utils/__tests__/AudioProcessor.test.ts [2m([22m[2m14 tests[22m[2m)[22m[32m 7[2mms[22m[39m
prepare	Run Prepare Stage	2026-02-08T00:35:12.8438827Z  [32mâ[39m src/hooks/__tests__/useSessionMetrics.test.ts [2m([22m[2m11 tests[22m[2m)[22m[32m 23[2mms[22m[39m
prepare	Run Prepare Stage	2026-02-08T00:35:13.3504356Z  [32mâ[39m src/stores/__tests__/useSessionStore.test.ts [2m([22m[2m10 tests[22m[2m)[22m[32m 6[2mms[22m[39m
prepare	Run Prepare Stage	2026-02-08T00:35:14.7016644Z  [32mâ[39m src/lib/__tests__/pdfGenerator.test.ts [2m([22m[2m3 tests[22m[2m)[22m[32m 12[2mms[22m[39m
prepare	Run Prepare Stage	2026-02-08T00:35:15.4804644Z  [32mâ[39m src/components/session/__tests__/TranscriptPanel.component.test.tsx [2m([22m[2m9 tests[22m[2m)[22m[32m 46[2mms[22m[39m
prepare	Run Prepare Stage	2026-02-08T00:35:15.9851433Z  [32mâ[39m src/utils/__tests__/fetchWithRetry.test.ts [2m([22m[2m7 tests[22m[2m)[22m[32m 14[2mms[22m[39m
prepare	Run Prepare Stage	2026-02-08T00:35:16.7661503Z  [32mâ[39m tests/unit/fillerWordUtils.test.ts [2m([22m[2m11 tests[22m[2m)[22m[32m 54[2mms[22m[39m
prepare	Run Prepare Stage	2026-02-08T00:35:17.2808547Z  [32mâ[39m src/services/transcription/modes/__tests__/NativeBrowser.test.ts [2m([22m[2m6 tests[22m[2m)[22m[32m 9[2mms[22m[39m
prepare	Run Prepare Stage	2026-02-08T00:35:17.7745946Z  [32mâ[39m src/services/audio/__tests__/pauseDetector.test.ts [2m([22m[2m7 tests[22m[2m)[22m[32m 10[2mms[22m[39m
prepare	Run Prepare Stage	2026-02-08T00:35:18.3309348Z  [32mâ[39m src/services/transcription/__tests__/TranscriptionService.maxAttempts.test.ts [2m([22m[2m1 test[22m[2m)[22m[32m 9[2mms[22m[39m
prepare	Run Prepare Stage	2026-02-08T00:35:18.8524383Z  [32mâ[39m src/services/transcription/engines/__tests__/PrivateSTT.test.ts [2m([22m[2m4 tests[22m[2m)[22m[32m 11[2mms[22m[39m
prepare	Run Prepare Stage	2026-02-08T00:35:19.7584004Z  [32mâ[39m src/pages/__tests__/Index.component.test.tsx [2m([22m[2m5 tests[22m[2m)[22m[32m 92[2mms[22m[39m
prepare	Run Prepare Stage	2026-02-08T00:35:20.2614296Z  [32mâ[39m src/lib/__tests__/supabaseClient.test.ts [2m([22m[2m5 tests[22m[2m)[22m[32m 12[2mms[22m[39m
prepare	Run Prepare Stage	2026-02-08T00:35:20.7420595Z  [32mâ[39m src/constants/__tests__/subscriptionTiers.test.ts [2m([22m[2m19 tests[22m[2m)[22m[32m 5[2mms[22m[39m
prepare	Run Prepare Stage	2026-02-08T00:35:21.2843583Z  [32mâ[39m src/services/transcription/engines/__tests__/TransformersJSEngine.test.ts [2m([22m[2m5 tests[22m[2m)[22m[32m 7[2mms[22m[39m
prepare	Run Prepare Stage	2026-02-08T00:35:22.0236001Z  [32mâ[39m src/hooks/useSpeechRecognition/__tests__/useTranscriptionService.component.test.tsx [2m([22m[2m5 tests[22m[2m)[22m[32m 27[2mms[22m[39m
prepare	Run Prepare Stage	2026-02-08T00:35:22.7382145Z  [32mâ[39m src/hooks/__tests__/useSessionManager.component.test.tsx [2m([22m[2m4 tests[22m[2m)[22m[32m 26[2mms[22m[39m
prepare	Run Prepare Stage	2026-02-08T00:35:23.5535358Z  [32mâ[39m src/hooks/__tests__/useUserProfile.component.test.tsx [2m([22m[2m3 tests[22m[2m)[22m[32m 131[2mms[22m[39m
prepare	Run Prepare Stage	2026-02-08T00:35:24.2880950Z  [32mâ[39m src/hooks/__tests__/useGoals.test.ts [2m([22m[2m5 tests[22m[2m)[22m[32m 73[2mms[22m[39m
prepare	Run Prepare Stage	2026-02-08T00:35:25.0481526Z  [32mâ[39m src/hooks/__tests__/useAnalytics.test.ts [2m([22m[2m2 tests[22m[2m)[22m[32m 33[2mms[22m[39m
prepare	Run Prepare Stage	2026-02-08T00:35:25.7058535Z  [32mâ[39m src/hooks/__tests__/useVocalAnalysis.component.test.tsx [2m([22m[2m4 tests[22m[2m)[22m[32m 25[2mms[22m[39m
prepare	Run Prepare Stage	2026-02-08T00:35:26.6242410Z  [32mâ[39m src/hooks/useSpeechRecognition/__tests__/useFillerWords.component.test.tsx [2m([22m[2m4 tests[22m[2m)[22m[32m 25[2mms[22m[39m
prepare	Run Prepare Stage	2026-02-08T00:35:27.1351890Z  [32mâ[39m src/services/transcription/utils/__tests__/audio-processor.worker.test.ts [2m([22m[2m5 tests[22m[2m)[22m[32m 4[2mms[22m[39m
prepare	Run Prepare Stage	2026-02-08T00:35:27.6455794Z  [32mâ[39m src/services/transcription/engines/__tests__/WhisperTurboEngine.test.ts [2m([22m[2m2 tests[22m[2m)[22m[32m 5[2mms[22m[39m
prepare	Run Prepare Stage	2026-02-08T00:35:28.3241237Z  [32mâ[39m src/hooks/__tests__/useStreak.test.ts [2m([22m[2m5 tests[22m[2m)[22m[32m 24[2mms[22m[39m
prepare	Run Prepare Stage	2026-02-08T00:35:28.8301359Z  [32mâ[39m src/utils/__tests__/highlightUtils.test.ts [2m([22m[2m6 tests[22m[2m)[22m[32m 7[2mms[22m[39m
prepare	Run Prepare Stage	2026-02-08T00:35:29.6089045Z  [32mâ[39m src/components/analytics/__tests__/SessionComparisonDialog.test.tsx [2m([22m[2m2 tests[22m[2m)[22m[32m 58[2mms[22m[39m
prepare	Run Prepare Stage	2026-02-08T00:35:30.3166230Z  [32mâ[39m src/pages/__tests__/MainPage.component.test.tsx [2m([22m[2m2 tests[22m[2m)[22m[32m 27[2mms[22m[39m
prepare	Run Prepare Stage	2026-02-08T00:35:30.8093131Z  [32mâ[39m src/lib/__tests__/utils.test.ts [2m([22m[2m8 tests[22m[2m)[22m[32m 12[2mms[22m[39m
prepare	Run Prepare Stage	2026-02-08T00:35:31.7957350Z  [32mâ[39m src/components/analytics/__tests__/STTAccuracyComparison.component.test.tsx [2m([22m[2m4 tests[22m[2m)[22m[32m 42[2mms[22m[39m
prepare	Run Prepare Stage	2026-02-08T00:35:32.5847317Z  [32mâ[39m src/components/analytics/__tests__/TopFillerWords.component.test.tsx [2m([22m[2m4 tests[22m[2m)[22m[32m 37[2mms[22m[39m
prepare	Run Prepare Stage	2026-02-08T00:35:33.4166048Z  [32mâ[39m src/components/__tests__/UpgradePromptDialog.component.test.tsx [2m([22m[2m4 tests[22m[2m)[22m[32m 118[2mms[22m[39m
prepare	Run Prepare Stage	2026-02-08T00:35:34.1540121Z  [32mâ[39m src/hooks/__tests__/usePracticeHistory.component.test.tsx [2m([22m[2m2 tests[22m[2m)[22m[32m 77[2mms[22m[39m
prepare	Run Prepare Stage	2026-02-08T00:35:34.6486085Z  [32mâ[39m src/lib/__tests__/analyticsUtils.test.ts [2m([22m[2m2 tests[22m[2m)[22m[32m 16[2mms[22m[39m
prepare	Run Prepare Stage	2026-02-08T00:35:35.2998534Z  [32mâ[39m tests/unit/main.test.tsx [2m([22m[2m2 tests[22m[2m)[22m[32m 20[2mms[22m[39m
prepare	Run Prepare Stage	2026-02-08T00:35:36.1955561Z  [32mâ[39m src/components/analytics/__tests__/WeeklyActivityChart.test.tsx [2m([22m[2m3 tests[22m[2m)[22m[32m 42[2mms[22m[39m
prepare	Run Prepare Stage	2026-02-08T00:35:37.0138738Z  [32mâ[39m src/components/__tests__/ErrorBoundary.component.test.tsx [2m([22m[2m3 tests[22m[2m)[22m[32m 59[2mms[22m[39m
prepare	Run Prepare Stage	2026-02-08T00:35:37.5217413Z  [32mâ[39m src/lib/__tests__/dateUtils.test.ts [2m([22m[2m9 tests[22m[2m)[22m[32m 17[2mms[22m[39m
prepare	Run Prepare Stage	2026-02-08T00:35:38.1626511Z  [32mâ[39m src/hooks/useSpeechRecognition/__tests__/useTranscriptState.component.test.tsx [2m([22m[2m4 tests[22m[2m)[22m[32m 20[2mms[22m[39m
prepare	Run Prepare Stage	2026-02-08T00:35:38.6384181Z  [32mâ[39m src/lib/__tests__/wer.test.ts [2m([22m[2m8 tests[22m[2m)[22m[32m 4[2mms[22m[39m
prepare	Run Prepare Stage	2026-02-08T00:35:39.3964752Z  [32mâ[39m src/pages/__tests__/ConfigurationNeededPage.component.test.tsx [2m([22m[2m4 tests[22m[2m)[22m[32m 53[2mms[22m[39m
prepare	Run Prepare Stage	2026-02-08T00:35:39.8971610Z  [32mâ[39m src/hooks/useSpeechRecognition/__tests__/utils.test.ts [2m([22m[2m6 tests[22m[2m)[22m[32m 4[2mms[22m[39m
prepare	Run Prepare Stage	2026-02-08T00:35:40.6870127Z  [32mâ[39m src/pages/__tests__/DesignSystemPage.component.test.tsx [2m([22m[2m3 tests[22m[2m)[22m[32m 92[2mms[22m[39m
prepare	Run Prepare Stage	2026-02-08T00:35:42.2573865Z 
prepare	Run Prepare Stage	2026-02-08T00:35:42.2586381Z 
prepare	Run Prepare Stage	2026-02-08T00:35:42.2592269Z [2m Test Files [22m [1m[32m69 passed[39m[22m[90m (69)[39m
prepare	Run Prepare Stage	2026-02-08T00:35:42.2594173Z [2m      Tests [22m [1m[32m461 passed[39m[22m[90m (461)[39m
prepare	Run Prepare Stage	2026-02-08T00:35:42.2594842Z [2m   Start at [22m 00:34:43
prepare	Run Prepare Stage	2026-02-08T00:35:42.2598841Z [2m   Duration [22m 59.13s[2m (transform 1.46s, setup 3.39s, collect 14.56s, tests 8.75s, environment 12.06s, prepare 5.14s)[22m
prepare	Run Prepare Stage	2026-02-08T00:35:42.2599322Z 
prepare	Run Prepare Stage	2026-02-08T00:35:42.2737132Z JSON report written to /home/runner/work/speaksharp/speaksharp/frontend/unit-metrics.json
prepare	Run Prepare Stage	2026-02-08T00:35:42.2752763Z [34m % [39m[2mCoverage report from [22m[33mv8[39m
prepare	Run Prepare Stage	2026-02-08T00:35:42.2920111Z -------------------|---------|----------|---------|---------|-------------------
prepare	Run Prepare Stage	2026-02-08T00:35:42.2921025Z File               | % Stmts | % Branch | % Funcs | % Lines | Uncovered Line #s 
prepare	Run Prepare Stage	2026-02-08T00:35:42.2921534Z -------------------|---------|----------|---------|---------|-------------------
prepare	Run Prepare Stage	2026-02-08T00:35:42.2931894Z All files          |   61.77 |    75.22 |    73.8 |   61.77 |                   
prepare	Run Prepare Stage	2026-02-08T00:35:42.2932461Z  frontend          |       0 |       50 |      50 |       0 |                   
prepare	Run Prepare Stage	2026-02-08T00:35:42.2934460Z   ...ss.config.cjs |       0 |        0 |       0 |       0 | 1-6               
prepare	Run Prepare Stage	2026-02-08T00:35:42.2935731Z   ...ind.config.ts |       0 |      100 |     100 |       0 | 2-130             
prepare	Run Prepare Stage	2026-02-08T00:35:42.2936763Z  ...nd/html/assets |       0 |        0 |       0 |       0 |                   
prepare	Run Prepare Stage	2026-02-08T00:35:42.2937671Z   ...x-D_ryMEPs.js |       0 |        0 |       0 |       0 | 1-58              
prepare	Run Prepare Stage	2026-02-08T00:35:42.2938581Z  frontend/public   |       0 |        0 |       0 |       0 |                   
prepare	Run Prepare Stage	2026-02-08T00:35:42.2939344Z   ...viceWorker.js |       0 |        0 |       0 |       0 | 1-349             
prepare	Run Prepare Stage	2026-02-08T00:35:42.2939998Z   sw.js            |       0 |        0 |       0 |       0 | 1-174             
prepare	Run Prepare Stage	2026-02-08T00:35:42.2940813Z  ...d/public/audio |       0 |        0 |       0 |       0 |                   
prepare	Run Prepare Stage	2026-02-08T00:35:42.2941715Z   ...or.worklet.js |       0 |        0 |       0 |       0 | 1-69              
prepare	Run Prepare Stage	2026-02-08T00:35:42.2942748Z  frontend/src      |   18.81 |       50 |      50 |   18.81 |                   
prepare	Run Prepare Stage	2026-02-08T00:35:42.2943463Z   App.tsx          |       0 |        0 |       0 |       0 | 1-77              
prepare	Run Prepare Stage	2026-02-08T00:35:42.2944378Z   config.ts        |     100 |      100 |     100 |     100 |                   
prepare	Run Prepare Stage	2026-02-08T00:35:42.2945163Z   main.tsx         |       0 |      100 |     100 |       0 | 2-219             
prepare	Run Prepare Stage	2026-02-08T00:35:42.2945890Z  ...src/components |   66.42 |    71.65 |   54.54 |   66.42 |                   
prepare	Run Prepare Stage	2026-02-08T00:35:42.2946637Z   ...Dashboard.tsx |   74.73 |    70.23 |   34.78 |   74.73 | ...37-839,848-852 
prepare	Run Prepare Stage	2026-02-08T00:35:42.2947297Z   ...erWarning.tsx |       0 |      100 |     100 |       0 | 2-28              
prepare	Run Prepare Stage	2026-02-08T00:35:42.2947823Z   ...rBoundary.tsx |     100 |      100 |     100 |     100 |                   
prepare	Run Prepare Stage	2026-02-08T00:35:42.2948248Z   ErrorDisplay.tsx |     100 |    66.66 |     100 |     100 | 14-21             
prepare	Run Prepare Stage	2026-02-08T00:35:42.2948878Z   Navigation.tsx   |   75.32 |    77.77 |      75 |   75.32 | ...33-147,150-157 
prepare	Run Prepare Stage	2026-02-08T00:35:42.2949519Z   ...redDialog.tsx |   43.15 |       50 |      20 |   43.15 | ...1,54-81,94-110 
prepare	Run Prepare Stage	2026-02-08T00:35:42.2950100Z   ...ctedRoute.tsx |       0 |      100 |     100 |       0 | 2-40              
prepare	Run Prepare Stage	2026-02-08T00:35:42.2950657Z   ...ionStatus.tsx |       0 |      100 |     100 |       0 | 2-29              
prepare	Run Prepare Stage	2026-02-08T00:35:42.2951178Z   SideNav.tsx      |       0 |      100 |     100 |       0 | 2-57              
prepare	Run Prepare Stage	2026-02-08T00:35:42.2951687Z   ...mptDialog.tsx |   81.57 |    33.33 |     100 |   81.57 | 33-36,38-40       
prepare	Run Prepare Stage	2026-02-08T00:35:42.2952204Z  ...ents/analytics |   52.64 |    91.11 |    90.9 |   52.64 |                   
prepare	Run Prepare Stage	2026-02-08T00:35:42.2952726Z   ...alsDialog.tsx |       0 |        0 |       0 |       0 | 1-105             
prepare	Run Prepare Stage	2026-02-08T00:35:42.2953325Z   ...WordTable.tsx |       0 |      100 |     100 |       0 | 2-64              
prepare	Run Prepare Stage	2026-02-08T00:35:42.2953964Z   GoalsSection.tsx |       0 |      100 |     100 |       0 | 2-119             
prepare	Run Prepare Stage	2026-02-08T00:35:42.2954492Z   ...Indicator.tsx |   91.17 |       70 |     100 |   91.17 | 30-32             
prepare	Run Prepare Stage	2026-02-08T00:35:42.2955130Z   ...omparison.tsx |     100 |      100 |     100 |     100 |                   
prepare	Run Prepare Stage	2026-02-08T00:35:42.2955572Z   ...sonDialog.tsx |     100 |      100 |     100 |     100 |                   
prepare	Run Prepare Stage	2026-02-08T00:35:42.2955986Z   ...llerWords.tsx |     100 |      100 |     100 |     100 |                   
prepare	Run Prepare Stage	2026-02-08T00:35:42.2956404Z   TrendChart.tsx   |       0 |      100 |     100 |       0 | 2-84              
prepare	Run Prepare Stage	2026-02-08T00:35:42.2957040Z   ...vityChart.tsx |     100 |      100 |     100 |     100 |                   
prepare	Run Prepare Stage	2026-02-08T00:35:42.2957676Z  ...onents/landing |   23.57 |    71.42 |   71.42 |   23.57 |                   
prepare	Run Prepare Stage	2026-02-08T00:35:42.2958099Z   ...tsSection.tsx |     100 |      100 |     100 |     100 |                   
prepare	Run Prepare Stage	2026-02-08T00:35:42.2958509Z   CTASection.tsx   |     100 |      100 |     100 |     100 |                   
prepare	Run Prepare Stage	2026-02-08T00:35:42.2958925Z   ...esSection.tsx |       0 |      100 |     100 |       0 | 2-74              
prepare	Run Prepare Stage	2026-02-08T00:35:42.2959354Z   HeroSection.tsx  |       0 |        0 |       0 |       0 | 1-59              
prepare	Run Prepare Stage	2026-02-08T00:35:42.2959937Z   ...Dashboard.tsx |       0 |        0 |       0 |       0 | 1-165             
prepare	Run Prepare Stage	2026-02-08T00:35:42.2960556Z   ...ingFooter.tsx |       0 |      100 |     100 |       0 | 2-26              
prepare	Run Prepare Stage	2026-02-08T00:35:42.2961203Z   ...lsSection.tsx |       0 |      100 |     100 |       0 | 2-29              
prepare	Run Prepare Stage	2026-02-08T00:35:42.2961822Z  ...onents/session |   85.67 |    77.73 |   85.71 |   85.67 |                   
prepare	Run Prepare Stage	2026-02-08T00:35:42.2962252Z   ...ggestions.tsx |    97.8 |       96 |     100 |    97.8 | 70-71             
prepare	Run Prepare Stage	2026-02-08T00:35:42.2962674Z   ...ScoreCard.tsx |     100 |       50 |     100 |     100 | 31                
prepare	Run Prepare Stage	2026-02-08T00:35:42.2963280Z   ...dAnalysis.tsx |     100 |       90 |     100 |     100 | 73,90             
prepare	Run Prepare Stage	2026-02-08T00:35:42.2964086Z   ...WordsCard.tsx |     100 |    58.33 |     100 |     100 | 44-54             
prepare	Run Prepare Stage	2026-02-08T00:35:42.2964642Z   ...rdingCard.tsx |   92.96 |    80.64 |   66.66 |   92.96 | ...32-135,174-177 
prepare	Run Prepare Stage	2026-02-08T00:35:42.2965351Z   ...riptPanel.tsx |   75.47 |    81.81 |     100 |   75.47 | 50-55,57-66       
prepare	Run Prepare Stage	2026-02-08T00:35:42.2965796Z   ...ActionBar.tsx |    90.9 |    83.33 |     100 |    90.9 | 34-37             
prepare	Run Prepare Stage	2026-02-08T00:35:42.2966402Z   ...csDisplay.tsx |   97.95 |       75 |     100 |   97.95 | 15                
prepare	Run Prepare Stage	2026-02-08T00:35:42.2967019Z   ...eSkeleton.tsx |     100 |      100 |     100 |     100 |                   
prepare	Run Prepare Stage	2026-02-08T00:35:42.2967649Z   ...onSidebar.tsx |   81.27 |    70.49 |   77.77 |   81.27 | ...95-206,210-212 
prepare	Run Prepare Stage	2026-02-08T00:35:42.2968345Z   ...gRateCard.tsx |     100 |      100 |     100 |     100 |                   
prepare	Run Prepare Stage	2026-02-08T00:35:42.2969045Z   SpeakingTips.tsx |       0 |        0 |       0 |       0 | 1-62              
prepare	Run Prepare Stage	2026-02-08T00:35:42.2969639Z   ...gTipsCard.tsx |     100 |      100 |     100 |     100 |                   
prepare	Run Prepare Stage	2026-02-08T00:35:42.2970137Z   ...efulPanel.tsx |       0 |      100 |     100 |       0 | 2-35              
prepare	Run Prepare Stage	2026-02-08T00:35:42.2970649Z   ...cationBar.tsx |   89.47 |    16.66 |     100 |   89.47 | 72-77             
prepare	Run Prepare Stage	2026-02-08T00:35:42.2971180Z   ...riptPanel.tsx |      90 |    83.72 |      80 |      90 | 38-44,114-116     
prepare	Run Prepare Stage	2026-02-08T00:35:42.2971687Z   ...dsManager.tsx |   90.09 |    73.68 |   83.33 |   90.09 | ...53,55-56,97-99 
prepare	Run Prepare Stage	2026-02-08T00:35:42.2972404Z  .../components/ui |   59.96 |    81.35 |   78.57 |   59.96 |                   
prepare	Run Prepare Stage	2026-02-08T00:35:42.2972902Z   EmptyState.tsx   |   62.71 |       25 |     100 |   62.71 | 40-53,64-66,74-80 
prepare	Run Prepare Stage	2026-02-08T00:35:42.2973489Z   FadeIn.tsx       |       0 |      100 |     100 |       0 | 2-37              
prepare	Run Prepare Stage	2026-02-08T00:35:42.2974097Z   alert-dialog.tsx |     100 |      100 |     100 |     100 |                   
prepare	Run Prepare Stage	2026-02-08T00:35:42.2974611Z   alert.tsx        |     100 |      100 |     100 |     100 |                   
prepare	Run Prepare Stage	2026-02-08T00:35:42.2975119Z   ...e-variants.ts |     100 |      100 |     100 |     100 |                   
prepare	Run Prepare Stage	2026-02-08T00:35:42.2975660Z   badge.tsx        |     100 |      100 |     100 |     100 |                   
prepare	Run Prepare Stage	2026-02-08T00:35:42.2976076Z   ...n-variants.ts |     100 |      100 |     100 |     100 |                   
prepare	Run Prepare Stage	2026-02-08T00:35:42.2976670Z   button.tsx       |     100 |      100 |     100 |     100 |                   
prepare	Run Prepare Stage	2026-02-08T00:35:42.2977441Z   card.tsx         |     100 |      100 |     100 |     100 |                   
prepare	Run Prepare Stage	2026-02-08T00:35:42.2978132Z   carousel.tsx     |   91.25 |     61.9 |     100 |   91.25 | ...,88-95,210,239 
prepare	Run Prepare Stage	2026-02-08T00:35:42.2978885Z   checkbox.tsx     |     100 |      100 |     100 |     100 |                   
prepare	Run Prepare Stage	2026-02-08T00:35:42.2979579Z   dialog.tsx       |   29.41 |      100 |       0 |   29.41 | ...,88-96,103-108 
prepare	Run Prepare Stage	2026-02-08T00:35:42.2980280Z   drawer.tsx       |       0 |      100 |     100 |       0 | 3-105             
prepare	Run Prepare Stage	2026-02-08T00:35:42.2980979Z   ...down-menu.tsx |   47.82 |      100 |       0 |   47.82 | ...63-168,172-181 
prepare	Run Prepare Stage	2026-02-08T00:35:42.2981681Z   input.tsx        |     100 |      100 |     100 |     100 |                   
prepare	Run Prepare Stage	2026-02-08T00:35:42.2982372Z   label.tsx        |     100 |      100 |     100 |     100 |                   
prepare	Run Prepare Stage	2026-02-08T00:35:42.2983077Z   popover.tsx      |     100 |      100 |     100 |     100 |                   
prepare	Run Prepare Stage	2026-02-08T00:35:42.2983809Z   progress.tsx     |     100 |      100 |     100 |     100 |                   
prepare	Run Prepare Stage	2026-02-08T00:35:42.2984539Z   sheet.tsx        |       0 |      100 |     100 |       0 | 3-127             
prepare	Run Prepare Stage	2026-02-08T00:35:42.2985380Z   skeleton.tsx     |     100 |      100 |     100 |     100 |                   
prepare	Run Prepare Stage	2026-02-08T00:35:42.2986011Z   sonner.tsx       |       0 |      100 |     100 |       0 | 3-41              
prepare	Run Prepare Stage	2026-02-08T00:35:42.2986716Z   switch.tsx       |       0 |      100 |     100 |       0 | 3-27              
prepare	Run Prepare Stage	2026-02-08T00:35:42.2987625Z   toast.tsx        |       0 |      100 |     100 |       0 | 2-43              
prepare	Run Prepare Stage	2026-02-08T00:35:42.2988325Z  ...end/src/config |    40.9 |    42.85 |     100 |    40.9 |                   
prepare	Run Prepare Stage	2026-02-08T00:35:42.2989099Z   alpha-bypass.ts  |       0 |      100 |     100 |       0 | 9                 
prepare	Run Prepare Stage	2026-02-08T00:35:42.2989925Z   env.ts           |      75 |       20 |     100 |      75 | 7-10,24-25        
prepare	Run Prepare Stage	2026-02-08T00:35:42.2990368Z   test.config.ts   |       0 |      100 |     100 |       0 | 5-33              
prepare	Run Prepare Stage	2026-02-08T00:35:42.2990788Z  .../src/constants |     100 |      100 |     100 |     100 |                   
prepare	Run Prepare Stage	2026-02-08T00:35:42.2991220Z   ...ptionTiers.ts |     100 |      100 |     100 |     100 |                   
prepare	Run Prepare Stage	2026-02-08T00:35:42.2991639Z   testIds.ts       |     100 |      100 |     100 |     100 |                   
prepare	Run Prepare Stage	2026-02-08T00:35:42.2992050Z  ...d/src/contexts |   63.94 |    65.62 |      50 |   63.94 |                   
prepare	Run Prepare Stage	2026-02-08T00:35:42.2992468Z   AuthContext.tsx  |       0 |        0 |       0 |       0 | 1-13              
prepare	Run Prepare Stage	2026-02-08T00:35:42.2992896Z   AuthProvider.tsx |   64.82 |    67.74 |   66.66 |   64.82 | ...77-178,198-199 
prepare	Run Prepare Stage	2026-02-08T00:35:42.2993329Z  ...tend/src/hooks |    65.4 |    76.76 |      72 |    65.4 |                   
prepare	Run Prepare Stage	2026-02-08T00:35:42.2993751Z   useAnalytics.ts  |   82.29 |    58.33 |     100 |   82.29 | 81-82,92-106      
prepare	Run Prepare Stage	2026-02-08T00:35:42.2994177Z   ...serSupport.ts |       0 |        0 |       0 |       0 | 1-32              
prepare	Run Prepare Stage	2026-02-08T00:35:42.2994591Z   ...ifications.ts |       0 |        0 |       0 |       0 | 1-55              
prepare	Run Prepare Stage	2026-02-08T00:35:42.2994997Z   useGoals.ts      |   88.46 |    57.89 |     100 |   88.46 | ...8,82,93-94,104 
prepare	Run Prepare Stage	2026-02-08T00:35:42.2995555Z   ...iceHistory.ts |     100 |      100 |     100 |     100 |                   
prepare	Run Prepare Stage	2026-02-08T00:35:42.2995976Z   useSession.ts    |   33.33 |      100 |       0 |   33.33 | 11-19             
prepare	Run Prepare Stage	2026-02-08T00:35:42.2996398Z   ...nLifecycle.ts |   95.95 |    90.62 |     100 |   95.95 | 112-113,116-120   
prepare	Run Prepare Stage	2026-02-08T00:35:42.2996821Z   ...ionManager.ts |   60.97 |    54.54 |      75 |   60.97 | ...0,72-74,78-103 
prepare	Run Prepare Stage	2026-02-08T00:35:42.2997224Z   ...ionMetrics.ts |   95.83 |       88 |     100 |   95.83 | 39,75             
prepare	Run Prepare Stage	2026-02-08T00:35:42.2997638Z   useStreak.ts     |   95.45 |    88.88 |     100 |   95.45 | 23-24             
prepare	Run Prepare Stage	2026-02-08T00:35:42.2998065Z   useUsageLimit.ts |   10.34 |      100 |       0 |   10.34 | 30-75,81-94       
prepare	Run Prepare Stage	2026-02-08T00:35:42.2998487Z   ...illerWords.ts |    9.57 |      100 |       0 |    9.57 | 18-124            
prepare	Run Prepare Stage	2026-02-08T00:35:42.2998907Z   ...serProfile.ts |   63.79 |    66.66 |     100 |   63.79 | ...8,69-72,92-102 
prepare	Run Prepare Stage	2026-02-08T00:35:42.2999313Z   ...alAnalysis.ts |   92.45 |    92.85 |     100 |   92.45 | 23-26             
prepare	Run Prepare Stage	2026-02-08T00:35:42.2999740Z  ...echRecognition |   72.42 |    72.72 |   81.25 |   72.42 |                   
prepare	Run Prepare Stage	2026-02-08T00:35:42.3000154Z   index.ts         |   58.16 |    84.21 |      50 |   58.16 | ...84-186,198-200 
prepare	Run Prepare Stage	2026-02-08T00:35:42.3000711Z   types.ts         |     100 |      100 |     100 |     100 |                   
prepare	Run Prepare Stage	2026-02-08T00:35:42.3001112Z   ...illerWords.ts |   85.71 |    73.33 |     100 |   85.71 | 26-28,44-45,49-50 
prepare	Run Prepare Stage	2026-02-08T00:35:42.3001524Z   ...ssionTimer.ts |   63.33 |       50 |     100 |   63.33 | ...20,24-25,32-34 
prepare	Run Prepare Stage	2026-02-08T00:35:42.3001940Z   ...criptState.ts |   83.33 |    55.55 |     100 |   83.33 | 21-22,30-33       
prepare	Run Prepare Stage	2026-02-08T00:35:42.3003638Z   ...ionService.ts |   86.06 |    68.42 |      75 |   86.06 | ...27-129,161-170 
prepare	Run Prepare Stage	2026-02-08T00:35:42.3004298Z   utils.ts         |     100 |      100 |     100 |     100 |                   
prepare	Run Prepare Stage	2026-02-08T00:35:42.3004883Z  frontend/src/lib  |   37.74 |    78.34 |   76.92 |   37.74 |                   
prepare	Run Prepare Stage	2026-02-08T00:35:42.3005554Z   ...yticsUtils.ts |    89.2 |    71.64 |     100 |    89.2 | ...46-147,176-178 
prepare	Run Prepare Stage	2026-02-08T00:35:42.3006122Z   canvas.ts        |       0 |      100 |     100 |       0 | 5-21              
prepare	Run Prepare Stage	2026-02-08T00:35:42.3006943Z   dateUtils.ts     |     100 |      100 |     100 |     100 |                   
prepare	Run Prepare Stage	2026-02-08T00:35:42.3007646Z   e2e-bridge.ts    |       0 |      100 |     100 |       0 | 37-308            
prepare	Run Prepare Stage	2026-02-08T00:35:42.3008361Z   logger.ts        |   57.14 |        0 |     100 |   57.14 | 6-11              
prepare	Run Prepare Stage	2026-02-08T00:35:42.3008961Z   mockData.ts      |       0 |        0 |       0 |       0 | 1-65              
prepare	Run Prepare Stage	2026-02-08T00:35:42.3009373Z   mockSupabase.ts  |    3.12 |      100 |       0 |    3.12 | 4-69              
prepare	Run Prepare Stage	2026-02-08T00:35:42.3009796Z   pdfGenerator.ts  |   86.66 |    43.75 |     100 |   86.66 | 35-36,99-106      
prepare	Run Prepare Stage	2026-02-08T00:35:42.3010225Z   processImage.ts  |       0 |        0 |       0 |       0 | 1-22              
prepare	Run Prepare Stage	2026-02-08T00:35:42.3010899Z   rateLimiter.ts   |   26.19 |      100 |       0 |   26.19 | 34-73,79-80       
prepare	Run Prepare Stage	2026-02-08T00:35:42.3011602Z   storage.ts       |   75.96 |    85.71 |      80 |   75.96 | 68-95             
prepare	Run Prepare Stage	2026-02-08T00:35:42.3012256Z   ...baseClient.ts |     100 |      100 |     100 |     100 |                   
prepare	Run Prepare Stage	2026-02-08T00:35:42.3012747Z   theme.ts         |       0 |      100 |     100 |       0 | 3-359             
prepare	Run Prepare Stage	2026-02-08T00:35:42.3013182Z   utils.ts         |     100 |      100 |     100 |     100 |                   
prepare	Run Prepare Stage	2026-02-08T00:35:42.3013622Z   wer.ts           |     100 |      100 |     100 |     100 |                   
prepare	Run Prepare Stage	2026-02-08T00:35:42.3014115Z  ...tend/src/mocks |   65.51 |    56.52 |   83.33 |   65.51 |                   
prepare	Run Prepare Stage	2026-02-08T00:35:42.3014611Z   browser.ts       |       0 |      100 |     100 |       0 | 2-6               
prepare	Run Prepare Stage	2026-02-08T00:35:42.3015138Z   handlers.ts      |   59.37 |    44.44 |       0 |   59.37 | ...42-350,357-366 
prepare	Run Prepare Stage	2026-02-08T00:35:42.3015627Z   ...user-utils.ts |     100 |      100 |     100 |     100 |                   
prepare	Run Prepare Stage	2026-02-08T00:35:42.3016055Z  ...tend/src/pages |   87.49 |    83.24 |   69.04 |   87.49 |                   
prepare	Run Prepare Stage	2026-02-08T00:35:42.3016480Z   ...yticsPage.tsx |   87.39 |    93.93 |      80 |   87.39 | 88-102            
prepare	Run Prepare Stage	2026-02-08T00:35:42.3016917Z   AuthPage.tsx     |   74.65 |    69.35 |      60 |   74.65 | ...27-228,341-357 
prepare	Run Prepare Stage	2026-02-08T00:35:42.3017331Z   ...eededPage.tsx |     100 |      100 |      50 |     100 |                   
prepare	Run Prepare Stage	2026-02-08T00:35:42.3017747Z   ...ystemPage.tsx |     100 |      100 |     100 |     100 |                   
prepare	Run Prepare Stage	2026-02-08T00:35:42.3018161Z   Index.tsx        |   87.17 |    85.71 |     100 |   87.17 | 39-44             
prepare	Run Prepare Stage	2026-02-08T00:35:42.3018560Z   MainPage.tsx     |     100 |      100 |     100 |     100 |                   
prepare	Run Prepare Stage	2026-02-08T00:35:42.3018977Z   PricingPage.tsx  |    97.7 |     92.3 |     100 |    97.7 | 58-59             
prepare	Run Prepare Stage	2026-02-08T00:35:42.3019409Z   SessionPage.tsx  |   98.74 |    77.77 |      25 |   98.74 | 80,82             
prepare	Run Prepare Stage	2026-02-08T00:35:42.3019826Z   SignInPage.tsx   |   81.87 |    86.95 |      80 |   81.87 | 40,50-72,128-130  
prepare	Run Prepare Stage	2026-02-08T00:35:42.3020242Z   SignUpPage.tsx   |   89.55 |    95.65 |      80 |   89.55 | 52-67             
prepare	Run Prepare Stage	2026-02-08T00:35:42.3020672Z  ...d/src/services |   83.14 |    65.51 |     100 |   83.14 |                   
prepare	Run Prepare Stage	2026-02-08T00:35:42.3021087Z   ...inServices.ts |   83.14 |    65.51 |     100 |   83.14 | ...84-286,303-305 
prepare	Run Prepare Stage	2026-02-08T00:35:42.3021502Z  ...services/audio |   98.91 |    91.66 |     100 |   98.91 |                   
prepare	Run Prepare Stage	2026-02-08T00:35:42.3021918Z   pauseDetector.ts |   98.91 |    91.66 |     100 |   98.91 | 128               
prepare	Run Prepare Stage	2026-02-08T00:35:42.3022348Z  .../transcription |   78.62 |     59.7 |   76.47 |   78.62 |                   
prepare	Run Prepare Stage	2026-02-08T00:35:42.3022768Z   ...tionPolicy.ts |    90.9 |       50 |     100 |    90.9 | 123-124,132-137   
prepare	Run Prepare Stage	2026-02-08T00:35:42.3023179Z   ...ionService.ts |   75.49 |    62.26 |   71.42 |   75.49 | ...46-447,459-460 
prepare	Run Prepare Stage	2026-02-08T00:35:42.3023601Z  ...iption/engines |   69.93 |     66.1 |      64 |   69.93 |                   
prepare	Run Prepare Stage	2026-02-08T00:35:42.3024013Z   ...eSTTEngine.ts |       0 |        0 |       0 |       0 |                   
prepare	Run Prepare Stage	2026-02-08T00:35:42.3024405Z   MockEngine.ts    |      25 |      100 |       0 |      25 | ...44,48-50,53-54 
prepare	Run Prepare Stage	2026-02-08T00:35:42.3024937Z   PrivateSTT.ts    |   82.17 |    72.41 |      90 |   82.17 | ...99-200,209-210 
prepare	Run Prepare Stage	2026-02-08T00:35:42.3025500Z   ...rsJSEngine.ts |   79.71 |    70.58 |      60 |   79.71 | ...11-114,118-120 
prepare	Run Prepare Stage	2026-02-08T00:35:42.3026010Z   ...urboEngine.ts |   55.26 |    41.66 |      60 |   55.26 | ...05-108,112-114 
prepare	Run Prepare Stage	2026-02-08T00:35:42.3026410Z   index.ts         |     100 |      100 |     100 |     100 |                   
prepare	Run Prepare Stage	2026-02-08T00:35:42.3026822Z  ...cription/modes |   69.87 |       60 |   65.85 |   69.87 |                   
prepare	Run Prepare Stage	2026-02-08T00:35:42.3027233Z   ...AssemblyAI.ts |   83.17 |    61.36 |   82.35 |   83.17 | ...48,254,273-274 
prepare	Run Prepare Stage	2026-02-08T00:35:42.3027663Z   NativeBrowser.ts |   58.16 |    47.61 |   66.66 |   58.16 | ...25-227,234-235 
prepare	Run Prepare Stage	2026-02-08T00:35:42.3028085Z   ...ateWhisper.ts |   64.36 |    63.63 |      50 |   64.36 | ...15-316,319-330 
prepare	Run Prepare Stage	2026-02-08T00:35:42.3028491Z   types.ts         |   72.72 |      100 |      40 |   72.72 | 35-36,42-43,49-50 
prepare	Run Prepare Stage	2026-02-08T00:35:42.3028907Z  ...cription/utils |   43.24 |    88.09 |   68.18 |   43.24 |                   
prepare	Run Prepare Stage	2026-02-08T00:35:42.3029323Z   ...oProcessor.ts |   61.48 |       92 |   69.23 |   61.48 | 189-259           
prepare	Run Prepare Stage	2026-02-08T00:35:42.3029749Z   ...sor.worker.ts |   63.85 |    85.71 |      80 |   63.85 | 23-57             
prepare	Run Prepare Stage	2026-02-08T00:35:42.3030155Z   ...or.worklet.ts |       0 |      100 |     100 |       0 | 19-84             
prepare	Run Prepare Stage	2026-02-08T00:35:42.3030556Z   ...Utils.impl.ts |       0 |        0 |       0 |       0 | 1-89              
prepare	Run Prepare Stage	2026-02-08T00:35:42.3030959Z   audioUtils.ts    |       0 |      100 |       0 |       0 | 3-8               
prepare	Run Prepare Stage	2026-02-08T00:35:42.3031343Z   types.ts         |       0 |        0 |       0 |       0 |                   
prepare	Run Prepare Stage	2026-02-08T00:35:42.3031746Z  ...end/src/stores |     100 |      100 |     100 |     100 |                   
prepare	Run Prepare Stage	2026-02-08T00:35:42.3032163Z   ...ssionStore.ts |     100 |      100 |     100 |     100 |                   
prepare	Run Prepare Stage	2026-02-08T00:35:42.3032585Z  ...tend/src/types |       0 |        0 |       0 |       0 |                   
prepare	Run Prepare Stage	2026-02-08T00:35:42.3032986Z   analytics.ts     |       0 |        0 |       0 |       0 |                   
prepare	Run Prepare Stage	2026-02-08T00:35:42.3033366Z   session.ts       |       0 |        0 |       0 |       0 |                   
prepare	Run Prepare Stage	2026-02-08T00:35:42.3033749Z   user.ts          |       0 |        0 |       0 |       0 |                   
prepare	Run Prepare Stage	2026-02-08T00:35:42.3034137Z  ...tend/src/utils |   96.53 |    76.47 |     100 |   96.53 |                   
prepare	Run Prepare Stage	2026-02-08T00:35:42.3034552Z   ...hWithRetry.ts |   88.88 |    85.71 |     100 |   88.88 | 21-22             
prepare	Run Prepare Stage	2026-02-08T00:35:42.3035098Z   ...rWordUtils.ts |   97.61 |       60 |     100 |   97.61 | 61-62,156         
prepare	Run Prepare Stage	2026-02-08T00:35:42.3035646Z   ...lightUtils.ts |   96.55 |    96.15 |     100 |   96.55 | 85-87             
prepare	Run Prepare Stage	2026-02-08T00:35:42.3036103Z -------------------|---------|----------|---------|---------|-------------------
prepare	Run Prepare Stage	2026-02-08T00:35:42.4345530Z ##[error]Process completed with exit code 1.
prepare	Post Setup Environment	ï»¿2026-02-08T00:35:42.4437805Z Post job cleanup.
prepare	Post Setup Environment	2026-02-08T00:35:42.4466711Z Post job cleanup.
prepare	Post Setup Environment	2026-02-08T00:35:42.4970827Z Pruning is unnecessary.
prepare	Post Checkout Code	ï»¿2026-02-08T00:35:42.5057914Z Post job cleanup.
prepare	Post Checkout Code	2026-02-08T00:35:42.5967277Z [command]/usr/bin/git version
prepare	Post Checkout Code	2026-02-08T00:35:42.6007591Z git version 2.52.0
prepare	Post Checkout Code	2026-02-08T00:35:42.6053800Z Temporarily overriding HOME='/home/runner/work/_temp/3b68697c-8f14-4f57-90db-9306d7574b0a' before making global git config changes
prepare	Post Checkout Code	2026-02-08T00:35:42.6055347Z Adding repository directory to the temporary git global config as a safe directory
prepare	Post Checkout Code	2026-02-08T00:35:42.6068652Z [command]/usr/bin/git config --global --add safe.directory /home/runner/work/speaksharp/speaksharp
prepare	Post Checkout Code	2026-02-08T00:35:42.6102537Z [command]/usr/bin/git config --local --name-only --get-regexp core\.sshCommand
prepare	Post Checkout Code	2026-02-08T00:35:42.6132961Z [command]/usr/bin/git submodule foreach --recursive sh -c "git config --local --name-only --get-regexp 'core\.sshCommand' && git config --local --unset-all 'core.sshCommand' || :"
prepare	Post Checkout Code	2026-02-08T00:35:42.6319237Z [command]/usr/bin/git config --local --name-only --get-regexp http\.https\:\/\/github\.com\/\.extraheader
prepare	Post Checkout Code	2026-02-08T00:35:42.6339384Z http.https://github.com/.extraheader
prepare	Post Checkout Code	2026-02-08T00:35:42.6350918Z [command]/usr/bin/git config --local --unset-all http.https://github.com/.extraheader
prepare	Post Checkout Code	2026-02-08T00:35:42.6381809Z [command]/usr/bin/git submodule foreach --recursive sh -c "git config --local --name-only --get-regexp 'http\.https\:\/\/github\.com\/\.extraheader' && git config --local --unset-all 'http.https://github.com/.extraheader' || :"
prepare	Post Checkout Code	2026-02-08T00:35:42.6559351Z [command]/usr/bin/git config --local --name-only --get-regexp ^includeIf\.gitdir:
prepare	Post Checkout Code	2026-02-08T00:35:42.6589583Z [command]/usr/bin/git submodule foreach --recursive git config --local --show-origin --name-only --get-regexp remote.origin.url
prepare	Complete job	ï»¿2026-02-08T00:35:42.6875334Z Cleaning up orphan processes
